ARM Linker, 4.1 [Build 561] [Evaluation]

==============================================================================

Section Cross References

    system_stm32f10x.o(i.SystemCoreClockUpdate) refers to system_stm32f10x.o(.data) for .data
    system_stm32f10x.o(i.SystemInit) refers to system_stm32f10x.o(i.SetSysClockTo24) for SetSysClockTo24
    startup_stm32f10x_md_vl.o(RESET) refers to startup_stm32f10x_md_vl.o(STACK) for __initial_sp
    startup_stm32f10x_md_vl.o(RESET) refers to startup_stm32f10x_md_vl.o(.text) for Reset_Handler
    startup_stm32f10x_md_vl.o(RESET) refers to stm32f10x_it.o(i.NMI_Handler) for NMI_Handler
    startup_stm32f10x_md_vl.o(RESET) refers to stm32f10x_it.o(i.HardFault_Handler) for HardFault_Handler
    startup_stm32f10x_md_vl.o(RESET) refers to stm32f10x_it.o(i.MemManage_Handler) for MemManage_Handler
    startup_stm32f10x_md_vl.o(RESET) refers to stm32f10x_it.o(i.BusFault_Handler) for BusFault_Handler
    startup_stm32f10x_md_vl.o(RESET) refers to stm32f10x_it.o(i.UsageFault_Handler) for UsageFault_Handler
    startup_stm32f10x_md_vl.o(RESET) refers to stm32f10x_it.o(i.SVC_Handler) for SVC_Handler
    startup_stm32f10x_md_vl.o(RESET) refers to stm32f10x_it.o(i.DebugMon_Handler) for DebugMon_Handler
    startup_stm32f10x_md_vl.o(RESET) refers to stm32f10x_it.o(i.PendSV_Handler) for PendSV_Handler
    startup_stm32f10x_md_vl.o(RESET) refers to stm32f10x_it.o(i.SysTick_Handler) for SysTick_Handler
    startup_stm32f10x_md_vl.o(.text) refers to system_stm32f10x.o(i.SystemInit) for SystemInit
    startup_stm32f10x_md_vl.o(.text) refers to entry.o(.ARM.Collect$$$$00000000) for __main
    stm32f10x_pwr.o(i.PWR_DeInit) refers to stm32f10x_rcc.o(i.RCC_APB1PeriphResetCmd) for RCC_APB1PeriphResetCmd
    stm32f10x_rcc.o(i.RCC_GetClocksFreq) refers to stm32f10x_rcc.o(.data) for .data
    stm32f10x_rcc.o(i.RCC_WaitForHSEStartUp) refers to stm32f10x_rcc.o(i.RCC_GetFlagStatus) for RCC_GetFlagStatus
    stm32f10x_gpio.o(i.GPIO_AFIODeInit) refers to stm32f10x_rcc.o(i.RCC_APB2PeriphResetCmd) for RCC_APB2PeriphResetCmd
    stm32f10x_gpio.o(i.GPIO_DeInit) refers to stm32f10x_rcc.o(i.RCC_APB2PeriphResetCmd) for RCC_APB2PeriphResetCmd
    stm32vldiscovery.o(i.STM32vldiscovery_LEDInit) refers to stm32f10x_rcc.o(i.RCC_APB2PeriphClockCmd) for RCC_APB2PeriphClockCmd
    stm32vldiscovery.o(i.STM32vldiscovery_LEDInit) refers to stm32f10x_gpio.o(i.GPIO_Init) for GPIO_Init
    stm32vldiscovery.o(i.STM32vldiscovery_LEDInit) refers to stm32vldiscovery.o(.constdata) for .constdata
    stm32vldiscovery.o(i.STM32vldiscovery_LEDInit) refers to stm32vldiscovery.o(.data) for .data
    stm32vldiscovery.o(i.STM32vldiscovery_LEDOff) refers to stm32vldiscovery.o(.constdata) for .constdata
    stm32vldiscovery.o(i.STM32vldiscovery_LEDOff) refers to stm32vldiscovery.o(.data) for .data
    stm32vldiscovery.o(i.STM32vldiscovery_LEDOn) refers to stm32vldiscovery.o(.constdata) for .constdata
    stm32vldiscovery.o(i.STM32vldiscovery_LEDOn) refers to stm32vldiscovery.o(.data) for .data
    stm32vldiscovery.o(i.STM32vldiscovery_LEDToggle) refers to stm32vldiscovery.o(.data) for .data
    stm32vldiscovery.o(i.STM32vldiscovery_LEDToggle) refers to stm32vldiscovery.o(.constdata) for .constdata
    stm32vldiscovery.o(i.STM32vldiscovery_PBGetState) refers to stm32f10x_gpio.o(i.GPIO_ReadInputDataBit) for GPIO_ReadInputDataBit
    stm32vldiscovery.o(i.STM32vldiscovery_PBGetState) refers to stm32vldiscovery.o(.constdata) for .constdata
    stm32vldiscovery.o(i.STM32vldiscovery_PBGetState) refers to stm32vldiscovery.o(.data) for .data
    stm32vldiscovery.o(i.STM32vldiscovery_PBInit) refers to stm32f10x_rcc.o(i.RCC_APB2PeriphClockCmd) for RCC_APB2PeriphClockCmd
    stm32vldiscovery.o(i.STM32vldiscovery_PBInit) refers to stm32f10x_gpio.o(i.GPIO_Init) for GPIO_Init
    stm32vldiscovery.o(i.STM32vldiscovery_PBInit) refers to stm32f10x_gpio.o(i.GPIO_EXTILineConfig) for GPIO_EXTILineConfig
    stm32vldiscovery.o(i.STM32vldiscovery_PBInit) refers to stm32f10x_exti.o(i.EXTI_Init) for EXTI_Init
    stm32vldiscovery.o(i.STM32vldiscovery_PBInit) refers to misc.o(i.NVIC_Init) for NVIC_Init
    stm32vldiscovery.o(i.STM32vldiscovery_PBInit) refers to stm32vldiscovery.o(.constdata) for .constdata
    stm32vldiscovery.o(i.STM32vldiscovery_PBInit) refers to stm32vldiscovery.o(.data) for .data
    stm32f10x_it.o(i.SysTick_Handler) refers to main.o(i.TimingDelay_Decrement) for TimingDelay_Decrement
    main.o(i.Delay) refers to main.o(.data) for .data
    main.o(i.TimingDelay_Decrement) refers to main.o(.data) for .data
    main.o(i.main) refers to stm32f10x_rcc.o(i.RCC_APB1PeriphClockCmd) for RCC_APB1PeriphClockCmd
    main.o(i.main) refers to stm32vldiscovery.o(i.STM32vldiscovery_LEDInit) for STM32vldiscovery_LEDInit
    main.o(i.main) refers to stm32vldiscovery.o(i.STM32vldiscovery_LEDOff) for STM32vldiscovery_LEDOff
    main.o(i.main) refers to stm32vldiscovery.o(i.STM32vldiscovery_PBInit) for STM32vldiscovery_PBInit
    main.o(i.main) refers to stm32vldiscovery.o(i.STM32vldiscovery_PBGetState) for STM32vldiscovery_PBGetState
    main.o(i.main) refers to stm32vldiscovery.o(i.STM32vldiscovery_LEDOn) for STM32vldiscovery_LEDOn
    main.o(i.main) refers to system_stm32f10x.o(.data) for SystemCoreClock
    entry.o(.ARM.Collect$$$$00000000) refers (Special) to entry7.o(.ARM.Collect$$$$00000007) for _main_init
    entry.o(.ARM.Collect$$$$00000000) refers (Special) to entry5.o(.ARM.Collect$$$$00000004) for _main_scatterload
    entry.o(.ARM.Collect$$$$00000000) refers (Special) to entry2.o(.ARM.Collect$$$$00000001) for _main_stk
    entry2.o(.ARM.Collect$$$$00000001) refers to entry2.o(.ARM.Collect$$$$00002712) for __lit__00000000
    entry2.o(.ARM.Collect$$$$00002712) refers to startup_stm32f10x_md_vl.o(STACK) for __initial_sp
    entry2.o(__vectab_stack_and_reset_area) refers to startup_stm32f10x_md_vl.o(STACK) for __initial_sp
    entry2.o(__vectab_stack_and_reset_area) refers to entry.o(.ARM.Collect$$$$00000000) for __main
    entry5.o(.ARM.Collect$$$$00000004) refers to init.o(.text) for __scatterload
    entry7.o(.ARM.Collect$$$$00000007) refers to main.o(i.main) for main
    init.o(.text) refers to entry5.o(.ARM.Collect$$$$00000004) for __main_after_scatterload


==============================================================================

Removing Unused input sections from the image.

    Removing system_stm32f10x.o(i.SystemCoreClockUpdate), (108 bytes).
    Removing core_cm3.o(.emb_text), (32 bytes).
    Removing startup_stm32f10x_md_vl.o(HEAP), (512 bytes).
    Removing stm32f10x_pwr.o(i.PWR_BackupAccessCmd), (12 bytes).
    Removing stm32f10x_pwr.o(i.PWR_ClearFlag), (16 bytes).
    Removing stm32f10x_pwr.o(i.PWR_DeInit), (24 bytes).
    Removing stm32f10x_pwr.o(i.PWR_EnterSTANDBYMode), (40 bytes).
    Removing stm32f10x_pwr.o(i.PWR_EnterSTOPMode), (60 bytes).
    Removing stm32f10x_pwr.o(i.PWR_GetFlagStatus), (20 bytes).
    Removing stm32f10x_pwr.o(i.PWR_PVDCmd), (12 bytes).
    Removing stm32f10x_pwr.o(i.PWR_PVDLevelConfig), (20 bytes).
    Removing stm32f10x_pwr.o(i.PWR_WakeUpPinCmd), (12 bytes).
    Removing stm32f10x_rcc.o(i.RCC_ADCCLKConfig), (20 bytes).
    Removing stm32f10x_rcc.o(i.RCC_AHBPeriphClockCmd), (24 bytes).
    Removing stm32f10x_rcc.o(i.RCC_APB1PeriphResetCmd), (24 bytes).
    Removing stm32f10x_rcc.o(i.RCC_APB2PeriphResetCmd), (24 bytes).
    Removing stm32f10x_rcc.o(i.RCC_AdjustHSICalibrationValue), (20 bytes).
    Removing stm32f10x_rcc.o(i.RCC_BackupResetCmd), (12 bytes).
    Removing stm32f10x_rcc.o(i.RCC_ClearFlag), (16 bytes).
    Removing stm32f10x_rcc.o(i.RCC_ClearITPendingBit), (12 bytes).
    Removing stm32f10x_rcc.o(i.RCC_ClockSecuritySystemCmd), (12 bytes).
    Removing stm32f10x_rcc.o(i.RCC_DeInit), (68 bytes).
    Removing stm32f10x_rcc.o(i.RCC_GetClocksFreq), (156 bytes).
    Removing stm32f10x_rcc.o(i.RCC_GetFlagStatus), (48 bytes).
    Removing stm32f10x_rcc.o(i.RCC_GetITStatus), (20 bytes).
    Removing stm32f10x_rcc.o(i.RCC_GetSYSCLKSource), (16 bytes).
    Removing stm32f10x_rcc.o(i.RCC_HCLKConfig), (20 bytes).
    Removing stm32f10x_rcc.o(i.RCC_HSEConfig), (52 bytes).
    Removing stm32f10x_rcc.o(i.RCC_HSICmd), (12 bytes).
    Removing stm32f10x_rcc.o(i.RCC_ITConfig), (24 bytes).
    Removing stm32f10x_rcc.o(i.RCC_LSEConfig), (32 bytes).
    Removing stm32f10x_rcc.o(i.RCC_LSICmd), (12 bytes).
    Removing stm32f10x_rcc.o(i.RCC_MCOConfig), (12 bytes).
    Removing stm32f10x_rcc.o(i.RCC_PCLK1Config), (20 bytes).
    Removing stm32f10x_rcc.o(i.RCC_PCLK2Config), (20 bytes).
    Removing stm32f10x_rcc.o(i.RCC_PLLCmd), (12 bytes).
    Removing stm32f10x_rcc.o(i.RCC_PLLConfig), (20 bytes).
    Removing stm32f10x_rcc.o(i.RCC_PREDIV1Config), (28 bytes).
    Removing stm32f10x_rcc.o(i.RCC_RTCCLKCmd), (12 bytes).
    Removing stm32f10x_rcc.o(i.RCC_RTCCLKConfig), (16 bytes).
    Removing stm32f10x_rcc.o(i.RCC_SYSCLKConfig), (20 bytes).
    Removing stm32f10x_rcc.o(i.RCC_USBCLKConfig), (12 bytes).
    Removing stm32f10x_rcc.o(i.RCC_WaitForHSEStartUp), (38 bytes).
    Removing stm32f10x_rcc.o(.data), (20 bytes).
    Removing misc.o(i.NVIC_PriorityGroupConfig), (20 bytes).
    Removing misc.o(i.NVIC_SetVectorTable), (20 bytes).
    Removing misc.o(i.NVIC_SystemLPConfig), (24 bytes).
    Removing misc.o(i.SysTick_CLKSourceConfig), (24 bytes).
    Removing stm32f10x_exti.o(i.EXTI_ClearFlag), (12 bytes).
    Removing stm32f10x_exti.o(i.EXTI_ClearITPendingBit), (12 bytes).
    Removing stm32f10x_exti.o(i.EXTI_DeInit), (28 bytes).
    Removing stm32f10x_exti.o(i.EXTI_GenerateSWInterrupt), (16 bytes).
    Removing stm32f10x_exti.o(i.EXTI_GetFlagStatus), (20 bytes).
    Removing stm32f10x_exti.o(i.EXTI_GetITStatus), (32 bytes).
    Removing stm32f10x_exti.o(i.EXTI_StructInit), (14 bytes).
    Removing stm32f10x_gpio.o(i.GPIO_AFIODeInit), (22 bytes).
    Removing stm32f10x_gpio.o(i.GPIO_DeInit), (180 bytes).
    Removing stm32f10x_gpio.o(i.GPIO_ETH_MediaInterfaceConfig), (12 bytes).
    Removing stm32f10x_gpio.o(i.GPIO_EventOutputCmd), (12 bytes).
    Removing stm32f10x_gpio.o(i.GPIO_EventOutputConfig), (28 bytes).
    Removing stm32f10x_gpio.o(i.GPIO_PinLockConfig), (16 bytes).
    Removing stm32f10x_gpio.o(i.GPIO_PinRemapConfig), (88 bytes).
    Removing stm32f10x_gpio.o(i.GPIO_ReadInputData), (6 bytes).
    Removing stm32f10x_gpio.o(i.GPIO_ReadOutputData), (6 bytes).
    Removing stm32f10x_gpio.o(i.GPIO_ReadOutputDataBit), (14 bytes).
    Removing stm32f10x_gpio.o(i.GPIO_ResetBits), (4 bytes).
    Removing stm32f10x_gpio.o(i.GPIO_SetBits), (4 bytes).
    Removing stm32f10x_gpio.o(i.GPIO_StructInit), (16 bytes).
    Removing stm32f10x_gpio.o(i.GPIO_Write), (4 bytes).
    Removing stm32f10x_gpio.o(i.GPIO_WriteBit), (10 bytes).
    Removing stm32vldiscovery.o(i.STM32vldiscovery_LEDToggle), (28 bytes).
    Removing main.o(i.Delay), (16 bytes).
    Removing main.o(.data), (4 bytes).
    Removing main.o(.data), (4 bytes).
    Removing main.o(.data), (4 bytes).
    Removing main.o(.data), (4 bytes).

76 unused section(s) (total 2426 bytes) removed from the image.

==============================================================================

Image Symbol Table

    Local Symbols

    Symbol Name                              Value     Ov Type        Size  Object(Section)

    ../../microlib/init/entry.s              0x00000000   Number         0  entry5.o ABSOLUTE
    ../../microlib/init/entry.s              0x00000000   Number         0  entry2.o ABSOLUTE
    ../../microlib/init/entry.s              0x00000000   Number         0  entry7.o ABSOLUTE
    ../../microlib/init/entry.s              0x00000000   Number         0  entry.o ABSOLUTE
    ..\..\..\Libraries\CMSIS\CM3\CoreSupport\core_cm3.c 0x00000000   Number         0  core_cm3.o ABSOLUTE
    ..\..\..\Libraries\CMSIS\CM3\DeviceSupport\ST\STM32F10x\startup\arm\startup_stm32f10x_md_vl.s 0x00000000   Number         0  startup_stm32f10x_md_vl.o ABSOLUTE
    ..\..\..\Libraries\CMSIS\CM3\DeviceSupport\ST\STM32F10x\system_stm32f10x.c 0x00000000   Number         0  system_stm32f10x.o ABSOLUTE
    ..\..\..\Libraries\STM32F10x_StdPeriph_Driver\src\misc.c 0x00000000   Number         0  misc.o ABSOLUTE
    ..\..\..\Libraries\STM32F10x_StdPeriph_Driver\src\stm32f10x_exti.c 0x00000000   Number         0  stm32f10x_exti.o ABSOLUTE
    ..\..\..\Libraries\STM32F10x_StdPeriph_Driver\src\stm32f10x_gpio.c 0x00000000   Number         0  stm32f10x_gpio.o ABSOLUTE
    ..\..\..\Libraries\STM32F10x_StdPeriph_Driver\src\stm32f10x_pwr.c 0x00000000   Number         0  stm32f10x_pwr.o ABSOLUTE
    ..\..\..\Libraries\STM32F10x_StdPeriph_Driver\src\stm32f10x_rcc.c 0x00000000   Number         0  stm32f10x_rcc.o ABSOLUTE
    ..\..\..\Utilities\STM32vldiscovery.c    0x00000000   Number         0  stm32vldiscovery.o ABSOLUTE
    ..\\..\\..\\Libraries\\CMSIS\\CM3\\CoreSupport\\core_cm3.c 0x00000000   Number         0  core_cm3.o ABSOLUTE
    ..\src\main.c                            0x00000000   Number         0  main.o ABSOLUTE
    ..\src\stm32f10x_it.c                    0x00000000   Number         0  stm32f10x_it.o ABSOLUTE
    dc.s                                     0x00000000   Number         0  dc.o ABSOLUTE
    handlers.s                               0x00000000   Number         0  handlers.o ABSOLUTE
    init.s                                   0x00000000   Number         0  init.o ABSOLUTE
    RESET                                    0x08000000   Section      288  startup_stm32f10x_md_vl.o(RESET)
    .ARM.Collect$$$$00000000                 0x08000120   Section        0  entry.o(.ARM.Collect$$$$00000000)
    .ARM.Collect$$$$00000001                 0x08000120   Section        4  entry2.o(.ARM.Collect$$$$00000001)
    .ARM.Collect$$$$00000004                 0x08000124   Section        4  entry5.o(.ARM.Collect$$$$00000004)
    .ARM.Collect$$$$00000007                 0x08000128   Section        8  entry7.o(.ARM.Collect$$$$00000007)
    .ARM.Collect$$$$00002712                 0x08000130   Section        4  entry2.o(.ARM.Collect$$$$00002712)
    __lit__00000000                          0x08000130   Data           4  entry2.o(.ARM.Collect$$$$00002712)
    .text                                    0x08000134   Section       36  startup_stm32f10x_md_vl.o(.text)
    .text                                    0x08000158   Section       36  init.o(.text)
    i.BusFault_Handler                       0x0800017c   Section        0  stm32f10x_it.o(i.BusFault_Handler)
    i.DebugMon_Handler                       0x0800017e   Section        0  stm32f10x_it.o(i.DebugMon_Handler)
    i.EXTI_Init                              0x08000180   Section        0  stm32f10x_exti.o(i.EXTI_Init)
    i.GPIO_EXTILineConfig                    0x08000204   Section        0  stm32f10x_gpio.o(i.GPIO_EXTILineConfig)
    i.GPIO_Init                              0x0800022c   Section        0  stm32f10x_gpio.o(i.GPIO_Init)
    i.GPIO_ReadInputDataBit                  0x080002d0   Section        0  stm32f10x_gpio.o(i.GPIO_ReadInputDataBit)
    i.HardFault_Handler                      0x080002de   Section        0  stm32f10x_it.o(i.HardFault_Handler)
    i.MemManage_Handler                      0x080002e0   Section        0  stm32f10x_it.o(i.MemManage_Handler)
    i.NMI_Handler                            0x080002e2   Section        0  stm32f10x_it.o(i.NMI_Handler)
    i.NVIC_Init                              0x080002e4   Section        0  misc.o(i.NVIC_Init)
    i.PendSV_Handler                         0x08000340   Section        0  stm32f10x_it.o(i.PendSV_Handler)
    i.RCC_APB1PeriphClockCmd                 0x08000344   Section        0  stm32f10x_rcc.o(i.RCC_APB1PeriphClockCmd)
    i.RCC_APB2PeriphClockCmd                 0x0800035c   Section        0  stm32f10x_rcc.o(i.RCC_APB2PeriphClockCmd)
    i.STM32vldiscovery_LEDInit               0x08000374   Section        0  stm32vldiscovery.o(i.STM32vldiscovery_LEDInit)
    i.STM32vldiscovery_LEDOff                0x080003b4   Section        0  stm32vldiscovery.o(i.STM32vldiscovery_LEDOff)
    i.STM32vldiscovery_LEDOn                 0x080003cc   Section        0  stm32vldiscovery.o(i.STM32vldiscovery_LEDOn)
    i.STM32vldiscovery_PBGetState            0x080003e4   Section        0  stm32vldiscovery.o(i.STM32vldiscovery_PBGetState)
    i.STM32vldiscovery_PBInit                0x080003fc   Section        0  stm32vldiscovery.o(i.STM32vldiscovery_PBInit)
    i.SVC_Handler                            0x08000498   Section        0  stm32f10x_it.o(i.SVC_Handler)
    i.SetSysClockTo24                        0x0800049c   Section        0  system_stm32f10x.o(i.SetSysClockTo24)
    SetSysClockTo24                          0x0800049d   Thumb Code   106  system_stm32f10x.o(i.SetSysClockTo24)
    i.SysTick_Handler                        0x0800050c   Section        0  stm32f10x_it.o(i.SysTick_Handler)
    i.SystemInit                             0x08000510   Section        0  system_stm32f10x.o(i.SystemInit)
    i.TimingDelay_Decrement                  0x08000554   Section        0  main.o(i.TimingDelay_Decrement)
    i.UsageFault_Handler                     0x08000568   Section        0  stm32f10x_it.o(i.UsageFault_Handler)
    i.__scatterload_copy                     0x0800056a   Section       14  handlers.o(i.__scatterload_copy)
    i.__scatterload_null                     0x08000578   Section        2  handlers.o(i.__scatterload_null)
    i.__scatterload_zeroinit                 0x0800057a   Section       14  handlers.o(i.__scatterload_zeroinit)
    i.main                                   0x08000588   Section        0  main.o(i.main)
    .constdata                               0x08000608   Section       28  stm32vldiscovery.o(.constdata)
    .data                                    0x20000000   Section       20  system_stm32f10x.o(.data)
    .data                                    0x20000014   Section       12  stm32vldiscovery.o(.data)
    .data                                    0x20000020   Section        4  main.o(.data)
    TimingDelay                              0x20000020   Data           4  main.o(.data)
    STACK                                    0x20000028   Section     1024  startup_stm32f10x_md_vl.o(STACK)

    Global Symbols

    Symbol Name                              Value     Ov Type        Size  Object(Section)

    BuildAttributes$$THM_ISAv4$P$D$K$B$S$PE$A:L22UL41UL21$X:L11$S22US41US21$IEEE1$IW$USESV6$~STKCKD$USESV7$~SHL$OSPACE$EBA8$MICROLIB$REQ8$PRES8$EABIv2 0x00000000   Number         0  anon$$obj.o ABSOLUTE
    __ARM_use_no_argv                        0x00000000   Number         0  main.o ABSOLUTE
    __decompress                              - Undefined Weak Reference
    __Vectors_Size                           0x00000120   Number         0  startup_stm32f10x_md_vl.o ABSOLUTE
    __Vectors                                0x08000000   Data           4  startup_stm32f10x_md_vl.o(RESET)
    __Vectors_End                            0x08000120   Data           0  startup_stm32f10x_md_vl.o(RESET)
    __main                                   0x08000121   Thumb Code     0  entry.o(.ARM.Collect$$$$00000000)
    _main_stk                                0x08000121   Thumb Code     0  entry2.o(.ARM.Collect$$$$00000001)
    _main_scatterload                        0x08000125   Thumb Code     0  entry5.o(.ARM.Collect$$$$00000004)
    __main_after_scatterload                 0x08000129   Thumb Code     0  entry5.o(.ARM.Collect$$$$00000004)
    _main_init                               0x08000129   Thumb Code     0  entry7.o(.ARM.Collect$$$$00000007)
    Reset_Handler                            0x08000135   Thumb Code     8  startup_stm32f10x_md_vl.o(.text)
    ADC1_IRQHandler                          0x0800014f   Thumb Code     0  startup_stm32f10x_md_vl.o(.text)
    CEC_IRQHandler                           0x0800014f   Thumb Code     0  startup_stm32f10x_md_vl.o(.text)
    DMA1_Channel1_IRQHandler                 0x0800014f   Thumb Code     0  startup_stm32f10x_md_vl.o(.text)
    DMA1_Channel2_IRQHandler                 0x0800014f   Thumb Code     0  startup_stm32f10x_md_vl.o(.text)
    DMA1_Channel3_IRQHandler                 0x0800014f   Thumb Code     0  startup_stm32f10x_md_vl.o(.text)
    DMA1_Channel4_IRQHandler                 0x0800014f   Thumb Code     0  startup_stm32f10x_md_vl.o(.text)
    DMA1_Channel5_IRQHandler                 0x0800014f   Thumb Code     0  startup_stm32f10x_md_vl.o(.text)
    DMA1_Channel6_IRQHandler                 0x0800014f   Thumb Code     0  startup_stm32f10x_md_vl.o(.text)
    DMA1_Channel7_IRQHandler                 0x0800014f   Thumb Code     0  startup_stm32f10x_md_vl.o(.text)
    EXTI0_IRQHandler                         0x0800014f   Thumb Code     0  startup_stm32f10x_md_vl.o(.text)
    EXTI15_10_IRQHandler                     0x0800014f   Thumb Code     0  startup_stm32f10x_md_vl.o(.text)
    EXTI1_IRQHandler                         0x0800014f   Thumb Code     0  startup_stm32f10x_md_vl.o(.text)
    EXTI2_IRQHandler                         0x0800014f   Thumb Code     0  startup_stm32f10x_md_vl.o(.text)
    EXTI3_IRQHandler                         0x0800014f   Thumb Code     0  startup_stm32f10x_md_vl.o(.text)
    EXTI4_IRQHandler                         0x0800014f   Thumb Code     0  startup_stm32f10x_md_vl.o(.text)
    EXTI9_5_IRQHandler                       0x0800014f   Thumb Code     0  startup_stm32f10x_md_vl.o(.text)
    FLASH_IRQHandler                         0x0800014f   Thumb Code     0  startup_stm32f10x_md_vl.o(.text)
    I2C1_ER_IRQHandler                       0x0800014f   Thumb Code     0  startup_stm32f10x_md_vl.o(.text)
    I2C1_EV_IRQHandler                       0x0800014f   Thumb Code     0  startup_stm32f10x_md_vl.o(.text)
    I2C2_ER_IRQHandler                       0x0800014f   Thumb Code     0  startup_stm32f10x_md_vl.o(.text)
    I2C2_EV_IRQHandler                       0x0800014f   Thumb Code     0  startup_stm32f10x_md_vl.o(.text)
    PVD_IRQHandler                           0x0800014f   Thumb Code     0  startup_stm32f10x_md_vl.o(.text)
    RCC_IRQHandler                           0x0800014f   Thumb Code     0  startup_stm32f10x_md_vl.o(.text)
    RTCAlarm_IRQHandler                      0x0800014f   Thumb Code     0  startup_stm32f10x_md_vl.o(.text)
    RTC_IRQHandler                           0x0800014f   Thumb Code     0  startup_stm32f10x_md_vl.o(.text)
    SPI1_IRQHandler                          0x0800014f   Thumb Code     0  startup_stm32f10x_md_vl.o(.text)
    SPI2_IRQHandler                          0x0800014f   Thumb Code     0  startup_stm32f10x_md_vl.o(.text)
    TAMPER_IRQHandler                        0x0800014f   Thumb Code     0  startup_stm32f10x_md_vl.o(.text)
    TIM1_BRK_TIM15_IRQHandler                0x0800014f   Thumb Code     0  startup_stm32f10x_md_vl.o(.text)
    TIM1_CC_IRQHandler                       0x0800014f   Thumb Code     0  startup_stm32f10x_md_vl.o(.text)
    TIM1_TRG_COM_TIM17_IRQHandler            0x0800014f   Thumb Code     0  startup_stm32f10x_md_vl.o(.text)
    TIM1_UP_TIM16_IRQHandler                 0x0800014f   Thumb Code     0  startup_stm32f10x_md_vl.o(.text)
    TIM2_IRQHandler                          0x0800014f   Thumb Code     0  startup_stm32f10x_md_vl.o(.text)
    TIM3_IRQHandler                          0x0800014f   Thumb Code     0  startup_stm32f10x_md_vl.o(.text)
    TIM4_IRQHandler                          0x0800014f   Thumb Code     0  startup_stm32f10x_md_vl.o(.text)
    TIM6_DAC_IRQHandler                      0x0800014f   Thumb Code     0  startup_stm32f10x_md_vl.o(.text)
    TIM7_IRQHandler                          0x0800014f   Thumb Code     0  startup_stm32f10x_md_vl.o(.text)
    USART1_IRQHandler                        0x0800014f   Thumb Code     0  startup_stm32f10x_md_vl.o(.text)
    USART2_IRQHandler                        0x0800014f   Thumb Code     0  startup_stm32f10x_md_vl.o(.text)
    USART3_IRQHandler                        0x0800014f   Thumb Code     0  startup_stm32f10x_md_vl.o(.text)
    WWDG_IRQHandler                          0x0800014f   Thumb Code     0  startup_stm32f10x_md_vl.o(.text)
    __scatterload                            0x08000159   Thumb Code    28  init.o(.text)
    __scatterload_rt2                        0x08000159   Thumb Code     0  init.o(.text)
    BusFault_Handler                         0x0800017d   Thumb Code     2  stm32f10x_it.o(i.BusFault_Handler)
    DebugMon_Handler                         0x0800017f   Thumb Code     2  stm32f10x_it.o(i.DebugMon_Handler)
    EXTI_Init                                0x08000181   Thumb Code   128  stm32f10x_exti.o(i.EXTI_Init)
    GPIO_EXTILineConfig                      0x08000205   Thumb Code    34  stm32f10x_gpio.o(i.GPIO_EXTILineConfig)
    GPIO_Init                                0x0800022d   Thumb Code   164  stm32f10x_gpio.o(i.GPIO_Init)
    GPIO_ReadInputDataBit                    0x080002d1   Thumb Code    14  stm32f10x_gpio.o(i.GPIO_ReadInputDataBit)
    HardFault_Handler                        0x080002df   Thumb Code     2  stm32f10x_it.o(i.HardFault_Handler)
    MemManage_Handler                        0x080002e1   Thumb Code     2  stm32f10x_it.o(i.MemManage_Handler)
    NMI_Handler                              0x080002e3   Thumb Code     2  stm32f10x_it.o(i.NMI_Handler)
    NVIC_Init                                0x080002e5   Thumb Code    92  misc.o(i.NVIC_Init)
    PendSV_Handler                           0x08000341   Thumb Code     2  stm32f10x_it.o(i.PendSV_Handler)
    RCC_APB1PeriphClockCmd                   0x08000345   Thumb Code    18  stm32f10x_rcc.o(i.RCC_APB1PeriphClockCmd)
    RCC_APB2PeriphClockCmd                   0x0800035d   Thumb Code    18  stm32f10x_rcc.o(i.RCC_APB2PeriphClockCmd)
    STM32vldiscovery_LEDInit                 0x08000375   Thumb Code    54  stm32vldiscovery.o(i.STM32vldiscovery_LEDInit)
    STM32vldiscovery_LEDOff                  0x080003b5   Thumb Code    16  stm32vldiscovery.o(i.STM32vldiscovery_LEDOff)
    STM32vldiscovery_LEDOn                   0x080003cd   Thumb Code    16  stm32vldiscovery.o(i.STM32vldiscovery_LEDOn)
    STM32vldiscovery_PBGetState              0x080003e5   Thumb Code    16  stm32vldiscovery.o(i.STM32vldiscovery_PBGetState)
    STM32vldiscovery_PBInit                  0x080003fd   Thumb Code   146  stm32vldiscovery.o(i.STM32vldiscovery_PBInit)
    SVC_Handler                              0x08000499   Thumb Code     2  stm32f10x_it.o(i.SVC_Handler)
    SysTick_Handler                          0x0800050d   Thumb Code     4  stm32f10x_it.o(i.SysTick_Handler)
    SystemInit                               0x08000511   Thumb Code    56  system_stm32f10x.o(i.SystemInit)
    TimingDelay_Decrement                    0x08000555   Thumb Code    16  main.o(i.TimingDelay_Decrement)
    UsageFault_Handler                       0x08000569   Thumb Code     2  stm32f10x_it.o(i.UsageFault_Handler)
    __scatterload_copy                       0x0800056b   Thumb Code    14  handlers.o(i.__scatterload_copy)
    __scatterload_null                       0x08000579   Thumb Code     2  handlers.o(i.__scatterload_null)
    __scatterload_zeroinit                   0x0800057b   Thumb Code    14  handlers.o(i.__scatterload_zeroinit)
    main                                     0x08000589   Thumb Code   118  main.o(i.main)
    BUTTON_PIN_SOURCE                        0x08000608   Data           2  stm32vldiscovery.o(.constdata)
    BUTTON_PORT_SOURCE                       0x0800060a   Data           2  stm32vldiscovery.o(.constdata)
    BUTTON_PIN                               0x0800060c   Data           2  stm32vldiscovery.o(.constdata)
    BUTTON_EXTI_LINE                         0x0800060e   Data           2  stm32vldiscovery.o(.constdata)
    BUTTON_IRQn                              0x08000610   Data           2  stm32vldiscovery.o(.constdata)
    GPIO_PIN                                 0x08000612   Data           4  stm32vldiscovery.o(.constdata)
    BUTTON_CLK                               0x08000618   Data           4  stm32vldiscovery.o(.constdata)
    GPIO_CLK                                 0x0800061c   Data           8  stm32vldiscovery.o(.constdata)
    Region$$Table$$Base                      0x08000624   Number         0  anon$$obj.o(Region$$Table)
    Region$$Table$$Limit                     0x08000644   Number         0  anon$$obj.o(Region$$Table)
    SystemCoreClock                          0x20000000   Data           4  system_stm32f10x.o(.data)
    AHBPrescTable                            0x20000004   Data          16  system_stm32f10x.o(.data)
    BUTTON_PORT                              0x20000014   Data           4  stm32vldiscovery.o(.data)
    GPIO_PORT                                0x20000018   Data           8  stm32vldiscovery.o(.data)
    __initial_sp                             0x20000428   Data           0  startup_stm32f10x_md_vl.o(STACK)



==============================================================================

Memory Map of the image

  Image Entry point : 0x08000121

  Load Region LR_IROM1 (Base: 0x08000000, Size: 0x00000668, Max: 0x00020000, ABSOLUTE)

    Execution Region ER_IROM1 (Base: 0x08000000, Size: 0x00000644, Max: 0x00020000, ABSOLUTE)

    Base Addr    Size         Type   Attr      Idx    E Section Name        Object

    0x08000000   0x00000120   Data   RO           76    RESET               startup_stm32f10x_md_vl.o
    0x08000120   0x00000000   Code   RO          725  * .ARM.Collect$$$$00000000  mc_w.l(entry.o)
    0x08000120   0x00000004   Code   RO          728    .ARM.Collect$$$$00000001  mc_w.l(entry2.o)
    0x08000124   0x00000004   Code   RO          731    .ARM.Collect$$$$00000004  mc_w.l(entry5.o)
    0x08000128   0x00000008   Code   RO          732    .ARM.Collect$$$$00000007  mc_w.l(entry7.o)
    0x08000130   0x00000004   Code   RO          729    .ARM.Collect$$$$00002712  mc_w.l(entry2.o)
    0x08000134   0x00000024   Code   RO           77    .text               startup_stm32f10x_md_vl.o
    0x08000158   0x00000024   Code   RO          733    .text               mc_w.l(init.o)
    0x0800017c   0x00000002   Code   RO          617    i.BusFault_Handler  stm32f10x_it.o
    0x0800017e   0x00000002   Code   RO          618    i.DebugMon_Handler  stm32f10x_it.o
    0x08000180   0x00000084   Code   RO          393    i.EXTI_Init         stm32f10x_exti.o
    0x08000204   0x00000028   Code   RO          444    i.GPIO_EXTILineConfig  stm32f10x_gpio.o
    0x0800022c   0x000000a4   Code   RO          447    i.GPIO_Init         stm32f10x_gpio.o
    0x080002d0   0x0000000e   Code   RO          451    i.GPIO_ReadInputDataBit  stm32f10x_gpio.o
    0x080002de   0x00000002   Code   RO          619    i.HardFault_Handler  stm32f10x_it.o
    0x080002e0   0x00000002   Code   RO          620    i.MemManage_Handler  stm32f10x_it.o
    0x080002e2   0x00000002   Code   RO          621    i.NMI_Handler       stm32f10x_it.o
    0x080002e4   0x0000005c   Code   RO          351    i.NVIC_Init         misc.o
    0x08000340   0x00000002   Code   RO          622    i.PendSV_Handler    stm32f10x_it.o
    0x08000342   0x00000002   PAD
    0x08000344   0x00000018   Code   RO          147    i.RCC_APB1PeriphClockCmd  stm32f10x_rcc.o
    0x0800035c   0x00000018   Code   RO          149    i.RCC_APB2PeriphClockCmd  stm32f10x_rcc.o
    0x08000374   0x00000040   Code   RO          555    i.STM32vldiscovery_LEDInit  stm32vldiscovery.o
    0x080003b4   0x00000018   Code   RO          556    i.STM32vldiscovery_LEDOff  stm32vldiscovery.o
    0x080003cc   0x00000018   Code   RO          557    i.STM32vldiscovery_LEDOn  stm32vldiscovery.o
    0x080003e4   0x00000018   Code   RO          559    i.STM32vldiscovery_PBGetState  stm32vldiscovery.o
    0x080003fc   0x0000009c   Code   RO          560    i.STM32vldiscovery_PBInit  stm32vldiscovery.o
    0x08000498   0x00000002   Code   RO          623    i.SVC_Handler       stm32f10x_it.o
    0x0800049a   0x00000002   PAD
    0x0800049c   0x00000070   Code   RO            1    i.SetSysClockTo24   system_stm32f10x.o
    0x0800050c   0x00000004   Code   RO          624    i.SysTick_Handler   stm32f10x_it.o
    0x08000510   0x00000044   Code   RO            3    i.SystemInit        system_stm32f10x.o
    0x08000554   0x00000014   Code   RO          682    i.TimingDelay_Decrement  main.o
    0x08000568   0x00000002   Code   RO          625    i.UsageFault_Handler  stm32f10x_it.o
    0x0800056a   0x0000000e   Code   RO          737    i.__scatterload_copy  mc_w.l(handlers.o)
    0x08000578   0x00000002   Code   RO          738    i.__scatterload_null  mc_w.l(handlers.o)
    0x0800057a   0x0000000e   Code   RO          739    i.__scatterload_zeroinit  mc_w.l(handlers.o)
    0x08000588   0x00000080   Code   RO          683    i.main              main.o
    0x08000608   0x0000001c   Data   RO          561    .constdata          stm32vldiscovery.o
    0x08000624   0x00000020   Data   RO          735    Region$$Table       anon$$obj.o


    Execution Region RW_IRAM1 (Base: 0x20000000, Size: 0x00000428, Max: 0x00002000, ABSOLUTE)

    Base Addr    Size         Type   Attr      Idx    E Section Name        Object

    0x20000000   0x00000014   Data   RW            4    .data               system_stm32f10x.o
    0x20000014   0x0000000c   Data   RW          562    .data               stm32vldiscovery.o
    0x20000020   0x00000004   Data   RW          688    .data               main.o
    0x20000024   0x00000004   PAD
    0x20000028   0x00000400   Zero   RW           74    STACK               startup_stm32f10x_md_vl.o


==============================================================================

Image component sizes


      Code (inc. data)   RO Data    RW Data    ZI Data      Debug   Object Name

         0          0          0          0          0         32   core_cm3.o
       148         14          0          4          0     220048   main.o
        92          0          0          0          0       1124   misc.o
        36          8        288          0       1024        912   startup_stm32f10x_md_vl.o
       132          4          0          0          0       1152   stm32f10x_exti.o
       218          6          0          0          0       3334   stm32f10x_gpio.o
        20          0          0          0          0       3770   stm32f10x_it.o
        48         12          0          0          0       1266   stm32f10x_rcc.o
       292         44         28         12          0     212240   stm32vldiscovery.o
       180         18          0         20          0     221629   system_stm32f10x.o

    ----------------------------------------------------------------------
      1170        106        348         36       1028     665507   Object Totals
         0          0         32          0          0          0   (incl. Generated)
         4          0          0          0          4          1   (incl. Padding)

    ----------------------------------------------------------------------

      Code (inc. data)   RO Data    RW Data    ZI Data      Debug   Library Member Name

         0          0          0          0          0          0   entry.o
         8          4          0          0          0          0   entry2.o
         4          0          0          0          0          0   entry5.o
         8          4          0          0          0          0   entry7.o
        30          0          0          0          0          0   handlers.o
        36          8          0          0          0         68   init.o

    ----------------------------------------------------------------------
        86         16          0          0          0         68   Library Totals
         0          0          0          0          0          0   (incl. Padding)

    ----------------------------------------------------------------------

      Code (inc. data)   RO Data    RW Data    ZI Data      Debug   Library Name

        86         16          0          0          0         68   mc_w.l

    ----------------------------------------------------------------------
        86         16          0          0          0         68   Library Totals

    ----------------------------------------------------------------------

==============================================================================


      Code (inc. data)   RO Data    RW Data    ZI Data      Debug   

      1256        122        348         36       1028     664484   Grand Totals
      1256        122        348         36       1028     664484   ELF Image Totals
      1256        122        348         36          0          0   ROM Totals

==============================================================================

    Total RO  Size (Code + RO Data)                 1604 (   1.57kB)
    Total RW  Size (RW Data + ZI Data)              1064 (   1.04kB)
    Total ROM Size (Code + RO Data + RW Data)       1640 (   1.60kB)

==============================================================================

