ARM Linker, 4.1 [Build 561] [Evaluation]

==============================================================================

Section Cross References

    blinky.o(.text) refers to rt_time.o(i.os_dly_wait) for os_dly_wait
    blinky.o(.text) refers to rt_task.o(i.os_tsk_create0) for os_tsk_create0
    blinky.o(.text) refers to hal_arm.o(.emb_text) for os_sys_init0
    blinky.o(.text) refers to blinky.o(.data) for .data
    rtx_config.o(.text) refers to rtx_config.o(.text) for os_def_interrupt
    rtx_config.o(.text) refers to hal_arm.o(.emb_text) for os_clock_interrupt
    startup.o(RESET) refers to hal_arm.o(.emb_text) for SWI_Handler
    startup.o(RESET) refers to startup.o(STACK) for Stack_Top
    startup.o(RESET) refers to entry.o(.ARM.Collect$$$$00000000) for __main
    rt_task.o(i.os_block) refers to rt_list.o(i.os_put_dly) for os_put_dly
    rt_task.o(i.os_block) refers to rt_list.o(i.os_get_first) for os_get_first
    rt_task.o(i.os_block) refers to rt_task.o(.data) for .data
    rt_task.o(i.os_block) refers to rt_list.o(.bss) for os_rdy
    rt_task.o(i.os_dispatch) refers to rt_list.o(i.os_put_rdy_first) for os_put_rdy_first
    rt_task.o(i.os_dispatch) refers to rt_list.o(i.os_get_first) for os_get_first
    rt_task.o(i.os_dispatch) refers to rt_list.o(i.os_put_prio) for os_put_prio
    rt_task.o(i.os_dispatch) refers to rt_task.o(.data) for .data
    rt_task.o(i.os_dispatch) refers to rt_list.o(.bss) for os_rdy
    rt_task.o(i.os_init_context) refers to hal_arm.o(i.os_init_stack) for os_init_stack
    rt_task.o(i.os_init_context) refers to rtx_config.o(.bss) for mp_stk
    rt_task.o(i.os_sys_init1) refers to rt_membox.o(i._init_box) for _init_box
    rt_task.o(i.os_sys_init1) refers to rt_task.o(i.os_init_context) for os_init_context
    rt_task.o(i.os_sys_init1) refers to hal_arm.o(.emb_text) for os_set_env
    rt_task.o(i.os_sys_init1) refers to rtx_config.o(.text) for os_tmr_init
    rt_task.o(i.os_sys_init1) refers to rt_robin.o(i.os_init_robin) for os_init_robin
    rt_task.o(i.os_sys_init1) refers to rtx_config.o(.bss) for os_active_TCB
    rt_task.o(i.os_sys_init1) refers to rtx_config.o(.constdata) for os_maxtaskrun
    rt_task.o(i.os_sys_init1) refers to rtx_config.o(.constdata) for mp_tcb_size
    rt_task.o(i.os_sys_init1) refers to rtx_config.o(.bss) for mp_tcb
    rt_task.o(i.os_sys_init1) refers to rtx_config.o(.constdata) for os_stackinfo
    rt_task.o(i.os_sys_init1) refers to rtx_config.o(.constdata) for mp_stk_size
    rt_task.o(i.os_sys_init1) refers to rtx_config.o(.bss) for mp_stk
    rt_task.o(i.os_sys_init1) refers to rtx_config.o(.constdata) for mp_tmr_size
    rt_task.o(i.os_sys_init1) refers to rtx_config.o(.data) for m_tmr
    rt_task.o(i.os_sys_init1) refers to rt_task.o(.bss) for .bss
    rt_task.o(i.os_sys_init1) refers to rt_list.o(.bss) for os_rdy
    rt_task.o(i.os_sys_init1) refers to rt_task.o(.data) for .data
    rt_task.o(i.os_sys_init1) refers to rtx_config.o(.bss) for os_fifo
    rt_task.o(i.os_sys_init1) refers to rtx_config.o(.constdata) for os_fifo_size
    rt_task.o(i.os_sys_init1) refers to rt_task.o(i.os_tsk_create0) for os_tsk_create0
    rt_task.o(i.os_tsk_create0) refers to rt_task.o(i.os_init_context) for os_init_context
    rt_task.o(i.os_tsk_create0) refers to rtx_config.o(.text) for tsk_unlock
    rt_task.o(i.os_tsk_create0) refers to rt_task.o(i.os_dispatch) for os_dispatch
    rt_task.o(i.os_tsk_create0) refers to rtx_config.o(.bss) for mp_tcb
    rt_task.o(i.os_tsk_create0) refers to rtx_config.o(.bss) for os_active_TCB
    rt_task.o(i.os_tsk_create0) refers to rtx_config.o(.constdata) for os_maxtaskrun
    rt_task.o(i.os_tsk_create_ex0) refers to rt_task.o(i.os_tsk_create0) for os_tsk_create0
    rt_task.o(i.os_tsk_delete) refers to rt_task.o(i.os_dispatch) for os_dispatch
    rt_task.o(i.os_tsk_delete) refers to rt_list.o(i.os_rmv_list) for os_rmv_list
    rt_task.o(i.os_tsk_delete) refers to rt_list.o(i.os_rmv_dly) for os_rmv_dly
    rt_task.o(i.os_tsk_delete) refers to rtx_config.o(.text) for tsk_unlock
    rt_task.o(i.os_tsk_delete) refers to rt_task.o(.data) for .data
    rt_task.o(i.os_tsk_delete) refers to rtx_config.o(.bss) for os_active_TCB
    rt_task.o(i.os_tsk_delete) refers to rtx_config.o(.bss) for mp_stk
    rt_task.o(i.os_tsk_delete) refers to rtx_config.o(.bss) for mp_tcb
    rt_task.o(i.os_tsk_delete) refers to rtx_config.o(.constdata) for os_maxtaskrun
    rt_task.o(i.os_tsk_pass) refers to rt_list.o(i.os_get_same_rdy_prio) for os_get_same_rdy_prio
    rt_task.o(i.os_tsk_pass) refers to rt_list.o(i.os_put_prio) for os_put_prio
    rt_task.o(i.os_tsk_pass) refers to rtx_config.o(.text) for tsk_unlock
    rt_task.o(i.os_tsk_pass) refers to rt_task.o(.data) for .data
    rt_task.o(i.os_tsk_pass) refers to rt_list.o(.bss) for os_rdy
    rt_task.o(i.os_tsk_prio) refers to rt_list.o(i.os_put_prio) for os_put_prio
    rt_task.o(i.os_tsk_prio) refers to rtx_config.o(.text) for tsk_unlock
    rt_task.o(i.os_tsk_prio) refers to rt_list.o(i.os_resort_prio) for os_resort_prio
    rt_task.o(i.os_tsk_prio) refers to rt_list.o(i.os_get_first) for os_get_first
    rt_task.o(i.os_tsk_prio) refers to rt_task.o(i.os_dispatch) for os_dispatch
    rt_task.o(i.os_tsk_prio) refers to rt_task.o(.data) for .data
    rt_task.o(i.os_tsk_prio) refers to rtx_config.o(.constdata) for os_maxtaskrun
    rt_task.o(i.os_tsk_prio) refers to rtx_config.o(.bss) for os_active_TCB
    rt_task.o(i.os_tsk_prio) refers to rt_list.o(.bss) for os_rdy
    rt_task.o(i.os_tsk_self) refers to rt_task.o(.data) for .data
    rt_time.o(i.os_dly_wait) refers to rt_task.o(i.os_block) for os_block
    rt_time.o(i.os_dly_wait) refers to rtx_config.o(.text) for tsk_unlock
    rt_time.o(i.os_itv_set) refers to rt_task.o(.data) for os_runtask
    rt_time.o(i.os_itv_set) refers to rt_time.o(.data) for .data
    rt_time.o(i.os_itv_wait) refers to rt_task.o(i.os_block) for os_block
    rt_time.o(i.os_itv_wait) refers to rtx_config.o(.text) for tsk_unlock
    rt_time.o(i.os_itv_wait) refers to rt_task.o(.data) for os_runtask
    rt_time.o(i.os_itv_wait) refers to rt_time.o(.data) for .data
    hal_arm.o(.emb_text) refers to hal_arm.o(.data) for sys_stktop
    hal_arm.o(.emb_text) refers to rt_task.o(i.os_sys_init1) for os_sys_init1
    hal_arm.o(.emb_text) refers to rtx_config.o(.text) for os_irq_ack_lock
    hal_arm.o(.emb_text) refers to rt_system.o(.data) for os_psh
    hal_arm.o(.emb_text) refers to rt_system.o(i.os_sys_manager) for os_sys_manager
    hal_arm.o(.emb_text) refers to swi_table.o(SWI_TABLE) for SWI_Table
    hal_arm.o(i.__SWI_0) refers to hal_arm.o(i.os_stk_check) for os_stk_check
    hal_arm.o(i.__SWI_0) refers to rtx_config.o(.text) for tsk_unlock
    hal_arm.o(i.__SWI_0) refers to hal_arm.o(.emb_text) for os_switch_tasks_ret
    hal_arm.o(i.__SWI_0) refers to rt_task.o(.data) for os_runtask
    hal_arm.o(i.os_init_stack) refers to rtx_config.o(.constdata) for os_stackinfo
    hal_arm.o(i.os_stk_check) refers to rtx_config.o(.text) for os_error
    hal_arm.o(i.os_stk_check) refers to rt_task.o(.data) for os_runtask
    rt_system.o(i.os_psh_req) refers to rtx_config.o(.text) for os_tmr_inspect_ovf
    rt_system.o(i.os_psh_req) refers to rt_system.o(.data) for .data
    rt_system.o(i.os_sys_manager) refers to rt_list.o(i.os_put_rdy_first) for os_put_rdy_first
    rt_system.o(i.os_sys_manager) refers to rtx_config.o(.text) for os_tmr_inspect_cnt
    rt_system.o(i.os_sys_manager) refers to rt_robin.o(i.os_chk_robin) for os_chk_robin
    rt_system.o(i.os_sys_manager) refers to rt_list.o(i.os_dec_dly) for os_dec_dly
    rt_system.o(i.os_sys_manager) refers to rt_semaphore.o(i.os_sem_psh) for os_sem_psh
    rt_system.o(i.os_sys_manager) refers to hal_arm.o(.emb_text) for _dec_qc
    rt_system.o(i.os_sys_manager) refers to rt_event.o(i.os_evt_psh) for os_evt_psh
    rt_system.o(i.os_sys_manager) refers to rt_mailbox.o(i.os_mbx_psh) for os_mbx_psh
    rt_system.o(i.os_sys_manager) refers to rt_timer.o(i.os_tmr_tick) for os_tmr_tick
    rt_system.o(i.os_sys_manager) refers to hal_arm.o(i.os_stk_check) for os_stk_check
    rt_system.o(i.os_sys_manager) refers to rt_list.o(i.os_get_first) for os_get_first
    rt_system.o(i.os_sys_manager) refers to rt_task.o(.data) for os_runtask
    rt_system.o(i.os_sys_manager) refers to rt_system.o(.data) for .data
    rt_system.o(i.os_sys_manager) refers to rt_time.o(.data) for os_time
    rt_system.o(i.os_sys_manager) refers to rtx_config.o(.bss) for os_fifo
    rt_system.o(i.os_sys_manager) refers to rt_list.o(.bss) for os_rdy
    rt_list.o(i.os_dec_dly) refers to rt_list.o(i.os_put_prio) for os_put_prio
    rt_list.o(i.os_dec_dly) refers to rt_list.o(.bss) for .bss
    rt_list.o(i.os_dec_dly) refers to rt_time.o(.data) for os_time
    rt_list.o(i.os_get_same_rdy_prio) refers to rt_list.o(.bss) for .bss
    rt_list.o(i.os_get_same_rdy_prio) refers to rt_task.o(.data) for os_runtask
    rt_list.o(i.os_psq_enq) refers to hal_arm.o(.emb_text) for _inc_qi
    rt_list.o(i.os_psq_enq) refers to rtx_config.o(.text) for os_error
    rt_list.o(i.os_psq_enq) refers to rtx_config.o(.bss) for os_fifo
    rt_list.o(i.os_put_dly) refers to rt_list.o(.bss) for .bss
    rt_list.o(i.os_put_rdy_first) refers to rt_list.o(.bss) for .bss
    rt_list.o(i.os_resort_prio) refers to rt_list.o(i.os_rmv_list) for os_rmv_list
    rt_list.o(i.os_resort_prio) refers to rt_list.o(i.os_put_prio) for os_put_prio
    rt_list.o(i.os_resort_prio) refers to rt_list.o(.bss) for .bss
    rt_list.o(i.os_rmv_list) refers to rt_list.o(.bss) for .bss
    rt_robin.o(i.os_chk_robin) refers to rt_list.o(i.os_get_first) for os_get_first
    rt_robin.o(i.os_chk_robin) refers to rt_list.o(i.os_put_prio) for os_put_prio
    rt_robin.o(i.os_chk_robin) refers to rt_robin.o(.data) for .data
    rt_robin.o(i.os_chk_robin) refers to rt_list.o(.bss) for os_rdy
    rt_robin.o(i.os_chk_robin) refers to rt_time.o(.data) for os_time
    rt_robin.o(i.os_init_robin) refers to rt_robin.o(.data) for .data
    rt_robin.o(i.os_init_robin) refers to rtx_config.o(.constdata) for os_rrobin
    swi_table.o(SWI_TABLE) refers to hal_arm.o(i.__SWI_0) for __SWI_0
    swi_table.o(SWI_TABLE) refers to rt_membox.o(i.__SWI_1) for __SWI_1
    swi_table.o(SWI_TABLE) refers to rt_membox.o(i.__SWI_2) for __SWI_2
    swi_table.o(SWI_TABLE) refers to hal_arm.o(i.__SWI_3) for __SWI_3
    swi_table.o(SWI_TABLE) refers to hal_arm.o(i.__SWI_4) for __SWI_4
    swi_table.o(SWI_TABLE) refers to rtx_config.o(.text) for __SWI_5
    swi_table.o(SWI_TABLE) refers to hal_arm.o(i.__SWI_6) for __SWI_6
    swi_table.o(SWI_TABLE) refers to hal_arm.o(i.__SWI_7) for __SWI_7
    rt_event.o(i.isr_evt_set) refers to rt_list.o(i.os_psq_enq) for os_psq_enq
    rt_event.o(i.isr_evt_set) refers to rt_system.o(i.os_psh_req) for os_psh_req
    rt_event.o(i.isr_evt_set) refers to rtx_config.o(.bss) for os_active_TCB
    rt_event.o(i.os_evt_clr) refers to rtx_config.o(.text) for tsk_unlock
    rt_event.o(i.os_evt_clr) refers to rtx_config.o(.bss) for os_active_TCB
    rt_event.o(i.os_evt_get) refers to rt_task.o(.data) for os_runtask
    rt_event.o(i.os_evt_psh) refers to rt_list.o(i.os_rmv_dly) for os_rmv_dly
    rt_event.o(i.os_evt_psh) refers to rt_list.o(i.os_put_prio) for os_put_prio
    rt_event.o(i.os_evt_psh) refers to rt_list.o(.bss) for os_rdy
    rt_event.o(i.os_evt_set) refers to rt_list.o(i.os_rmv_dly) for os_rmv_dly
    rt_event.o(i.os_evt_set) refers to rt_task.o(i.os_dispatch) for os_dispatch
    rt_event.o(i.os_evt_set) refers to rtx_config.o(.text) for tsk_unlock
    rt_event.o(i.os_evt_set) refers to rtx_config.o(.bss) for os_active_TCB
    rt_event.o(i.os_evt_wait) refers to rt_task.o(i.os_block) for os_block
    rt_event.o(i.os_evt_wait) refers to rtx_config.o(.text) for tsk_unlock
    rt_event.o(i.os_evt_wait) refers to rt_task.o(.data) for os_runtask
    rt_mailbox.o(i.isr_mbx_receive) refers to rt_list.o(i.os_psq_enq) for os_psq_enq
    rt_mailbox.o(i.isr_mbx_receive) refers to rt_system.o(i.os_psh_req) for os_psh_req
    rt_mailbox.o(i.isr_mbx_send) refers to rt_list.o(i.os_psq_enq) for os_psq_enq
    rt_mailbox.o(i.isr_mbx_send) refers to rt_system.o(i.os_psh_req) for os_psh_req
    rt_mailbox.o(i.os_mbx_init) refers to rtx_config.o(.text) for tsk_unlock
    rt_mailbox.o(i.os_mbx_psh) refers to rt_list.o(i.os_get_first) for os_get_first
    rt_mailbox.o(i.os_mbx_psh) refers to rt_list.o(i.os_rmv_dly) for os_rmv_dly
    rt_mailbox.o(i.os_mbx_psh) refers to rt_list.o(i.os_put_prio) for os_put_prio
    rt_mailbox.o(i.os_mbx_psh) refers to rtx_config.o(.text) for os_error
    rt_mailbox.o(i.os_mbx_psh) refers to rt_list.o(.bss) for os_rdy
    rt_mailbox.o(i.os_mbx_send) refers to rt_list.o(i.os_put_prio) for os_put_prio
    rt_mailbox.o(i.os_mbx_send) refers to rt_list.o(i.os_get_first) for os_get_first
    rt_mailbox.o(i.os_mbx_send) refers to rt_list.o(i.os_rmv_dly) for os_rmv_dly
    rt_mailbox.o(i.os_mbx_send) refers to rt_task.o(i.os_dispatch) for os_dispatch
    rt_mailbox.o(i.os_mbx_send) refers to rt_task.o(i.os_block) for os_block
    rt_mailbox.o(i.os_mbx_send) refers to rtx_config.o(.text) for tsk_unlock
    rt_mailbox.o(i.os_mbx_send) refers to rt_task.o(.data) for os_runtask
    rt_mailbox.o(i.os_mbx_wait) refers to rt_list.o(i.os_get_first) for os_get_first
    rt_mailbox.o(i.os_mbx_wait) refers to rt_list.o(i.os_rmv_dly) for os_rmv_dly
    rt_mailbox.o(i.os_mbx_wait) refers to rt_task.o(i.os_dispatch) for os_dispatch
    rt_mailbox.o(i.os_mbx_wait) refers to rtx_config.o(.text) for tsk_unlock
    rt_mailbox.o(i.os_mbx_wait) refers to rt_list.o(i.os_put_prio) for os_put_prio
    rt_mailbox.o(i.os_mbx_wait) refers to rt_task.o(i.os_block) for os_block
    rt_mailbox.o(i.os_mbx_wait) refers to rt_task.o(.data) for os_runtask
    rt_semaphore.o(i.isr_sem_send) refers to rt_list.o(i.os_psq_enq) for os_psq_enq
    rt_semaphore.o(i.isr_sem_send) refers to rt_system.o(i.os_psh_req) for os_psh_req
    rt_semaphore.o(i.os_sem_init) refers to rtx_config.o(.text) for tsk_unlock
    rt_semaphore.o(i.os_sem_psh) refers to rt_list.o(i.os_get_first) for os_get_first
    rt_semaphore.o(i.os_sem_psh) refers to rt_list.o(i.os_rmv_dly) for os_rmv_dly
    rt_semaphore.o(i.os_sem_psh) refers to rt_list.o(i.os_put_prio) for os_put_prio
    rt_semaphore.o(i.os_sem_psh) refers to rt_list.o(.bss) for os_rdy
    rt_semaphore.o(i.os_sem_send) refers to rt_list.o(i.os_get_first) for os_get_first
    rt_semaphore.o(i.os_sem_send) refers to rt_list.o(i.os_rmv_dly) for os_rmv_dly
    rt_semaphore.o(i.os_sem_send) refers to rt_task.o(i.os_dispatch) for os_dispatch
    rt_semaphore.o(i.os_sem_send) refers to rtx_config.o(.text) for tsk_unlock
    rt_semaphore.o(i.os_sem_wait) refers to rtx_config.o(.text) for tsk_unlock
    rt_semaphore.o(i.os_sem_wait) refers to rt_list.o(i.os_put_prio) for os_put_prio
    rt_semaphore.o(i.os_sem_wait) refers to rt_task.o(i.os_block) for os_block
    rt_semaphore.o(i.os_sem_wait) refers to rt_task.o(.data) for os_runtask
    rt_timer.o(i.os_tmr_create) refers to rtx_config.o(.text) for tsk_unlock
    rt_timer.o(i.os_tmr_create) refers to rtx_config.o(.data) for m_tmr
    rt_timer.o(i.os_tmr_create) refers to rt_timer.o(.data) for .data
    rt_timer.o(i.os_tmr_kill) refers to rtx_config.o(.text) for tsk_unlock
    rt_timer.o(i.os_tmr_kill) refers to rt_timer.o(.data) for .data
    rt_timer.o(i.os_tmr_kill) refers to rtx_config.o(.data) for m_tmr
    rt_timer.o(i.os_tmr_tick) refers to rtx_config.o(.text) for os_tmr_call
    rt_timer.o(i.os_tmr_tick) refers to rt_timer.o(.data) for .data
    rt_timer.o(i.os_tmr_tick) refers to rtx_config.o(.data) for m_tmr
    entry.o(.ARM.Collect$$$$00000000) refers (Special) to entry7.o(.ARM.Collect$$$$00000007) for _main_init
    entry.o(.ARM.Collect$$$$00000000) refers (Special) to entry5.o(.ARM.Collect$$$$00000004) for _main_scatterload
    entry.o(.ARM.Collect$$$$00000000) refers (Special) to entry2.o(.ARM.Collect$$$$00000001) for _main_stk
    entry2.o(.ARM.Collect$$$$00000001) refers to entry2.o(.ARM.Collect$$$$00002712) for __lit__00000000
    entry2.o(.ARM.Collect$$$$00002712) refers to startup.o(STACK) for __initial_sp
    entry5.o(.ARM.Collect$$$$00000004) refers to init.o(.text) for __scatterload
    entry7.o(.ARM.Collect$$$$00000007) refers to blinky.o(.text) for main
    init.o(.text) refers to init.o(i.__ARM_common_call_via_r3) for __ARM_common_call_via_r3
    init.o(.text) refers to entry5.o(.ARM.Collect$$$$00000004) for __main_after_scatterload


==============================================================================

Removing Unused input sections from the image.

    Removing startup.o(HEAP), (0 bytes).
    Removing rt_task.o(i.os_tsk_create_ex0), (12 bytes).
    Removing rt_task.o(i.os_tsk_delete), (168 bytes).
    Removing rt_task.o(i.os_tsk_pass), (52 bytes).
    Removing rt_task.o(i.os_tsk_prio), (136 bytes).
    Removing rt_task.o(i.os_tsk_self), (16 bytes).
    Removing rt_time.o(i.os_itv_set), (24 bytes).
    Removing rt_time.o(i.os_itv_wait), (56 bytes).
    Removing rt_system.o(.emb_text), (0 bytes).
    Removing rt_system.o(i.os_psh_req), (52 bytes).
    Removing rt_list.o(i.os_get_same_rdy_prio), (36 bytes).
    Removing rt_list.o(i.os_psq_enq), (52 bytes).
    Removing rt_list.o(i.os_resort_prio), (52 bytes).
    Removing rt_list.o(i.os_rmv_list), (52 bytes).
    Removing rt_membox.o(i._calloc_box), (32 bytes).
    Removing rt_event.o(i.isr_evt_set), (40 bytes).
    Removing rt_event.o(i.os_evt_clr), (40 bytes).
    Removing rt_event.o(i.os_evt_get), (12 bytes).
    Removing rt_event.o(i.os_evt_set), (100 bytes).
    Removing rt_event.o(i.os_evt_wait), (88 bytes).
    Removing rt_mailbox.o(i.isr_mbx_receive), (76 bytes).
    Removing rt_mailbox.o(i.isr_mbx_send), (16 bytes).
    Removing rt_mailbox.o(i.os_mbx_check), (8 bytes).
    Removing rt_mailbox.o(i.os_mbx_init), (48 bytes).
    Removing rt_mailbox.o(i.os_mbx_send), (164 bytes).
    Removing rt_mailbox.o(i.os_mbx_wait), (160 bytes).
    Removing rt_semaphore.o(i.isr_sem_send), (18 bytes).
    Removing rt_semaphore.o(i.os_sem_init), (28 bytes).
    Removing rt_semaphore.o(i.os_sem_send), (58 bytes).
    Removing rt_semaphore.o(i.os_sem_wait), (96 bytes).
    Removing rt_timer.o(i.os_tmr_create), (92 bytes).
    Removing rt_timer.o(i.os_tmr_kill), (72 bytes).

32 unused section(s) (total 1856 bytes) removed from the image.

==============================================================================

Adding Veneers to the image

    Adding AT veneer (8 bytes, Inline) for call to '__scatterload' from entry5.o(.ARM.Collect$$$$00000004).
    Adding TA veneer (8 bytes, Short) for call to '__main_after_scatterload' from init.o(.text).

2 Veneer(s) (total 16 bytes) added to the image.

==============================================================================

Image Symbol Table

    Local Symbols

    Symbol Name                              Value     Ov Type        Size  Object(Section)

    RESET                                    0x00000000   Section      260  startup.o(RESET)
    ../../microlib/init/entry.s              0x00000000   Number         0  entry7.o ABSOLUTE
    ../../microlib/init/entry.s              0x00000000   Number         0  entry5.o ABSOLUTE
    ../../microlib/init/entry.s              0x00000000   Number         0  entry2.o ABSOLUTE
    ../../microlib/init/entry.s              0x00000000   Number         0  entry.o ABSOLUTE
    Blinky.C                                 0x00000000   Number         0  blinky.o ABSOLUTE
    RTX_Config.c                             0x00000000   Number         0  rtx_config.o ABSOLUTE
    SRC\ARM\HAL_ARM.c                        0x00000000   Number         0  hal_arm.o ABSOLUTE
    SRC\ARM\SWI_Table.s                      0x00000000   Number         0  swi_table.o ABSOLUTE
    SRC\ARM\rt_Event.c                       0x00000000   Number         0  rt_event.o ABSOLUTE
    SRC\ARM\rt_List.c                        0x00000000   Number         0  rt_list.o ABSOLUTE
    SRC\ARM\rt_Mailbox.c                     0x00000000   Number         0  rt_mailbox.o ABSOLUTE
    SRC\ARM\rt_MemBox.c                      0x00000000   Number         0  rt_membox.o ABSOLUTE
    SRC\ARM\rt_Robin.c                       0x00000000   Number         0  rt_robin.o ABSOLUTE
    SRC\ARM\rt_Semaphore.c                   0x00000000   Number         0  rt_semaphore.o ABSOLUTE
    SRC\ARM\rt_System.c                      0x00000000   Number         0  rt_system.o ABSOLUTE
    SRC\ARM\rt_Task.c                        0x00000000   Number         0  rt_task.o ABSOLUTE
    SRC\ARM\rt_Time.c                        0x00000000   Number         0  rt_time.o ABSOLUTE
    SRC\ARM\rt_Timer.c                       0x00000000   Number         0  rt_timer.o ABSOLUTE
    SRC\\ARM\\HAL_ARM.c                      0x00000000   Number         0  hal_arm.o ABSOLUTE
    SRC\\ARM\\rt_System.c                    0x00000000   Number         0  rt_system.o ABSOLUTE
    Startup.s                                0x00000000   Number         0  startup.o ABSOLUTE
    dc.s                                     0x00000000   Number         0  dc.o ABSOLUTE
    handlers.s                               0x00000000   Number         0  handlers.o ABSOLUTE
    init.s                                   0x00000000   Number         0  init.o ABSOLUTE
    Undef_Handler                            0x00000040   ARM Code       4  startup.o(RESET)
    PAbt_Handler                             0x00000044   ARM Code       4  startup.o(RESET)
    DAbt_Handler                             0x00000048   ARM Code       4  startup.o(RESET)
    IRQ_Handler                              0x0000004c   ARM Code       4  startup.o(RESET)
    FIQ_Handler                              0x00000050   ARM Code       4  startup.o(RESET)
    .ARM.Collect$$$$00000000                 0x00000104   Section        0  entry.o(.ARM.Collect$$$$00000000)
    .ARM.Collect$$$$00000001                 0x00000104   Section        4  entry2.o(.ARM.Collect$$$$00000001)
    .ARM.Collect$$$$00000004                 0x00000108   Section        4  entry5.o(.ARM.Collect$$$$00000004)
    .ARM.Collect$$$$00000007                 0x0000010c   Section       12  entry7.o(.ARM.Collect$$$$00000007)
    .ARM.Collect$$$$00002712                 0x00000118   Section        4  entry2.o(.ARM.Collect$$$$00002712)
    __lit__00000000                          0x00000118   Data           4  entry2.o(.ARM.Collect$$$$00002712)
    .emb_text                                0x0000011c   Section      488  hal_arm.o(.emb_text)
    Switch_task                              0x00000280   ARM Code       0  hal_arm.o(.emb_text)
    .text                                    0x00000304   Section        0  blinky.o(.text)
    .text                                    0x000003cc   Section        0  rtx_config.o(.text)
    .text                                    0x0000044c   Section        0  rtx_config.o(.text)
    os_def_interrupt                         0x0000044c   ARM Code      20  rtx_config.o(.text)
    .text                                    0x00000468   Section       32  init.o(.text)
    SWI_TABLE                                0x00000488   Section       36  swi_table.o(SWI_TABLE)
    i.__ARM_common_call_via_r3               0x000004b4   Section        2  init.o(i.__ARM_common_call_via_r3)
    i.__SWI_0                                0x000004b8   Section        0  hal_arm.o(i.__SWI_0)
    i.__SWI_1                                0x000004e8   Section        0  rt_membox.o(i.__SWI_1)
    i.__SWI_2                                0x000004f6   Section        0  rt_membox.o(i.__SWI_2)
    i.__SWI_3                                0x0000050e   Section        0  hal_arm.o(i.__SWI_3)
    i.__SWI_4                                0x00000516   Section        0  hal_arm.o(i.__SWI_4)
    i.__SWI_6                                0x0000051e   Section        0  hal_arm.o(i.__SWI_6)
    i.__SWI_7                                0x00000520   Section        0  hal_arm.o(i.__SWI_7)
    i.__scatterload_copy                     0x00000524   Section       28  handlers.o(i.__scatterload_copy)
    i.__scatterload_null                     0x00000540   Section        4  handlers.o(i.__scatterload_null)
    i.__scatterload_zeroinit                 0x00000544   Section       24  handlers.o(i.__scatterload_zeroinit)
    i._init_box                              0x0000055c   Section        0  rt_membox.o(i._init_box)
    i.os_block                               0x000005a8   Section        0  rt_task.o(i.os_block)
    i.os_chk_robin                           0x000005f0   Section        0  rt_robin.o(i.os_chk_robin)
    i.os_dec_dly                             0x00000634   Section        0  rt_list.o(i.os_dec_dly)
    i.os_dispatch                            0x000006b0   Section        0  rt_task.o(i.os_dispatch)
    i.os_dly_wait                            0x000006f4   Section        0  rt_time.o(i.os_dly_wait)
    i.os_evt_psh                             0x0000070c   Section        0  rt_event.o(i.os_evt_psh)
    i.os_get_first                           0x0000075c   Section        0  rt_list.o(i.os_get_first)
    i.os_init_context                        0x00000788   Section        0  rt_task.o(i.os_init_context)
    os_init_context                          0x00000789   Thumb Code    66  rt_task.o(i.os_init_context)
    i.os_init_robin                          0x000007d0   Section        0  rt_robin.o(i.os_init_robin)
    i.os_init_stack                          0x000007e8   Section        0  hal_arm.o(i.os_init_stack)
    i.os_mbx_psh                             0x0000084c   Section        0  rt_mailbox.o(i.os_mbx_psh)
    i.os_put_dly                             0x000008d4   Section        0  rt_list.o(i.os_put_dly)
    i.os_put_prio                            0x00000924   Section        0  rt_list.o(i.os_put_prio)
    i.os_put_rdy_first                       0x00000964   Section        0  rt_list.o(i.os_put_rdy_first)
    i.os_rmv_dly                             0x00000978   Section        0  rt_list.o(i.os_rmv_dly)
    i.os_sem_psh                             0x000009a4   Section        0  rt_semaphore.o(i.os_sem_psh)
    i.os_stk_check                           0x000009dc   Section        0  hal_arm.o(i.os_stk_check)
    i.os_sys_init1                           0x00000a08   Section        0  rt_task.o(i.os_sys_init1)
    i.os_sys_manager                         0x00000af0   Section        0  rt_system.o(i.os_sys_manager)
    i.os_tmr_tick                            0x00000bbc   Section        0  rt_timer.o(i.os_tmr_tick)
    i.os_tsk_create0                         0x00000c00   Section        0  rt_task.o(i.os_tsk_create0)
    .constdata                               0x00000c90   Section        2  rtx_config.o(.constdata)
    .constdata                               0x00000c94   Section        4  rtx_config.o(.constdata)
    .constdata                               0x00000c98   Section        4  rtx_config.o(.constdata)
    .constdata                               0x00000c9c   Section        8  rtx_config.o(.constdata)
    __tagsym$$used                           0x00000c9c   Number         0  rtx_config.o(.constdata)
    __tagsym$$used                           0x00000ca0   Number         0  rtx_config.o(.constdata)
    .constdata                               0x00000ca4   Section        2  rtx_config.o(.constdata)
    .constdata                               0x00000ca8   Section        4  rtx_config.o(.constdata)
    .constdata                               0x00000cac   Section        1  rtx_config.o(.constdata)
    .constdata                               0x00000cae   Section        2  rtx_config.o(.constdata)
    .data                                    0x40000000   Section        8  blinky.o(.data)
    .data                                    0x40000008   Section        4  rtx_config.o(.data)
    .data                                    0x4000000c   Section        4  rt_task.o(.data)
    .data                                    0x40000010   Section        2  rt_time.o(.data)
    .data                                    0x40000014   Section        4  hal_arm.o(.data)
    .data                                    0x40000018   Section        8  rt_system.o(.data)
    .data                                    0x40000020   Section        8  rt_robin.o(.data)
    .data                                    0x40000028   Section        8  rt_timer.o(.data)
    .bss                                     0x40000030   Section      300  rtx_config.o(.bss)
    .bss                                     0x40000160   Section     1416  rtx_config.o(.bss)
    .bss                                     0x400006e8   Section      132  rtx_config.o(.bss)
    .bss                                     0x4000076c   Section       24  rtx_config.o(.bss)
    .bss                                     0x40000784   Section       48  rt_task.o(.bss)
    .bss                                     0x400007b4   Section       48  rt_list.o(.bss)
    STACK                                    0x400007e8   Section      176  startup.o(STACK)
    Stack_Top                                0x40000898   Data           0  startup.o(STACK)

    Global Symbols

    Symbol Name                              Value     Ov Type        Size  Object(Section)

    BuildAttributes$$THM_ISAv1$ARM_ISAv4$S$PE$A:L22$X:L11$S22$IEEE1$IW$USESV6$~STKCKD$USESV7$~SHL$OSPACE$EBA8$MICROLIB$REQ8$EABIv2 0x00000000   Number         0  anon$$obj.o ABSOLUTE
    __ARM_use_no_argv                        0x00000000   Number         0  blinky.o ABSOLUTE
    __decompress                              - Undefined Weak Reference
    os_tmr_reload                             - Undefined Weak Reference
    rt_init                                   - Undefined Weak Reference
    rt_notify                                 - Undefined Weak Reference
    rt_post_taskswitch                        - Undefined Weak Reference
    Reset_Handler                            0x00000054   ARM Code       0  startup.o(RESET)
    __main                                   0x00000104   ARM Code       0  entry.o(.ARM.Collect$$$$00000000)
    _main_stk                                0x00000104   ARM Code       0  entry2.o(.ARM.Collect$$$$00000001)
    _main_scatterload                        0x00000108   ARM Code       0  entry5.o(.ARM.Collect$$$$00000004)
    __main_after_scatterload                 0x0000010c   ARM Code       0  entry5.o(.ARM.Collect$$$$00000004)
    _main_init                               0x0000010c   ARM Code       0  entry7.o(.ARM.Collect$$$$00000007)
    _inc_qi                                  0x0000011d   Thumb Code    60  hal_arm.o(.emb_text)
    _dec_qc                                  0x00000159   Thumb Code    32  hal_arm.o(.emb_text)
    os_set_env                               0x00000179   Thumb Code     8  hal_arm.o(.emb_text)
    os_sys_init0                             0x00000181   Thumb Code    12  hal_arm.o(.emb_text)
    os_sys_run                               0x00000195   Thumb Code    16  hal_arm.o(.emb_text)
    os_clock_interrupt                       0x000001a8   ARM Code     128  hal_arm.o(.emb_text)
    os_sys_manager_ret                       0x00000215   Thumb Code     0  hal_arm.o(.emb_text)
    SWI_Handler                              0x0000023c   ARM Code     192  hal_arm.o(.emb_text)
    os_switch_tasks_ret                      0x00000279   Thumb Code     0  hal_arm.o(.emb_text)
    set_leds_on                              0x00000305   Thumb Code    20  blinky.o(.text)
    set_leds_off                             0x00000319   Thumb Code    20  blinky.o(.text)
    task2                                    0x0000032d   Thumb Code    26  blinky.o(.text)
    task1                                    0x00000347   Thumb Code    26  blinky.o(.text)
    create_all                               0x00000361   Thumb Code    32  blinky.o(.text)
    main                                     0x00000381   Thumb Code    26  blinky.o(.text)
    one_task                                 0x0000039b   Thumb Code    28  blinky.o(.text)
    os_idle_demon                            0x000003cd   Thumb Code     2  rtx_config.o(.text)
    os_tmr_call                              0x000003cf   Thumb Code     2  rtx_config.o(.text)
    os_error                                 0x000003d1   Thumb Code     2  rtx_config.o(.text)
    os_tmr_init                              0x000003d3   Thumb Code    34  rtx_config.o(.text)
    os_tmr_force_irq                         0x000003f5   Thumb Code     8  rtx_config.o(.text)
    os_tmr_inspect_cnt                       0x000003fd   Thumb Code     6  rtx_config.o(.text)
    os_tmr_inspect_ovf                       0x00000403   Thumb Code    10  rtx_config.o(.text)
    os_irq_ack_lock                          0x0000040d   Thumb Code    20  rtx_config.o(.text)
    __RTX_ARM_VER                            0x00000413   Number         0  rt_system.o ABSOLUTE
    __SWI_5                                  0x00000421   Thumb Code     8  rtx_config.o(.text)
    tsk_unlock                               0x00000429   Thumb Code     8  rtx_config.o(.text)
    Inline ARM to Thumb Veneer to __scatterload 0x00000460   ARM Code       8  init.o(.text)
    __scatterload                            0x00000469   Thumb Code    24  init.o(.text)
    __scatterload_rt2                        0x00000469   Thumb Code     0  init.o(.text)
    SWI_Count                                0x00000488   Data           4  swi_table.o(SWI_TABLE)
    SWI_Table                                0x0000048c   Data           0  swi_table.o(SWI_TABLE)
    Short Thumb to ARM Veneer to __main_after_scatterload 0x000004ad   Thumb Code     8  anon$$obj.o(Veneer$$Code)
    __ARM_common_call_via_r3                 0x000004b5   Thumb Code     2  init.o(i.__ARM_common_call_via_r3)
    __SWI_0                                  0x000004b9   Thumb Code    44  hal_arm.o(i.__SWI_0)
    __SWI_1                                  0x000004e9   Thumb Code    14  rt_membox.o(i.__SWI_1)
    __SWI_2                                  0x000004f7   Thumb Code    24  rt_membox.o(i.__SWI_2)
    __SWI_3                                  0x0000050f   Thumb Code     8  hal_arm.o(i.__SWI_3)
    __SWI_4                                  0x00000517   Thumb Code     8  hal_arm.o(i.__SWI_4)
    __SWI_6                                  0x0000051f   Thumb Code     2  hal_arm.o(i.__SWI_6)
    __SWI_7                                  0x00000521   Thumb Code     2  hal_arm.o(i.__SWI_7)
    __scatterload_copy                       0x00000524   ARM Code      28  handlers.o(i.__scatterload_copy)
    __scatterload_null                       0x00000540   ARM Code       4  handlers.o(i.__scatterload_null)
    __scatterload_zeroinit                   0x00000544   ARM Code      24  handlers.o(i.__scatterload_zeroinit)
    _init_box                                0x0000055d   Thumb Code    74  rt_membox.o(i._init_box)
    os_block                                 0x000005a9   Thumb Code    58  rt_task.o(i.os_block)
    os_chk_robin                             0x000005f1   Thumb Code    56  rt_robin.o(i.os_chk_robin)
    os_dec_dly                               0x00000635   Thumb Code   116  rt_list.o(i.os_dec_dly)
    os_dispatch                              0x000006b1   Thumb Code    60  rt_task.o(i.os_dispatch)
    os_dly_wait                              0x000006f5   Thumb Code    24  rt_time.o(i.os_dly_wait)
    os_evt_psh                               0x0000070d   Thumb Code    74  rt_event.o(i.os_evt_psh)
    os_get_first                             0x0000075d   Thumb Code    42  rt_list.o(i.os_get_first)
    os_init_robin                            0x000007d1   Thumb Code    16  rt_robin.o(i.os_init_robin)
    os_init_stack                            0x000007e9   Thumb Code    86  hal_arm.o(i.os_init_stack)
    os_mbx_psh                               0x0000084d   Thumb Code   132  rt_mailbox.o(i.os_mbx_psh)
    os_put_dly                               0x000008d5   Thumb Code    76  rt_list.o(i.os_put_dly)
    os_put_prio                              0x00000925   Thumb Code    62  rt_list.o(i.os_put_prio)
    os_put_rdy_first                         0x00000965   Thumb Code    14  rt_list.o(i.os_put_rdy_first)
    os_rmv_dly                               0x00000979   Thumb Code    44  rt_list.o(i.os_rmv_dly)
    os_sem_psh                               0x000009a5   Thumb Code    50  rt_semaphore.o(i.os_sem_psh)
    os_stk_check                             0x000009dd   Thumb Code    34  hal_arm.o(i.os_stk_check)
    os_sys_init1                             0x00000a09   Thumb Code   162  rt_task.o(i.os_sys_init1)
    os_sys_manager                           0x00000af1   Thumb Code   182  rt_system.o(i.os_sys_manager)
    os_tmr_tick                              0x00000bbd   Thumb Code    58  rt_timer.o(i.os_tmr_tick)
    os_tsk_create0                           0x00000c01   Thumb Code   130  rt_task.o(i.os_tsk_create0)
    os_maxtaskrun                            0x00000c90   Data           2  rtx_config.o(.constdata)
    os_stackinfo                             0x00000c94   Data           4  rtx_config.o(.constdata)
    os_rrobin                                0x00000c98   Data           4  rtx_config.o(.constdata)
    os_clockrate                             0x00000c9c   Data           4  rtx_config.o(.constdata)
    os_timernum                              0x00000ca0   Data           4  rtx_config.o(.constdata)
    mp_tcb_size                              0x00000ca4   Data           2  rtx_config.o(.constdata)
    mp_stk_size                              0x00000ca8   Data           4  rtx_config.o(.constdata)
    os_fifo_size                             0x00000cac   Data           1  rtx_config.o(.constdata)
    mp_tmr_size                              0x00000cae   Data           2  rtx_config.o(.constdata)
    Region$$Table$$Base                      0x00000cb0   Number         0  anon$$obj.o(Region$$Table)
    Region$$Table$$Limit                     0x00000cd0   Number         0  anon$$obj.o(Region$$Table)
    tsk1                                     0x40000000   Data           4  blinky.o(.data)
    tsk2                                     0x40000004   Data           4  blinky.o(.data)
    m_tmr                                    0x40000008   Data           4  rtx_config.o(.data)
    os_runtask                               0x4000000c   Data           4  rt_task.o(.data)
    os_time                                  0x40000010   Data           2  rt_time.o(.data)
    sys_stktop                               0x40000014   Data           4  hal_arm.o(.data)
    os_psh                                   0x40000018   Data           8  rt_system.o(.data)
    os_robin                                 0x40000020   Data           8  rt_robin.o(.data)
    os_tmr                                   0x40000028   Data           8  rt_timer.o(.data)
    mp_tcb                                   0x40000030   Data         300  rtx_config.o(.bss)
    mp_stk                                   0x40000160   Data        1416  rtx_config.o(.bss)
    os_fifo                                  0x400006e8   Data         132  rtx_config.o(.bss)
    os_active_TCB                            0x4000076c   Data          24  rtx_config.o(.bss)
    os_idle_TCB                              0x40000784   Data          48  rt_task.o(.bss)
    os_rdy                                   0x400007b4   Data          24  rt_list.o(.bss)
    os_dly                                   0x400007cc   Data          24  rt_list.o(.bss)
    __initial_sp                             0x40000838   Data          96  startup.o(STACK)



==============================================================================

Memory Map of the image

  Image Entry point : 0x00000104

  Load Region LR_IROM1 (Base: 0x00000000, Size: 0x00000d00, Max: 0x00040000, ABSOLUTE)

    Execution Region ER_IROM1 (Base: 0x00000000, Size: 0x00000cd0, Max: 0x00040000, ABSOLUTE)

    Base Addr    Size         Type   Attr      Idx    E Section Name        Object

    0x00000000   0x00000104   Code   RO           62    RESET               startup.o
    0x00000104   0x00000000   Code   RO          563  * .ARM.Collect$$$$00000000  mc_t.l(entry.o)
    0x00000104   0x00000004   Code   RO          566    .ARM.Collect$$$$00000001  mc_t.l(entry2.o)
    0x00000108   0x00000004   Code   RO          568    .ARM.Collect$$$$00000004  mc_t.l(entry5.o)
    0x0000010c   0x0000000c   Code   RO          569    .ARM.Collect$$$$00000007  mc_t.l(entry7.o)
    0x00000118   0x00000004   Code   RO          567    .ARM.Collect$$$$00002712  mc_t.l(entry2.o)
    0x0000011c   0x000001e8   Code   RO          190    .emb_text           RTX_ARM_L.LIB(hal_arm.o)
    0x00000304   0x000000c8   Code   RO            1    .text               blinky.o
    0x000003cc   0x00000080   Code   RO           25    .text               rtx_config.o
    0x0000044c   0x00000014   Code   RO           26    .text               rtx_config.o
    0x00000460   0x00000008   Ven    RO          570    .text               mc_t.l(init.o)
    0x00000468   0x00000020   Code   RO          570    .text               mc_t.l(init.o)
    0x00000488   0x00000024   Code   RO          407    SWI_TABLE           RTX_ARM_L.LIB(swi_table.o)
    0x000004ac   0x00000008   Ven    RO          583    Veneer$$Code        anon$$obj.o
    0x000004b4   0x00000002   Code   RO          572    i.__ARM_common_call_via_r3  mc_t.l(init.o)
    0x000004b6   0x00000002   PAD
    0x000004b8   0x00000030   Code   RO          191    i.__SWI_0           RTX_ARM_L.LIB(hal_arm.o)
    0x000004e8   0x0000000e   Code   RO          377    i.__SWI_1           RTX_ARM_L.LIB(rt_membox.o)
    0x000004f6   0x00000018   Code   RO          378    i.__SWI_2           RTX_ARM_L.LIB(rt_membox.o)
    0x0000050e   0x00000008   Code   RO          192    i.__SWI_3           RTX_ARM_L.LIB(hal_arm.o)
    0x00000516   0x00000008   Code   RO          193    i.__SWI_4           RTX_ARM_L.LIB(hal_arm.o)
    0x0000051e   0x00000002   Code   RO          194    i.__SWI_6           RTX_ARM_L.LIB(hal_arm.o)
    0x00000520   0x00000002   Code   RO          195    i.__SWI_7           RTX_ARM_L.LIB(hal_arm.o)
    0x00000522   0x00000002   PAD
    0x00000524   0x0000001c   Code   RO          576    i.__scatterload_copy  mc_t.l(handlers.o)
    0x00000540   0x00000004   Code   RO          577    i.__scatterload_null  mc_t.l(handlers.o)
    0x00000544   0x00000018   Code   RO          578    i.__scatterload_zeroinit  mc_t.l(handlers.o)
    0x0000055c   0x0000004a   Code   RO          380    i._init_box         RTX_ARM_L.LIB(rt_membox.o)
    0x000005a6   0x00000002   PAD
    0x000005a8   0x00000048   Code   RO           66    i.os_block          RTX_ARM_L.LIB(rt_task.o)
    0x000005f0   0x00000044   Code   RO          356    i.os_chk_robin      RTX_ARM_L.LIB(rt_robin.o)
    0x00000634   0x0000007c   Code   RO          284    i.os_dec_dly        RTX_ARM_L.LIB(rt_list.o)
    0x000006b0   0x00000044   Code   RO           67    i.os_dispatch       RTX_ARM_L.LIB(rt_task.o)
    0x000006f4   0x00000018   Code   RO          159    i.os_dly_wait       RTX_ARM_L.LIB(rt_time.o)
    0x0000070c   0x00000050   Code   RO          413    i.os_evt_psh        RTX_ARM_L.LIB(rt_event.o)
    0x0000075c   0x0000002a   Code   RO          285    i.os_get_first      RTX_ARM_L.LIB(rt_list.o)
    0x00000786   0x00000002   PAD
    0x00000788   0x00000048   Code   RO           68    i.os_init_context   RTX_ARM_L.LIB(rt_task.o)
    0x000007d0   0x00000018   Code   RO          357    i.os_init_robin     RTX_ARM_L.LIB(rt_robin.o)
    0x000007e8   0x00000064   Code   RO          196    i.os_init_stack     RTX_ARM_L.LIB(hal_arm.o)
    0x0000084c   0x00000088   Code   RO          456    i.os_mbx_psh        RTX_ARM_L.LIB(rt_mailbox.o)
    0x000008d4   0x00000050   Code   RO          288    i.os_put_dly        RTX_ARM_L.LIB(rt_list.o)
    0x00000924   0x0000003e   Code   RO          289    i.os_put_prio       RTX_ARM_L.LIB(rt_list.o)
    0x00000962   0x00000002   PAD
    0x00000964   0x00000014   Code   RO          290    i.os_put_rdy_first  RTX_ARM_L.LIB(rt_list.o)
    0x00000978   0x0000002c   Code   RO          292    i.os_rmv_dly        RTX_ARM_L.LIB(rt_list.o)
    0x000009a4   0x00000038   Code   RO          502    i.os_sem_psh        RTX_ARM_L.LIB(rt_semaphore.o)
    0x000009dc   0x0000002c   Code   RO          197    i.os_stk_check      RTX_ARM_L.LIB(hal_arm.o)
    0x00000a08   0x000000e8   Code   RO           69    i.os_sys_init1      RTX_ARM_L.LIB(rt_task.o)
    0x00000af0   0x000000cc   Code   RO          250    i.os_sys_manager    RTX_ARM_L.LIB(rt_system.o)
    0x00000bbc   0x00000044   Code   RO          538    i.os_tmr_tick       RTX_ARM_L.LIB(rt_timer.o)
    0x00000c00   0x00000090   Code   RO           70    i.os_tsk_create0    RTX_ARM_L.LIB(rt_task.o)
    0x00000c90   0x00000002   Data   RO           31    .constdata          rtx_config.o
    0x00000c92   0x00000002   PAD
    0x00000c94   0x00000004   Data   RO           32    .constdata          rtx_config.o
    0x00000c98   0x00000004   Data   RO           33    .constdata          rtx_config.o
    0x00000c9c   0x00000008   Data   RO           34    .constdata          rtx_config.o
    0x00000ca4   0x00000002   Data   RO           35    .constdata          rtx_config.o
    0x00000ca6   0x00000002   PAD
    0x00000ca8   0x00000004   Data   RO           36    .constdata          rtx_config.o
    0x00000cac   0x00000001   Data   RO           37    .constdata          rtx_config.o
    0x00000cad   0x00000001   PAD
    0x00000cae   0x00000002   Data   RO           38    .constdata          rtx_config.o
    0x00000cb0   0x00000020   Data   RO          574    Region$$Table       anon$$obj.o


    Execution Region RW_IRAM1 (Base: 0x40000000, Size: 0x00000898, Max: 0x00004000, ABSOLUTE)

    Base Addr    Size         Type   Attr      Idx    E Section Name        Object

    0x40000000   0x00000008   Data   RW            2    .data               blinky.o
    0x40000008   0x00000004   Data   RW           39    .data               rtx_config.o
    0x4000000c   0x00000004   Data   RW           77    .data               RTX_ARM_L.LIB(rt_task.o)
    0x40000010   0x00000002   Data   RW          162    .data               RTX_ARM_L.LIB(rt_time.o)
    0x40000012   0x00000002   PAD
    0x40000014   0x00000004   Data   RW          198    .data               RTX_ARM_L.LIB(hal_arm.o)
    0x40000018   0x00000008   Data   RW          251    .data               RTX_ARM_L.LIB(rt_system.o)
    0x40000020   0x00000008   Data   RW          358    .data               RTX_ARM_L.LIB(rt_robin.o)
    0x40000028   0x00000008   Data   RW          539    .data               RTX_ARM_L.LIB(rt_timer.o)
    0x40000030   0x0000012c   Zero   RW           27    .bss                rtx_config.o
    0x4000015c   0x00000004   PAD
    0x40000160   0x00000588   Zero   RW           28    .bss                rtx_config.o
    0x400006e8   0x00000084   Zero   RW           29    .bss                rtx_config.o
    0x4000076c   0x00000018   Zero   RW           30    .bss                rtx_config.o
    0x40000784   0x00000030   Zero   RW           76    .bss                RTX_ARM_L.LIB(rt_task.o)
    0x400007b4   0x00000030   Zero   RW          294    .bss                RTX_ARM_L.LIB(rt_list.o)
    0x400007e4   0x00000004   PAD
    0x400007e8   0x000000b0   Zero   RW           60    STACK               startup.o


==============================================================================

Image component sizes


      Code (inc. data)   RO Data    RW Data    ZI Data      Debug   Object Name

       200         22          0          8          0       6278   blinky.o
       148         28         27          4       1872       3026   rtx_config.o
       260         48          0          0        176        312   startup.o

    ----------------------------------------------------------------------
       616         98         64         12       2052       9616   Object Totals
         8          0         32          0          0          0   (incl. Generated)
         0          0          5          0          4          3   (incl. Padding)

    ----------------------------------------------------------------------

      Code (inc. data)   RO Data    RW Data    ZI Data      Debug   Library Member Name

       700         72          0          4          0       3990   hal_arm.o
        80          6          0          0          0        613   rt_event.o
       372         18          0          0         48       3443   rt_list.o
       136          4          0          0          0        701   rt_mailbox.o
       112          0          0          0          0       1660   rt_membox.o
        92         20          0          8          0        990   rt_robin.o
        56          6          0          0          0        537   rt_semaphore.o
       204         22          0          8          0        830   rt_system.o
       588        112          0          4         48       5570   rt_task.o
        24          0          0          2          0        604   rt_time.o
        68         10          0          8          0        631   rt_timer.o
        36         36          0          0          0        140   swi_table.o
         0          0          0          0          0          0   entry.o
         8          4          0          0          0          0   entry2.o
         4          0          0          0          0          0   entry5.o
        12          4          0          0          0          0   entry7.o
        56          0          0          0          0          0   handlers.o
        42          8          0          0          0        136   init.o

    ----------------------------------------------------------------------
      2600        322          0         36        100      19845   Library Totals
        10          0          0          2          4          0   (incl. Padding)

    ----------------------------------------------------------------------

      Code (inc. data)   RO Data    RW Data    ZI Data      Debug   Library Name

      2468        306          0         34         96      19709   RTX_ARM_L.LIB
       122         16          0          0          0        136   mc_t.l

    ----------------------------------------------------------------------
      2600        322          0         36        100      19845   Library Totals

    ----------------------------------------------------------------------

==============================================================================


      Code (inc. data)   RO Data    RW Data    ZI Data      Debug   

      3216        420         64         48       2152      28084   Grand Totals
      3216        420         64         48       2152      28084   ELF Image Totals
      3216        420         64         48          0          0   ROM Totals

==============================================================================

    Total RO  Size (Code + RO Data)                 3280 (   3.20kB)
    Total RW  Size (RW Data + ZI Data)              2200 (   2.15kB)
    Total ROM Size (Code + RO Data + RW Data)       3328 (   3.25kB)

==============================================================================

