******************************************************************************
               TMS320C6x Linker PC v7.0.3                      
******************************************************************************
>> Linked Mon Dec 13 15:38:47 2010

OUTPUT FILE NAME:   <message_dsp.p674>
ENTRY POINT SYMBOL: "_c_int00"  address: 00014d40


MEMORY CONFIGURATION

         name            origin    length      used     unused   attr    fill
----------------------  --------  ---------  --------  --------  ----  --------
  RAM                   00000001   fffffffe  0002774c  fffd88b2  RWIX


SECTION ALLOCATION MAP

 output                                  attributes/
section   page    origin      length       input sections
--------  ----  ----------  ----------   ----------------
.const:ti_sdo_ipc_MessageQ_Object__PARAMS__C 
*          0    00000004    0000001c     
                  00000004    0000001c     message_dsp_p674.o674 (.const:ti_sdo_ipc_MessageQ_Object__PARAMS__C)

.text      0    00000020    0001fba0     
                  00000020    00000d00     ti.sdo.ipc.a674 : GateMP.o674 (.text:_ti_sdo_ipc_GateMP_Instance_init__F)
                  00000d20    00000bc0     ti.targets.rts6000.a674 : System.o674 (.text:_xdc_runtime_System_doPrint__I)
                  000018e0    00000760     ti.sdo.ipc.a674 : Ipc.o674 (.text:_Ipc_attach)
                  00002040    00000680                     : Ipc.o674 (.text:_Ipc_detach)
                  000026c0    000005e0     ti.sdo.utils.a674 : NameServer.o674 (.text:_NameServer_add)
                  00002ca0    00000560     ti.sdo.ipc.transports.a674 : TransportShm.o674 (.text:_ti_sdo_ipc_transports_TransportShm_Instance_init__F)
                  00003200    00000540     ti.sdo.utils.a674 : NameServer.o674 (.text:_NameServer_get)
                  00003740    000004e0     ti.sdo.ipc.a674 : ListMP.o674 (.text:_ti_sdo_ipc_ListMP_Instance_init__F)
                  00003c20    000004e0                     : NameServerRemoteNotify.o674 (.text:_ti_sdo_ipc_NameServerRemoteNotify_Instance_init__F)
                  00004100    000004a0                     : Notify.o674 (.text:_Notify_registerEvent)
                  000045a0    000004a0     ti.sdo.ipc.heaps.a674 : HeapMemMP.o674 (.text:_ti_sdo_ipc_heaps_HeapMemMP_alloc__F)
                  00004a40    00000480     ti.sdo.ipc.a674 : GateMP.o674 (.text:_GateMP_sharedMemReq)
                  00004ec0    00000480                     : GateMP.o674 (.text:_ti_sdo_ipc_GateMP_Instance_finalize__F)
                  00005340    00000460                     : Notify.o674 (.text:_Notify_unregisterEvent)
                  000057a0    00000460                     : SharedRegion.o674 (.text:_SharedRegion_setEntry)
                  00005c00    00000420     <whole-program> (.text)
                  00006020    00000420     ti.sdo.ipc.heaps.a674 : HeapBufMP.o674 (.text:_ti_sdo_ipc_heaps_HeapBufMP_Instance_init__F)
                  00006440    00000400     ti.sdo.ipc.gates.a674 : GatePeterson.o674 (.text:_ti_sdo_ipc_gates_GatePeterson_Instance_init__F)
                  00006840    000003e0     ti.sdo.ipc.a674 : MessageQ.o674 (.text:_ti_sdo_ipc_MessageQ_Instance_init__F)
                  00006c20    000003c0     ti.sdo.ipc.heaps.a674 : HeapMemMP.o674 (.text:_ti_sdo_ipc_heaps_HeapMemMP_Instance_init__F)
                  00006fe0    000003c0     ti.sysbios.gates.a674 : GateMutexPri.o674 (.text:_ti_sysbios_gates_GateMutexPri_enter__F)
                  000073a0    000003a0     message_dsp_p674.o674 (.text:_ti_sdo_ipc_NameServerRemoteNotify_get__E)
                  00007740    000003a0     ti.sdo.ipc.heaps.a674 : HeapBufMP.o674 (.text:_ti_sdo_ipc_heaps_HeapBufMP_postInit__I)
                  00007ae0    000003a0                           : HeapMemMP.o674 (.text:_ti_sdo_ipc_heaps_HeapMemMP_free__F)
                  00007e80    00000380     ti.sysbios.knl.a674 : Semaphore.o674 (.text:_ti_sysbios_knl_Semaphore_pend__F)
                  00008200    00000340     ti.sdo.ipc.a674 : Notify.o674 (.text:_Notify_registerEventSingle)
                  00008540    00000340                     : Notify.o674 (.text:_Notify_unregisterEventSingle)
                  00008880    00000340                     : MessageQ.o674 (.text:_ti_sdo_ipc_MessageQ_Instance_finalize__F)
                  00008bc0    00000340     ti.sdo.ipc.transports.a674 : TransportShm.o674 (.text:_ti_sdo_ipc_transports_TransportShm_Instance_finalize__F)
                  00008f00    00000340     ti.sdo.utils.a674 : NameServer.o674 (.text:_ti_sdo_utils_NameServer_removeLocal__I)
                  00009240    00000320                       : NameServer.o674 (.text:_NameServer_getHandle)
                  00009560    00000300     ti.sdo.ipc.a674 : GateMP.o674 (.text:_GateMP_openByAddr)
                  00009860    00000300                     : MessageQ.o674 (.text:_MessageQ_put)
                  00009b60    00000300     ti.sdo.utils.a674 : NameServer.o674 (.text:_NameServer_getLocal)
                  00009e60    00000300     ti.sdo.ipc.heaps.a674 : HeapMemMP.o674 (.text:_ti_sdo_ipc_heaps_HeapMemMP_postInit__I)
                  0000a160    00000300     message_dsp_p674.o674 (.text:_ti_sdo_utils_NameServer_Object__create__S)
                  0000a460    00000300     ti.sysbios.knl.a674 : Task.o674 (.text:_ti_sysbios_knl_Task_Instance_finalize__F)
                  0000a760    000002e0     ti.sdo.ipc.a674 : SharedRegion.o674 (.text:_ti_sdo_ipc_SharedRegion_start__F)
                  0000aa40    000002c0                     : GateMP.o674 (.text:_ti_sdo_ipc_GateMP_setRegion0Reserved__F)
                  0000ad00    000002c0     ti.sdo.ipc.notifyDrivers.a674 : NotifyDriverShm.o674 (.text:_ti_sdo_ipc_notifyDrivers_NotifyDriverShm_Instance_init__F)
                  0000afc0    000002c0     message_dsp_p674.o674 (.text:_xdc_runtime_System_printfExtend__I)
                  0000b280    000002a0     ti.sdo.utils.a674 : NameServer.o674 (.text:_NameServer_match)
                  0000b520    000002a0     ti.sdo.ipc.a674 : Notify.o674 (.text:_Notify_restore)
                  0000b7c0    000002a0     message_dsp_p674.o674 (.text:_ti_sdo_ipc_Notify_Object__create__S)
                  0000ba60    000002a0     message_dsp_p674.o674 (.text:_ti_sysbios_family_c64p_Cache_Module_startup__E)
                  0000bd00    00000280     ti.sdo.ipc.a674 : ListMP.o674 (.text:_ListMP_openByAddr)
                  0000bf80    00000280     ti.sdo.utils.a674 : NameServer.o674 (.text:_NameServer_remove)
                  0000c200    00000280     ti.sdo.ipc.a674 : Notify.o674 (.text:_Notify_disable)
                  0000c480    00000280                     : Ipc.o674 (.text:_ti_sdo_ipc_Ipc_procSyncStart__I)
                  0000c700    00000280     ti.sysbios.knl.a674 : Task.o674 (.text:_ti_sysbios_knl_Task_postInit__I)
                  0000c980    00000280     message_dsp_p674.o674 (.text:_ti_sysbios_knl_Task_setPri__E)
                  0000cc00    00000260     ti.sdo.ipc.a674 : Notify.o674 (.text:_Notify_sendEvent)
                  0000ce60    00000260     ti.sysbios.timers.timer64.a674 : Timer.o674 (.text:_deviceConfig$21)
                  0000d0c0    00000260     ti.sdo.ipc.a674 : Ipc.o674 (.text:_ti_sdo_ipc_Ipc_procSyncFinish__I)
                  0000d320    00000260                     : NameServerRemoteNotify.o674 (.text:_ti_sdo_ipc_NameServerRemoteNotify_swiFxn__I)
                  0000d580    00000260     message_dsp_p674.o674 (.text:_ti_sysbios_BIOS_startFunc__I)
                  0000d7e0    00000260     ti.sysbios.knl.a674 : Task.o674 (.text:_ti_sysbios_knl_Task_Instance_init__F)
                  0000da40    00000260                         : Task.o674 (.text:_ti_sysbios_knl_Task_sleep__F)
                  0000dca0    00000260     ti.targets.rts6000.a674 : Core-mem.o674 (.text:_xdc_runtime_Core_createObject__I)
                  0000df00    00000240     ti.sdo.ipc.heaps.a674 : HeapBufMP.o674 (.text:_HeapBufMP_sharedMemReq)
                  0000e140    00000240     ti.sdo.ipc.transports.a674 : TransportShm.o674 (.text:_ti_sdo_ipc_transports_TransportShm_openByAddr__F)
                  0000e380    00000240     message_dsp_p674.o674 (.text:_ti_sysbios_timers_timer64_Timer_Module_startup__E)
                  0000e5c0    00000220     ti.sdo.ipc.a674 : Ipc.o674 (.text:_Ipc_readConfig)
                  0000e7e0    00000220     ti.sdo.ipc.family.da830.a674 : InterruptDsp.o674 (.text:_ti_sdo_ipc_family_da830_InterruptDsp_intRegister__F)
                  0000ea00    00000220     ti.sdo.ipc.heaps.a674 : HeapBufMP.o674 (.text:_ti_sdo_ipc_heaps_HeapBufMP_Instance_finalize__F)
                  0000ec20    00000220     ti.sdo.utils.a674 : NameServer.o674 (.text:_ti_sdo_utils_NameServer_Instance_finalize__F)
                  0000ee40    00000220                       : NameServer.o674 (.text:_ti_sdo_utils_NameServer_findLocal__I)
                  0000f060    00000220     ti.sysbios.family.c64p.a674 : Hwi.o674 (.text:_ti_sysbios_family_c64p_Hwi_reconfig__F)
                  0000f280    00000220     ti.sysbios.knl.a674 : Swi.o674 (.text:_ti_sysbios_knl_Swi_schedule__I)
                  0000f4a0    00000200     ti.sdo.ipc.heaps.a674 : HeapBufMP.o674 (.text:_HeapBufMP_openByAddr)
                  0000f6a0    00000200                           : HeapMemMP.o674 (.text:_HeapMemMP_openByAddr)
                  0000f8a0    00000200     ti.sdo.ipc.a674 : Ipc.o674 (.text:_Ipc_start)
                  0000faa0    00000200                     : ListMP.o674 (.text:_ListMP_getHead)
                  0000fca0    00000200                     : ListMP.o674 (.text:_ListMP_getTail)
                  0000fea0    00000200                     : GateMP.o674 (.text:_ti_sdo_ipc_GateMP_getFreeResource__I)
                  000100a0    00000200                     : GateMP.o674 (.text:_ti_sdo_ipc_GateMP_start__F)
                  000102a0    00000200                     : SharedRegion.o674 (.text:_ti_sdo_ipc_SharedRegion_reserveMemory__F)
                  000104a0    00000200     message_dsp_p674.o674 (.text:_ti_sdo_ipc_notifyDrivers_NotifyDriverShm_registerEvent__E)
                  000106a0    00000200     ti.sysbios.family.c64p.a674 : Hwi_disp_always.o674 (.text:_ti_sysbios_family_c64p_Hwi_dispatchAlways)
                  000108a0    00000200     ti.sysbios.timers.timer64.a674 : Timer.o674 (.text:_ti_sysbios_timers_timer64_Timer_setPeriodMicroSecs__F)
                  00010aa0    000001e0     ti.sdo.ipc.a674 : Ipc.o674 (.text:_Ipc_writeConfig)
                  00010c80    000001e0                     : Notify.o674 (.text:_Notify_disableEvent)
                  00010e60    000001e0                     : Notify.o674 (.text:_Notify_enableEvent)
                  00011040    000001e0     ti.sdo.ipc.notifyDrivers.a674 : NotifyDriverShm.o674 (.text:_ti_sdo_ipc_notifyDrivers_NotifyDriverShm_isr__I)
                  00011220    000001e0     message_dsp_p674.o674 (.text:_ti_sdo_ipc_notifyDrivers_NotifyDriverShm_sendEvent__E)
                  00011400    000001e0     ti.sdo.ipc.transports.a674 : TransportShmSetup.o674 (.text:_ti_sdo_ipc_transports_TransportShmSetup_attach__F)
                  000115e0    000001e0     message_dsp_p674.o674 (.text:_ti_sysbios_gates_GateMutexPri_leave__E)
                  000117c0    000001e0     message_dsp_p674.o674 (.text:_ti_sysbios_knl_Swi_Object__create__S)
                  000119a0    000001e0     ti.targets.rts6000.a674 : Startup.o674 (.text:_xdc_runtime_Startup_startMods__I)
                  00011b80    000001c0     ti.sdo.ipc.a674 : NameServerRemoteNotify.o674 (.text:_ti_sdo_ipc_NameServerRemoteNotify_Instance_finalize__F)
                  00011d40    000001c0                     : NameServerRemoteNotify.o674 (.text:_ti_sdo_ipc_NameServerRemoteNotify_attach__F)
                  00011f00    000001c0     message_dsp_p674.o674 (.text:_ti_sdo_ipc_notifyDrivers_NotifyDriverShm_disableEvent__E)
                  000120c0    000001c0     ti.sysbios.timers.timer64.a674 : Timer.o674 (.text:_ti_sysbios_timers_timer64_Timer_start__F)
                  00012280    000001c0     ti.targets.rts6000.a674 : Error.o674 (.text:_xdc_runtime_Error_raiseX__F)
                  00012440    000001c0     message_dsp_p674.o674 (.text:_xdc_runtime_Text_putSite__E)
                  00012600    000001a0     ti.sdo.ipc.heaps.a674 : HeapMemMP.o674 (.text:_HeapMemMP_sharedMemReq)
                  000127a0    000001a0     ti.sdo.ipc.a674 : ListMP.o674 (.text:_ListMP_putHead)
                  00012940    000001a0                     : ListMP.o674 (.text:_ListMP_putTail)
                  00012ae0    000001a0                     : MessageQ.o674 (.text:_MessageQ_free)
                  00012c80    000001a0                     : SharedRegion.o674 (.text:_SharedRegion_clearEntry)
                  00012e20    000001a0     message_dsp_p674.o674 (.text:_ti_sdo_ipc_gates_GatePeterson_enter__E)
                  00012fc0    000001a0     message_dsp_p674.o674 (.text:_ti_sdo_ipc_notifyDrivers_NotifyDriverShm_unregisterEvent__E)
                  00013160    000001a0     message_dsp_p674.o674 (.text:_ti_sysbios_knl_Task_checkStacks__E)
                  00013300    00000180     ti.sdo.ipc.heaps.a674 : HeapBufMP.o674 (.text:_HeapBufMP_create)
                  00013480    00000180     ti.sdo.ipc.a674 : ListMP.o674 (.text:_ListMP_sharedMemReq)
                  00013600    00000180     ti.sysbios.family.c64p.a674 : Cache.o674 (.text:_block$30)
                  00013780    00000180     ti.sdo.ipc.a674 : ListMP.o674 (.text:_ti_sdo_ipc_ListMP_Instance_finalize__F)
                  00013900    00000180     ti.sdo.ipc.family.da830.a674 : NotifySetup.o674 (.text:_ti_sdo_ipc_family_da830_NotifySetup_attach__F)
                  00013a80    00000180     ti.sdo.ipc.heaps.a674 : HeapBufMP.o674 (.text:_ti_sdo_ipc_heaps_HeapBufMP_alloc__F)
                  00013c00    00000180                           : HeapMemMP.o674 (.text:_ti_sdo_ipc_heaps_HeapMemMP_Instance_finalize__F)
                  00013d80    00000180                           : HeapMemMP.o674 (.text:_ti_sdo_ipc_heaps_HeapMemMP_getStats__F)
                  00013f00    00000180     message_dsp_p674.o674 (.text:_ti_sysbios_knl_Clock_Object__create__S)
                  00014080    00000180     ti.sysbios.knl.a674 : Task.o674 (.text:_ti_sysbios_knl_Task_exit__F)
                  00014200    00000180     message_dsp_p674.o674 (.text:_xdc_runtime_HeapStd_Object__create__S)
                  00014380    00000180     ti.sysbios.family.c64p.a674 : Exception_asm.o674 (.text)
                  00014500    00000160     ti.sdo.ipc.heaps.a674 : HeapMemMP.o674 (.text:_HeapMemMP_create)
                  00014660    00000160     ti.sdo.ipc.a674 : ListMP.o674 (.text:_ListMP_insert)
                  000147c0    00000160                     : MessageQ.o674 (.text:_MessageQ_alloc)
                  00014920    00000160                     : MessageQ.o674 (.text:_MessageQ_create)
                  00014a80    00000160                     : MessageQ.o674 (.text:_MessageQ_get)
                  00014be0    00000160     ti.sdo.utils.a674 : NameServer.o674 (.text:_NameServer_create)
                  00014d40    00000160     boot.a674 : boot.o674 (.text:_c_int00)
                  00014ea0    00000160     ti.sdo.ipc.a674 : GateMP.o674 (.text:_ti_sdo_ipc_GateMP_openRegion0Reserved__F)
                  00015000    00000160     message_dsp_p674.o674 (.text:_ti_sdo_ipc_transports_TransportShm_put__E)
                  00015160    00000160     ti.sysbios.family.c64p.a674 : Hwi.o674 (.text:_ti_sysbios_family_c64p_Hwi_dispatchC__I)
                  000152c0    00000160     ti.sysbios.knl.a674 : Task.o674 (.text:_ti_sysbios_knl_Task_schedule__I)
                  00015420    00000140     ti.sdo.ipc.a674 : ListMP.o674 (.text:_ListMP_create)
                  00015560    00000140                     : ListMP.o674 (.text:_ListMP_remove)
                  000156a0    00000140                     : Notify.o674 (.text:_Notify_eventAvailable)
                  000157e0    00000140     ti.sysbios.timers.timer64.a674 : Timer.o674 (.text:_initDevice$21)
                  00015920    00000140     ti.sdo.ipc.family.da830.a674 : NotifySetup.o674 (.text:_ti_sdo_ipc_family_da830_NotifySetup_sharedMemReq__F)
                  00015a60    00000140     message_dsp_p674.o674 (.text:_ti_sdo_utils_NameServer_Module_startup__E)
                  00015ba0    00000140     message_dsp_p674.o674 (.text:_ti_sysbios_family_c64p_Hwi_Module_startup__E)
                  00015ce0    00000120     ti.sdo.ipc.heaps.a674 : HeapBufMP.o674 (.text:_HeapBufMP_open)
                  00015e00    00000120                           : HeapMemMP.o674 (.text:_HeapMemMP_open)
                  00015f20    00000120     ti.sdo.ipc.a674 : ListMP.o674 (.text:_ListMP_open)
                  00016040    00000120                     : MessageQ.o674 (.text:_MessageQ_count)
                  00016160    00000120                     : SharedRegion.o674 (.text:_SharedRegion_getEntry)
                  00016280    00000120     message_dsp_p674.o674 (.text:_ti_sdo_ipc_MessageQ_Object__create__S)
                  000163a0    00000120     message_dsp_p674.o674 (.text:_ti_sdo_ipc_NameServerRemoteNotify_Object__create__S)
                  000164c0    00000120     ti.sdo.ipc.a674 : Notify.o674 (.text:_ti_sdo_ipc_Notify_Instance_finalize__F)
                  000165e0    00000120     message_dsp_p674.o674 (.text:_ti_sdo_ipc_gates_GatePeterson_Object__create__S)
                  00016700    00000120     message_dsp_p674.o674 (.text:_ti_sdo_ipc_heaps_HeapBufMP_Object__create__S)
                  00016820    00000120     message_dsp_p674.o674 (.text:_ti_sdo_ipc_heaps_HeapMemMP_Object__create__S)
                  00016940    00000120     message_dsp_p674.o674 (.text:_ti_sdo_ipc_transports_TransportShm_Object__create__S)
                  00016a60    00000120     message_dsp_p674.o674 (.text:_ti_sysbios_family_c64p_Hwi_Object__create__S)
                  00016b80    00000120     message_dsp_p674.o674 (.text:_ti_sysbios_knl_Clock_workFunc__E)
                  00016ca0    00000120     ti.sysbios.knl.a674 : Semaphore.o674 (.text:_ti_sysbios_knl_Semaphore_post__F)
                  00016dc0    00000120                         : Swi.o674 (.text:_ti_sysbios_knl_Swi_restoreHwi__F)
                  00016ee0    00000120     message_dsp_p674.o674 (.text:_ti_sysbios_knl_Task_Object__create__S)
                  00017000    00000120     ti.sysbios.syncs.a674 : SyncSem.o674 (.text:_ti_sysbios_syncs_SyncSem_Instance_init__F)
                  00017120    00000120     message_dsp_p674.o674 (.text:_ti_sysbios_syncs_SyncSem_Object__create__S)
                  00017240    00000120     ti.targets.rts6000.a674 : Memory.o674 (.text:_xdc_runtime_Memory_alloc__F)
                  00017360    00000120                             : Text.o674 (.text:_xdc_runtime_Text_putMod__F)
                  00017480    00000120     message_dsp_p674.o674 (.text:_xdc_runtime_knl_GateThread_Object__create__S)
                  000175a0    00000100     ti.sdo.ipc.a674 : GateMP.o674 (.text:_GateMP_create)
                  000176a0    00000100                     : GateMP.o674 (.text:_GateMP_open)
                  000177a0    00000100     ti.sdo.ipc.heaps.a674 : HeapBufMP.o674 (.text:_HeapBufMP_free)
                  000178a0    00000100     ti.sdo.ipc.a674 : SharedRegion.o674 (.text:_SharedRegion_getSRPtr)
                  000179a0    00000100     message_dsp_p674.o674 (.text:_ti_sdo_ipc_GateMP_Object__create__S)
                  00017aa0    00000100     ti.sdo.ipc.a674 : GateMP.o674 (.text:_ti_sdo_ipc_GateMP_attach__F)
                  00017ba0    00000100     message_dsp_p674.o674 (.text:_ti_sdo_ipc_ListMP_Object__create__S)
                  00017ca0    00000100     ti.sdo.ipc.a674 : SharedRegion.o674 (.text:_ti_sdo_ipc_SharedRegion_attach__F)
                  00017da0    00000100                     : SharedRegion.o674 (.text:_ti_sdo_ipc_SharedRegion_clearReservedMemory__F)
                  00017ea0    00000100     message_dsp_p674.o674 (.text:_ti_sdo_ipc_heaps_HeapBufMP_free__E)
                  00017fa0    00000100     message_dsp_p674.o674 (.text:_ti_sdo_ipc_notifyDrivers_NotifyDriverShm_Object__create__S)
                  000180a0    00000100     ti.sdo.ipc.transports.a674 : TransportShmSetup.o674 (.text:_ti_sdo_ipc_transports_TransportShmSetup_sharedMemReq__F)
                  000181a0    00000100     ti.sysbios.gates.a674 : GateAll.o674 (.text:_ti_sysbios_gates_GateAll_leave__E)
                  000182a0    00000100     ti.sysbios.knl.a674 : Task.o674 (.text:_ti_sysbios_knl_Task_startup__F)
                  000183a0    00000100     ti.sysbios.timers.timer64.a674 : Timer.o674 (.text:_ti_sysbios_timers_timer64_Timer_stop__F)
                  000184a0    00000100     ti.targets.rts6000.a674 : Core-mem.o674 (.text:_xdc_runtime_Core_deleteObject__I)
                  000185a0    00000100                             : Text.o674 (.text:_xdc_runtime_Text_visitRope2__I)
                  000186a0    000000e0     ti.sdo.ipc.a674 : GateMP.o674 (.text:_GateMP_close)
                  00018780    000000e0     ti.sdo.ipc.heaps.a674 : HeapBufMP.o674 (.text:_HeapBufMP_Params_init)
                  00018860    000000e0     ti.sdo.ipc.a674 : ListMP.o674 (.text:_ListMP_empty)
                  00018940    000000e0                     : MessageQ.o674 (.text:_MessageQ_open)
                  00018a20    000000e0                     : MessageQ.o674 (.text:_MessageQ_staticMsgInit)
                  00018b00    000000e0     ti.sysbios.timers.timer64.a674 : Timer.o674 (.text:_getNextAvailableTimerId$21)
                  00018be0    000000e0     ti.sdo.ipc.a674 : GateMP.o674 (.text:_ti_sdo_ipc_GateMP_createLocal__F)
                  00018cc0    000000e0                     : Notify.o674 (.text:_ti_sdo_ipc_Notify_execMany__I)
                  00018da0    000000e0     message_dsp_p674.o674 (.text:_ti_sysbios_gates_GateSwi_leave__E)
                  00018e80    000000e0     message_dsp_p674.o674 (.text:_ti_sysbios_knl_Semaphore_Object__create__S)
                  00018f60    000000e0     ti.sysbios.knl.a674 : Swi.o674 (.text:_ti_sysbios_knl_Swi_restore__F)
                  00019040    000000e0                         : Swi.o674 (.text:_ti_sysbios_knl_Swi_run__I)
                  00019120    000000e0     message_dsp_p674.o674 (.text:_ti_sysbios_knl_Task_stat__E)
                  00019200    000000e0     ti.sysbios.knl.a674 : Task.o674 (.text:_ti_sysbios_knl_Task_yield__F)
                  000192e0    000000e0     message_dsp_p674.o674 (.text:_xdc_runtime_HeapStd_alloc__E)
                  000193c0    000000c0     ti.sdo.ipc.a674 : GateMP.o674 (.text:_GateMP_Params_init)
                  00019480    000000c0     ti.sdo.ipc.heaps.a674 : HeapBufMP.o674 (.text:_HeapBufMP_getExtendedStats)
                  00019540    000000c0                           : HeapMemMP.o674 (.text:_HeapMemMP_Params_init)
                  00019600    000000c0     ti.sdo.utils.a674 : MultiProc.o674 (.text:_MultiProc_getId)
                  000196c0    000000c0     ti.sdo.ipc.a674 : SharedRegion.o674 (.text:_SharedRegion_getIdByName)
                  00019780    000000c0     message_dsp_p674.o674 (.text:_ti_sdo_ipc_MessageQ_Module_startup__E)
                  00019840    000000c0     message_dsp_p674.o674 (.text:_ti_sdo_ipc_MessageQ_Params__init__S)
                  00019900    000000c0     message_dsp_p674.o674 (.text:_ti_sdo_ipc_gates_GatePeterson_sharedMemReq__E)
                  000199c0    000000c0     message_dsp_p674.o674 (.text:_ti_sdo_ipc_heaps_HeapBufMP_Params__init__S)
                  00019a80    000000c0     ti.sdo.ipc.notifyDrivers.a674 : NotifyDriverShm.o674 (.text:_ti_sdo_ipc_notifyDrivers_NotifyDriverShm_Instance_finalize__F)
                  00019b40    000000c0     message_dsp_p674.o674 (.text:_ti_sdo_ipc_notifyDrivers_NotifyDriverShm_enableEvent__E)
                  00019c00    000000c0     message_dsp_p674.o674 (.text:_ti_sysbios_gates_GateMutex_Object__create__S)
                  00019cc0    000000c0     message_dsp_p674.o674 (.text:_ti_sysbios_knl_Task_Params__init__S)
                  00019d80    000000c0     ti.sysbios.timers.timer64.a674 : Timer.o674 (.text:_ti_sysbios_timers_timer64_Timer_Instance_finalize__F)
                  00019e40    000000c0     ti.targets.rts6000.a674 : Text.o674 (.text:_xdc_runtime_Text_matchVisFxn__I)
                  00019f00    000000a0     ti.sdo.ipc.a674 : ListMP.o674 (.text:_ListMP_next)
                  00019fa0    000000a0                     : ListMP.o674 (.text:_ListMP_prev)
                  0001a040    000000a0                     : MessageQ.o674 (.text:_MessageQ_registerHeap)
                  0001a0e0    000000a0                     : MessageQ.o674 (.text:_MessageQ_unblock)
                  0001a180    000000a0                     : Notify.o674 (.text:_Notify_intLineRegistered)
                  0001a220    000000a0                     : SharedRegion.o674 (.text:_SharedRegion_getId)
                  0001a2c0    000000a0                     : GateMP.o674 (.text:_ti_sdo_ipc_GateMP_getRegion0ReservedSize__F)
                  0001a360    000000a0     message_dsp_p674.o674 (.text:_ti_sdo_ipc_Ipc_getEntry__E)
                  0001a400    000000a0     ti.sdo.ipc.a674 : MessageQ.o674 (.text:_ti_sdo_ipc_MessageQ_registerTransport__F)
                  0001a4a0    000000a0     message_dsp_p674.o674 (.text:_ti_sdo_ipc_Notify_Module_startup__E)
                  0001a540    000000a0     ti.sdo.ipc.a674 : Notify.o674 (.text:_ti_sdo_ipc_Notify_exec__F)
                  0001a5e0    000000a0     message_dsp_p674.o674 (.text:_ti_sdo_ipc_gates_GatePeterson_leave__E)
                  0001a680    000000a0     ti.sdo.ipc.transports.a674 : TransportShmSetup.o674 (.text:_ti_sdo_ipc_transports_TransportShmSetup_detach__F)
                  0001a720    000000a0                                : TransportShm.o674 (.text:_ti_sdo_ipc_transports_TransportShm_swiFxn__I)
                  0001a7c0    000000a0     message_dsp_p674.o674 (.text:_ti_sysbios_BIOS_exitFunc__I)
                  0001a860    000000a0     ti.sysbios.family.c64p.a674 : Exception.o674 (.text:_ti_sysbios_family_c64p_Exception_handler__I)
                  0001a900    000000a0     message_dsp_p674.o674 (.text:_ti_sysbios_family_c64p_Hwi_Params__init__S)
                  0001a9a0    000000a0     ti.sysbios.family.c64p.a674 : Hwi.o674 (.text:_ti_sysbios_family_c64p_Hwi_eventMap__F)
                  0001aa40    000000a0                                 : Hwi_asm.o674 (.text:_ti_sysbios_family_c64p_Hwi_plug__F)
                  0001aae0    000000a0     message_dsp_p674.o674 (.text:_ti_sysbios_gates_GateMutexPri_Object__create__S)
                  0001ab80    000000a0     message_dsp_p674.o674 (.text:_ti_sysbios_gates_GateMutex_enter__E)
                  0001ac20    000000a0     ti.sysbios.knl.a674 : Clock.o674 (.text:_ti_sysbios_knl_Clock_Instance_finalize__F)
                  0001acc0    000000a0     message_dsp_p674.o674 (.text:_ti_sysbios_knl_Task_block__E)
                  0001ad60    000000a0     ti.sysbios.knl.a674 : Task.o674 (.text:_ti_sysbios_knl_Task_unblockI__F)
                  0001ae00    000000a0     message_dsp_p674.o674 (.text:_ti_sysbios_syncs_SyncSem_wait__E)
                  0001aea0    000000a0     message_dsp_p674.o674 (.text:_ti_sysbios_xdcruntime_GateThreadSupport_Object__create__S)
                  0001af40    000000a0     ti.targets.rts6000.a674 : Core-params.o674 (.text:_xdc_runtime_Core_assignParams__I)
                  0001afe0    000000a0     message_dsp_p674.o674 (.text:_xdc_runtime_Error_print__E)
                  0001b080    000000a0     message_dsp_p674.o674 (.text:_xdc_runtime_HeapStd_free__E)
                  0001b120    000000a0     ti.targets.rts6000.a674 : System.o674 (.text:_xdc_runtime_System_rtsExit__I)
                  0001b1c0    000000a0                             : Text.o674 (.text:_xdc_runtime_Text_xprintf__I)
                  0001b260    00000080     ti.sdo.ipc.a674 : GateMP.o674 (.text:_GateMP_enter)
                  0001b2e0    00000080                     : GateMP.o674 (.text:_GateMP_getLocalProtect)
                  0001b360    00000080                     : GateMP.o674 (.text:_GateMP_getRemoteProtect)
                  0001b3e0    00000080                     : GateMP.o674 (.text:_GateMP_leave)
                  0001b460    00000080     ti.sdo.ipc.heaps.a674 : HeapMemMP.o674 (.text:_HeapMemMP_restore)
                  0001b4e0    00000080     ti.sdo.ipc.a674 : MessageQ.o674 (.text:_MessageQ_unregisterHeap)
                  0001b560    00000080     ti.sdo.utils.a674 : MultiProc.o674 (.text:_MultiProc_getName)
                  0001b5e0    00000080     ti.sdo.ipc.a674 : SharedRegion.o674 (.text:_SharedRegion_getCacheLineSize)
                  0001b660    00000080                     : SharedRegion.o674 (.text:_SharedRegion_getHeap)
                  0001b6e0    00000080                     : SharedRegion.o674 (.text:_SharedRegion_isCacheEnabled)
                  0001b760    00000080     ti.sysbios.family.c64p.a674 : Cache.o674 (.text:_all$30)
                  0001b7e0    00000080     ti.sdo.ipc.a674 : Ipc.o674 (.text:_ti_sdo_ipc_Ipc_getMasterAddr__I)
                  0001b860    00000080                     : Ipc.o674 (.text:_ti_sdo_ipc_Ipc_getSlaveAddr__I)
                  0001b8e0    00000080     message_dsp_p674.o674 (.text:_ti_sdo_ipc_MessageQ_unregisterTransport__E)
                  0001b960    00000080     message_dsp_p674.o674 (.text:_ti_sdo_ipc_gates_GateMPSupportNull_Object__create__S)
                  0001b9e0    00000080     message_dsp_p674.o674 (.text:_ti_sysbios_BIOS_registerRTSLock__E)
                  0001ba60    00000080     ti.sysbios.family.c62.a674 : TaskSupport_asm.o674 (.text:_ti_sysbios_family_c62_TaskSupport_swap__F)
                  0001bae0    00000080     message_dsp_p674.o674 (.text:_ti_sysbios_family_c64p_Cache_invL1pAll__E)
                  0001bb60    00000080     ti.sysbios.family.c64p.a674 : Cache.o674 (.text:_ti_sysbios_family_c64p_Cache_wait__F)
                  0001bbe0    00000080                                 : Hwi.o674 (.text:_ti_sysbios_family_c64p_Hwi_Instance_finalize__F)
                  0001bc60    00000080     message_dsp_p674.o674 (.text:_ti_sysbios_gates_GateAll_Object__create__S)
                  0001bce0    00000080     message_dsp_p674.o674 (.text:_ti_sysbios_gates_GateSwi_enter__E)
                  0001bd60    00000080     ti.sysbios.hal.a674 : Hwi.o674 (.text:_ti_sysbios_hal_Hwi_Instance_finalize__F)
                  0001bde0    00000080                         : Timer.o674 (.text:_ti_sysbios_hal_Timer_Instance_finalize__F)
                  0001be60    00000080     ti.sysbios.knl.a674 : Idle.o674 (.text:_ti_sysbios_knl_Idle_loop__F)
                  0001bee0    00000080                         : Semaphore.o674 (.text:_ti_sysbios_knl_Semaphore_pendTimeout__I)
                  0001bf60    00000080                         : Swi.o674 (.text:_ti_sysbios_knl_Swi_post__F)
                  0001bfe0    00000080     message_dsp_p674.o674 (.text:_ti_sysbios_knl_Task_Module_startup__E)
                  0001c060    00000080     message_dsp_p674.o674 (.text:_ti_sysbios_knl_Task_blockI__E)
                  0001c0e0    00000080     message_dsp_p674.o674 (.text:_ti_sysbios_knl_Task_enable__E)
                  0001c160    00000080     ti.sysbios.knl.a674 : Task.o674 (.text:_ti_sysbios_knl_Task_restoreHwi__E)
                  0001c1e0    00000080     message_dsp_p674.o674 (.text:_ti_sysbios_knl_Task_restore__E)
                  0001c260    00000080     ti.sysbios.syncs.a674 : SyncSem.o674 (.text:_ti_sysbios_syncs_SyncSem_Instance_finalize__F)
                  0001c2e0    00000080     ti.targets.rts6000.a674 : Memory.o674 (.text:_xdc_runtime_Memory_valloc__F)
                  0001c360    00000080     message_dsp_p674.o674 (.text:_xdc_runtime_SysStd_abort__E)
                  0001c3e0    00000080     ti.targets.rts6000.a674 : System.o674 (.text:_xdc_runtime_System_abort__F)
                  0001c460    00000080                             : Text.o674 (.text:_xdc_runtime_Text_printVisFxn__I)
                  0001c4e0    00000080                             : GateThread.o674 (.text:_xdc_runtime_knl_GateThread_Instance_finalize__F)
                  0001c560    00000080     ti.sysbios.hal.a674 : Hwi_stack.o674 (.text:ti_sysbios_hal_Hwi_initStack:_ti_sysbios_hal_Hwi_initStack)
                  0001c5e0    00000060     ti.sdo.ipc.a674 : GateMP.o674 (.text:_GateMP_delete)
                  0001c640    00000060     ti.sdo.ipc.heaps.a674 : HeapBufMP.o674 (.text:_HeapBufMP_alloc)
                  0001c6a0    00000060                           : HeapBufMP.o674 (.text:_HeapBufMP_close)
                  0001c700    00000060                           : HeapBufMP.o674 (.text:_HeapBufMP_delete)
                  0001c760    00000060                           : HeapMemMP.o674 (.text:_HeapMemMP_alloc)
                  0001c7c0    00000060                           : HeapMemMP.o674 (.text:_HeapMemMP_close)
                  0001c820    00000060                           : HeapMemMP.o674 (.text:_HeapMemMP_delete)
                  0001c880    00000060     ti.sdo.ipc.a674 : ListMP.o674 (.text:_ListMP_close)
                  0001c8e0    00000060                     : ListMP.o674 (.text:_ListMP_delete)
                  0001c940    00000060                     : MessageQ.o674 (.text:_MessageQ_delete)
                  0001c9a0    00000060     ti.sdo.utils.a674 : MultiProc.o674 (.text:_MultiProc_setLocalId)
                  0001ca00    00000060                       : NameServer.o674 (.text:_NameServer_delete)
                  0001ca60    00000060     ti.sdo.ipc.a674 : Notify.o674 (.text:_Notify_sharedMemReq)
                  0001cac0    00000060     ti.sysbios.a674 : BIOS.o674 (.text:_rtsLock$28)
                  0001cb20    00000060                     : BIOS.o674 (.text:_rtsUnlock$28)
                  0001cb80    00000060     message_dsp_p674.o674 (.text:_ti_sdo_ipc_Ipc_setEntry__E)
                  0001cbe0    00000060     message_dsp_p674.o674 (.text:_ti_sdo_ipc_MessageQ_Object__delete__S)
                  0001cc40    00000060     message_dsp_p674.o674 (.text:_ti_sdo_ipc_NameServerRemoteNotify_Object__delete__S)
                  0001cca0    00000060     message_dsp_p674.o674 (.text:_ti_sdo_ipc_gates_GateMPSupportNull_Object__delete__S)
                  0001cd00    00000060     ti.sdo.ipc.gates.a674 : GatePeterson.o674 (.text:_ti_sdo_ipc_gates_GatePeterson_Instance_finalize__F)
                  0001cd60    00000060     message_dsp_p674.o674 (.text:_ti_sdo_ipc_gates_GatePeterson_Object__delete__S)
                  0001cdc0    00000060     message_dsp_p674.o674 (.text:_ti_sdo_ipc_heaps_HeapBufMP_Object__delete__S)
                  0001ce20    00000060     message_dsp_p674.o674 (.text:_ti_sdo_ipc_heaps_HeapMemMP_Object__delete__S)
                  0001ce80    00000060     message_dsp_p674.o674 (.text:_ti_sdo_ipc_notifyDrivers_NotifyDriverShm_Object__delete__S)
                  0001cee0    00000060     message_dsp_p674.o674 (.text:_ti_sdo_ipc_notifyDrivers_NotifyDriverShm_setNotifyHandle__E)
                  0001cf40    00000060     message_dsp_p674.o674 (.text:_ti_sdo_ipc_transports_TransportShm_Object__delete__S)
                  0001cfa0    00000060     message_dsp_p674.o674 (.text:_ti_sdo_utils_List_Object__create__S)
                  0001d000    00000060     ti.sysbios.family.c64p.a674 : Cache.o674 (.text:_ti_sysbios_family_c64p_Cache_setSize__F)
                  0001d060    00000060     message_dsp_p674.o674 (.text:_ti_sysbios_gates_GateAll_Object__delete__S)
                  0001d0c0    00000060     ti.sysbios.gates.a674 : GateAll.o674 (.text:_ti_sysbios_gates_GateAll_enter__E)
                  0001d120    00000060     message_dsp_p674.o674 (.text:_ti_sysbios_gates_GateHwi_Object__create__S)
                  0001d180    00000060     message_dsp_p674.o674 (.text:_ti_sysbios_gates_GateHwi_Object__delete__S)
                  0001d1e0    00000060     message_dsp_p674.o674 (.text:_ti_sysbios_gates_GateMutexPri_Object__delete__S)
                  0001d240    00000060     message_dsp_p674.o674 (.text:_ti_sysbios_gates_GateMutex_Object__delete__S)
                  0001d2a0    00000060     message_dsp_p674.o674 (.text:_ti_sysbios_gates_GateSwi_Object__create__S)
                  0001d300    00000060     message_dsp_p674.o674 (.text:_ti_sysbios_gates_GateSwi_Object__delete__S)
                  0001d360    00000060     message_dsp_p674.o674 (.text:_ti_sysbios_knl_Clock_doTick__I)
                  0001d3c0    00000060     ti.sysbios.knl.a674 : Idle.o674 (.text:_ti_sysbios_knl_Idle_run__F)
                  0001d420    00000060     message_dsp_p674.o674 (.text:_ti_sysbios_knl_Queue_Object__create__S)
                  0001d480    00000060     message_dsp_p674.o674 (.text:_ti_sysbios_knl_Task_Object__delete__S)
                  0001d4e0    00000060     ti.sysbios.knl.a674 : Task.o674 (.text:_ti_sysbios_knl_Task_enter__I)
                  0001d540    00000060                         : Task.o674 (.text:_ti_sysbios_knl_Task_sleepTimeout__I)
                  0001d5a0    00000060     message_dsp_p674.o674 (.text:_ti_sysbios_syncs_SyncSem_Object__delete__S)
                  0001d600    00000060     ti.sysbios.timers.timer64.a674 : Timer_asm.o674 (.text:_ti_sysbios_timers_timer64_Timer_spinLoop__I)
                  0001d660    00000060     ti.targets.rts6000.a674 : Assert.o674 (.text:_xdc_runtime_Assert_raise__I)
                  0001d6c0    00000060     message_dsp_p674.o674 (.text:_xdc_runtime_GateNull_Object__create__S)
                  0001d720    00000060     message_dsp_p674.o674 (.text:_xdc_runtime_GateNull_Object__delete__S)
                  0001d780    00000060     message_dsp_p674.o674 (.text:_xdc_runtime_HeapStd_Object__delete__S)
                  0001d7e0    00000060     message_dsp_p674.o674 (.text:_xdc_runtime_Startup_exec__E)
                  0001d840    00000060     message_dsp_p674.o674 (.text:_xdc_runtime_System_aprintf__E)
                  0001d8a0    00000060     message_dsp_p674.o674 (.text:_xdc_runtime_System_atexit__E)
                  0001d900    00000060     message_dsp_p674.o674 (.text:_xdc_runtime_System_printf__E)
                  0001d960    00000060     message_dsp_p674.o674 (.text:_xdc_runtime_knl_GateThread_Object__delete__S)
                  0001d9c0    00000060     ti.sysbios.hal.a674 : Hwi_stack.o674 (.text:ti_sysbios_hal_Hwi_checkStack:_ti_sysbios_hal_Hwi_checkStack)
                  0001da20    00000040     ti.sdo.ipc.heaps.a674 : HeapBufMP.o674 (.text:_HeapBufMP_getStats)
                  0001da60    00000040     ti.sdo.utils.a674 : NameServer.o674 (.text:_NameServer_Params_init)
                  0001daa0    00000040                       : NameServer.o674 (.text:_NameServer_getUInt32)
                  0001dae0    00000040     ti.sdo.ipc.a674 : SharedRegion.o674 (.text:_SharedRegion_getPtr)
                  0001db20    00000040     message_dsp_p674.o674 (.text:_ti_sdo_ipc_MessageQ_Handle__label__S)
                  0001db60    00000040     message_dsp_p674.o674 (.text:_ti_sdo_ipc_MessageQ_Module__startupDone__S)
                  0001dba0    00000040     message_dsp_p674.o674 (.text:_ti_sdo_ipc_MessageQ_Object__destruct__S)
                  0001dbe0    00000040     message_dsp_p674.o674 (.text:_ti_sdo_ipc_NameServerRemoteNotify_Handle__label__S)
                  0001dc20    00000040     message_dsp_p674.o674 (.text:_ti_sdo_ipc_family_da830_InterruptDsp_intClear__E)
                  0001dc60    00000040     message_dsp_p674.o674 (.text:_ti_sdo_ipc_family_da830_InterruptDsp_intDisable__E)
                  0001dca0    00000040     message_dsp_p674.o674 (.text:_ti_sdo_ipc_family_da830_InterruptDsp_intEnable__E)
                  0001dce0    00000040     message_dsp_p674.o674 (.text:_ti_sdo_ipc_family_da830_InterruptDsp_intSend__E)
                  0001dd20    00000040     message_dsp_p674.o674 (.text:_ti_sdo_ipc_family_da830_InterruptDsp_intUnregister__E)
                  0001dd60    00000040     message_dsp_p674.o674 (.text:_ti_sdo_ipc_gates_GateMPSupportNull_Handle__label__S)
                  0001dda0    00000040     message_dsp_p674.o674 (.text:_ti_sdo_ipc_gates_GateMPSupportNull_enter__E)
                  0001dde0    00000040     message_dsp_p674.o674 (.text:_ti_sdo_ipc_gates_GatePeterson_Handle__label__S)
                  0001de20    00000040     message_dsp_p674.o674 (.text:_ti_sdo_ipc_gates_GatePeterson_query__E)
                  0001de60    00000040     message_dsp_p674.o674 (.text:_ti_sdo_ipc_heaps_HeapBufMP_Handle__label__S)
                  0001dea0    00000040     message_dsp_p674.o674 (.text:_ti_sdo_ipc_heaps_HeapBufMP_Object__destruct__S)
                  0001dee0    00000040     message_dsp_p674.o674 (.text:_ti_sdo_ipc_heaps_HeapBufMP_getStats__E)
                  0001df20    00000040     message_dsp_p674.o674 (.text:_ti_sdo_ipc_heaps_HeapMemMP_Handle__label__S)
                  0001df60    00000040     message_dsp_p674.o674 (.text:_ti_sdo_ipc_notifyDrivers_NotifyDriverShm_Handle__label__S)
                  0001dfa0    00000040     message_dsp_p674.o674 (.text:_ti_sdo_ipc_notifyDrivers_NotifyDriverShm_disable__E)
                  0001dfe0    00000040     message_dsp_p674.o674 (.text:_ti_sdo_ipc_notifyDrivers_NotifyDriverShm_enable__E)
                  0001e020    00000040     message_dsp_p674.o674 (.text:_ti_sdo_ipc_transports_TransportShm_Handle__label__S)
                  0001e060    00000040     ti.sdo.utils.a674 : List.o674 (.text:_ti_sdo_utils_List_dequeue__F)
                  0001e0a0    00000040     message_dsp_p674.o674 (.text:_ti_sdo_utils_List_next__E)
                  0001e0e0    00000040     ti.sysbios.family.c62.a674 : TaskSupport_asm.o674 (.text:_ti_sysbios_family_c62_TaskSupport_buildTaskStack)
                  0001e120    00000040     ti.sysbios.family.c64p.a674 : Cache.o674 (.text:_ti_sysbios_family_c64p_Cache_setMar__F)
                  0001e160    00000040     message_dsp_p674.o674 (.text:_ti_sysbios_family_c64p_Exception_Module_startup__E)
                  0001e1a0    00000040     ti.sysbios.family.c64p.a674 : Hwi.o674 (.text:_ti_sysbios_family_c64p_Hwi_disableIER__F)
                  0001e1e0    00000040                                 : Hwi.o674 (.text:_ti_sysbios_family_c64p_Hwi_disableInterrupt__F)
                  0001e220    00000040                                 : Hwi.o674 (.text:_ti_sysbios_family_c64p_Hwi_enableIER__F)
                  0001e260    00000040                                 : Hwi.o674 (.text:_ti_sysbios_family_c64p_Hwi_enableInterrupt__F)
                  0001e2a0    00000040                                 : Hwi_asm_switch.o674 (.text:_ti_sysbios_family_xxx_Hwi_switchToIsrStack)
                  0001e2e0    00000040     message_dsp_p674.o674 (.text:_ti_sysbios_gates_GateAll_Handle__label__S)
                  0001e320    00000040     message_dsp_p674.o674 (.text:_ti_sysbios_gates_GateHwi_Handle__label__S)
                  0001e360    00000040     message_dsp_p674.o674 (.text:_ti_sysbios_gates_GateMutexPri_Handle__label__S)
                  0001e3a0    00000040     ti.sysbios.gates.a674 : GateMutexPri.o674 (.text:_ti_sysbios_gates_GateMutexPri_Instance_finalize__F)
                  0001e3e0    00000040     message_dsp_p674.o674 (.text:_ti_sysbios_gates_GateMutex_Handle__label__S)
                  0001e420    00000040     ti.sysbios.gates.a674 : GateMutex.o674 (.text:_ti_sysbios_gates_GateMutex_Instance_finalize__F)
                  0001e460    00000040     message_dsp_p674.o674 (.text:_ti_sysbios_gates_GateMutex_leave__E)
                  0001e4a0    00000040     message_dsp_p674.o674 (.text:_ti_sysbios_gates_GateSwi_Handle__label__S)
                  0001e4e0    00000040     message_dsp_p674.o674 (.text:_ti_sysbios_gates_GateSwi_query__E)
                  0001e520    00000040     message_dsp_p674.o674 (.text:_ti_sysbios_hal_Hwi_Module_startup__E)
                  0001e560    00000040     message_dsp_p674.o674 (.text:_ti_sysbios_hal_Timer_Module_startup__E)
                  0001e5a0    00000040     message_dsp_p674.o674 (.text:_ti_sysbios_knl_Clock_Module_startup__E)
                  0001e5e0    00000040     ti.sysbios.knl.a674 : Clock.o674 (.text:_ti_sysbios_knl_Clock_start__F)
                  0001e620    00000040                         : Semaphore.o674 (.text:_ti_sysbios_knl_Semaphore_Instance_finalize__F)
                  0001e660    00000040     message_dsp_p674.o674 (.text:_ti_sysbios_knl_Task_Handle__label__S)
                  0001e6a0    00000040     message_dsp_p674.o674 (.text:_ti_sysbios_knl_Task_Module__startupDone__S)
                  0001e6e0    00000040     message_dsp_p674.o674 (.text:_ti_sysbios_knl_Task_Object__destruct__S)
                  0001e720    00000040     message_dsp_p674.o674 (.text:_ti_sysbios_knl_Task_Object__get__S)
                  0001e760    00000040     message_dsp_p674.o674 (.text:_ti_sysbios_knl_Task_getMode__E)
                  0001e7a0    00000040     message_dsp_p674.o674 (.text:_ti_sysbios_knl_Task_unblock__E)
                  0001e7e0    00000040     message_dsp_p674.o674 (.text:_ti_sysbios_syncs_SyncSem_Handle__label__S)
                  0001e820    00000040     ti.sysbios.timers.timer64.a674 : Timer.o674 (.text:_ti_sysbios_timers_timer64_Timer_getFreq__F)
                  0001e860    00000040     ti.sysbios.xdcruntime.a674 : GateThreadSupport.o674 (.text:_ti_sysbios_xdcruntime_GateThreadSupport_Instance_finalize__F)
                  0001e8a0    00000040     message_dsp_p674.o674 (.text:_xdc_runtime_GateNull_Handle__label__S)
                  0001e8e0    00000040     message_dsp_p674.o674 (.text:_xdc_runtime_HeapStd_Handle__label__S)
                  0001e920    00000040     message_dsp_p674.o674 (.text:_xdc_runtime_Memory_free__E)
                  0001e960    00000040     message_dsp_p674.o674 (.text:_xdc_runtime_System_Module__startupDone__S)
                  0001e9a0    00000040     ti.targets.rts6000.a674 : System.o674 (.text:_xdc_runtime_System_aprintf_va__F)
                  0001e9e0    00000040     message_dsp_p674.o674 (.text:_xdc_runtime_System_asprintf__E)
                  0001ea20    00000040     message_dsp_p674.o674 (.text:_xdc_runtime_System_avprintf__E)
                  0001ea60    00000040     ti.targets.rts6000.a674 : System.o674 (.text:_xdc_runtime_System_printf_va__F)
                  0001eaa0    00000040     message_dsp_p674.o674 (.text:_xdc_runtime_System_sprintf__E)
                  0001eae0    00000040     message_dsp_p674.o674 (.text:_xdc_runtime_System_vprintf__E)
                  0001eb20    00000040     message_dsp_p674.o674 (.text:_xdc_runtime_knl_GateThread_Handle__label__S)
                  0001eb60    00000020     ti.sdo.ipc.a674 : GateMP.o674 (.text:_GateMP_getDefaultRemote)
                  0001eb80    00000020     ti.sdo.ipc.heaps.a674 : HeapMemMP.o674 (.text:_HeapMemMP_free)
                  0001eba0    00000020                           : HeapMemMP.o674 (.text:_HeapMemMP_getExtendedStats)
                  0001ebc0    00000020                           : HeapMemMP.o674 (.text:_HeapMemMP_getStats)
                  0001ebe0    00000020     ti.sdo.ipc.a674 : ListMP.o674 (.text:_ListMP_Params_init)
                  0001ec00    00000020                     : ListMP.o674 (.text:_ListMP_getGate)
                  0001ec20    00000020                     : MessageQ.o674 (.text:_MessageQ_Params_init)
                  0001ec40    00000020                     : MessageQ.o674 (.text:_MessageQ_close)
                  0001ec60    00000020                     : MessageQ.o674 (.text:_MessageQ_getQueueId)
                  0001ec80    00000020                     : MessageQ.o674 (.text:_MessageQ_setMsgTrace)
                  0001eca0    00000020                     : MessageQ.o674 (.text:_MessageQ_setReplyQueue)
                  0001ecc0    00000020     ti.sdo.utils.a674 : MultiProc.o674 (.text:_MultiProc_getNumProcessors)
                  0001ece0    00000020                       : MultiProc.o674 (.text:_MultiProc_self)
                  0001ed00    00000020                       : NameServer.o674 (.text:_NameServer_addUInt32)
                  0001ed20    00000020                       : NameServer.o674 (.text:_NameServer_getLocalUInt32)
                  0001ed40    00000020                       : NameServer.o674 (.text:_NameServer_removeEntry)
                  0001ed60    00000020     ti.sdo.ipc.a674 : Notify.o674 (.text:_Notify_attach)
                  0001ed80    00000020                     : Notify.o674 (.text:_Notify_numIntLines)
                  0001eda0    00000020                     : SharedRegion.o674 (.text:_SharedRegion_getNumRegions)
                  0001edc0    00000020                     : SharedRegion.o674 (.text:_SharedRegion_invalidSRPtr)
                  0001ede0    00000020                     : SharedRegion.o674 (.text:_SharedRegion_translateEnabled)
                  0001ee00    00000020     ti.targets.rts6000.a674 : xdc_noinit.o674 (.text:___xdc__init)
                  0001ee20    00000020     ti.sysbios.timers.timer64.a674 : Timer.o674 (.text:_postInit$21)
                  0001ee40    00000020     ti.sdo.ipc.a674 : GateMP.o674 (.text:_ti_sdo_ipc_GateMP_setDefaultRemote__F)
                  0001ee60    00000020     message_dsp_p674.o674 (.text:_ti_sdo_ipc_Ipc_Module__startupDone__S)
                  0001ee80    00000020     message_dsp_p674.o674 (.text:_ti_sdo_ipc_Ipc_dummy__E)
                  0001eea0    00000020     message_dsp_p674.o674 (.text:_ti_sdo_ipc_MessageQ_Object__first__S)
                  0001eec0    00000020     message_dsp_p674.o674 (.text:_ti_sdo_ipc_MessageQ_Object__get__S)
                  0001eee0    00000020     message_dsp_p674.o674 (.text:_ti_sdo_ipc_MessageQ_Object__next__S)
                  0001ef00    00000020     message_dsp_p674.o674 (.text:_ti_sdo_ipc_MessageQ_attach__E)
                  0001ef20    00000020     message_dsp_p674.o674 (.text:_ti_sdo_ipc_MessageQ_detach__E)
                  0001ef40    00000020     message_dsp_p674.o674 (.text:_ti_sdo_ipc_MessageQ_sharedMemReq__E)
                  0001ef60    00000020     ti.sdo.ipc.a674 : NameServerRemoteNotify.o674 (.text:_ti_sdo_ipc_NameServerRemoteNotify_cbFxn__I)
                  0001ef80    00000020     message_dsp_p674.o674 (.text:_ti_sdo_ipc_Notify_exec__E)
                  0001efa0    00000020     message_dsp_p674.o674 (.text:_ti_sdo_ipc_SharedRegion_Module__startupDone__S)
                  0001efc0    00000020     message_dsp_p674.o674 (.text:_ti_sdo_ipc_family_da830_InterruptDsp_intPost__E)
                  0001efe0    00000020     message_dsp_p674.o674 (.text:_ti_sdo_ipc_family_da830_NotifySetup_numIntLines__E)
                  0001f000    00000020     message_dsp_p674.o674 (.text:_ti_sdo_ipc_gates_GateMPSupportNull_leave__E)
                  0001f020    00000020     message_dsp_p674.o674 (.text:_ti_sdo_ipc_gates_GateMPSupportNull_query__E)
                  0001f040    00000020     message_dsp_p674.o674 (.text:_ti_sdo_ipc_gates_GateMPSupportNull_sharedMemReq__E)
                  0001f060    00000020     message_dsp_p674.o674 (.text:_ti_sdo_ipc_heaps_HeapBufMP_Module__startupDone__S)
                  0001f080    00000020     message_dsp_p674.o674 (.text:_ti_sdo_ipc_heaps_HeapBufMP_Object__first__S)
                  0001f0a0    00000020     message_dsp_p674.o674 (.text:_ti_sdo_ipc_heaps_HeapBufMP_Object__get__S)
                  0001f0c0    00000020     message_dsp_p674.o674 (.text:_ti_sdo_ipc_heaps_HeapBufMP_Object__next__S)
                  0001f0e0    00000020     message_dsp_p674.o674 (.text:_ti_sdo_ipc_heaps_HeapBufMP_isBlocking__E)
                  0001f100    00000020     message_dsp_p674.o674 (.text:_ti_sdo_ipc_heaps_HeapMemMP_isBlocking__E)
                  0001f120    00000020     message_dsp_p674.o674 (.text:_ti_sdo_ipc_transports_TransportShmSetup_isRegistered__E)
                  0001f140    00000020     message_dsp_p674.o674 (.text:_ti_sdo_ipc_transports_TransportShm_control__E)
                  0001f160    00000020     message_dsp_p674.o674 (.text:_ti_sdo_ipc_transports_TransportShm_getStatus__E)
                  0001f180    00000020     ti.sdo.ipc.transports.a674 : TransportShm.o674 (.text:_ti_sdo_ipc_transports_TransportShm_notifyFxn__I)
                  0001f1a0    00000020     message_dsp_p674.o674 (.text:_ti_sdo_ipc_transports_TransportShm_setErrFxn__E)
                  0001f1c0    00000020     ti.sdo.utils.a674 : List.o674 (.text:_ti_sdo_utils_List_enqueueHead__F)
                  0001f1e0    00000020                       : List.o674 (.text:_ti_sdo_utils_List_enqueue__F)
                  0001f200    00000020     message_dsp_p674.o674 (.text:_ti_sdo_utils_MultiProc_Module__startupDone__S)
                  0001f220    00000020     ti.sdo.utils.a674 : NameServer.o674 (.text:_ti_sdo_utils_NameServer_Instance_State_nameList$19)
                  0001f240    00000020     message_dsp_p674.o674 (.text:_ti_sysbios_BIOS_Module__startupDone__S)
                  0001f260    00000020     message_dsp_p674.o674 (.text:_ti_sysbios_BIOS_getCpuFreq__E)
                  0001f280    00000020     message_dsp_p674.o674 (.text:_ti_sysbios_BIOS_getThreadType__E)
                  0001f2a0    00000020     message_dsp_p674.o674 (.text:_ti_sysbios_BIOS_setCpuFreq__E)
                  0001f2c0    00000020     message_dsp_p674.o674 (.text:_ti_sysbios_BIOS_setThreadType__E)
                  0001f2e0    00000020     message_dsp_p674.o674 (.text:_ti_sysbios_BIOS_start__E)
                  0001f300    00000020     ti.sysbios.family.c62.a674 : TaskSupport_asm.o674 (.text:_ti_sysbios_family_c62_TaskSupport_glue)
                  0001f320    00000020     message_dsp_p674.o674 (.text:_ti_sysbios_family_c64p_Cache_wbInv__E)
                  0001f340    00000020     ti.sysbios.family.c64p.a674 : Hwi.o674 (.text:_ti_sysbios_family_c64p_Hwi_disable__E)
                  0001f360    00000020                                 : Hwi.o674 (.text:_ti_sysbios_family_c64p_Hwi_restore__E)
                  0001f380    00000020                                 : Hwi.o674 (.text:_ti_sysbios_family_c64p_Hwi_unPluggedInterrupt__I)
                  0001f3a0    00000020                                 : Hwi_asm_switch.o674 (.text:_ti_sysbios_family_xxx_Hwi_switchToTaskStack)
                  0001f3c0    00000020     message_dsp_p674.o674 (.text:_ti_sysbios_gates_GateAll_query__E)
                  0001f3e0    00000020     ti.sysbios.gates.a674 : GateHwi.o674 (.text:_ti_sysbios_gates_GateHwi_enter__E)
                  0001f400    00000020                           : GateHwi.o674 (.text:_ti_sysbios_gates_GateHwi_leave__E)
                  0001f420    00000020     message_dsp_p674.o674 (.text:_ti_sysbios_gates_GateHwi_query__E)
                  0001f440    00000020     message_dsp_p674.o674 (.text:_ti_sysbios_gates_GateMutexPri_query__E)
                  0001f460    00000020     message_dsp_p674.o674 (.text:_ti_sysbios_gates_GateMutex_query__E)
                  0001f480    00000020     message_dsp_p674.o674 (.text:_ti_sysbios_hal_Hwi_HwiProxy_enable__E)
                  0001f4a0    00000020     ti.sysbios.knl.a674 : Swi.o674 (.text:_ti_sysbios_knl_Queue_Object_get$44)
                  0001f4c0    00000020                         : Swi.o674 (.text:_ti_sysbios_knl_Swi_Instance_finalize__F)
                  0001f4e0    00000020     message_dsp_p674.o674 (.text:_ti_sysbios_knl_Swi_Module_startup__E)
                  0001f500    00000020     ti.sysbios.knl.a674 : Swi.o674 (.text:_ti_sysbios_knl_Swi_disable__F)
                  0001f520    00000020     message_dsp_p674.o674 (.text:_ti_sysbios_knl_Task_Object__first__S)
                  0001f540    00000020     message_dsp_p674.o674 (.text:_ti_sysbios_knl_Task_Object__next__S)
                  0001f560    00000020     ti.sysbios.knl.a674 : Task.o674 (.text:_ti_sysbios_knl_Task_allBlockedFunction__I)
                  0001f580    00000020     message_dsp_p674.o674 (.text:_ti_sysbios_knl_Task_disable__E)
                  0001f5a0    00000020     message_dsp_p674.o674 (.text:_ti_sysbios_knl_Task_exit__E)
                  0001f5c0    00000020     message_dsp_p674.o674 (.text:_ti_sysbios_knl_Task_getArg0__E)
                  0001f5e0    00000020     message_dsp_p674.o674 (.text:_ti_sysbios_knl_Task_getArg1__E)
                  0001f600    00000020     message_dsp_p674.o674 (.text:_ti_sysbios_knl_Task_getEnv__E)
                  0001f620    00000020     message_dsp_p674.o674 (.text:_ti_sysbios_knl_Task_getHookContext__E)
                  0001f640    00000020     message_dsp_p674.o674 (.text:_ti_sysbios_knl_Task_getIdleTask__E)
                  0001f660    00000020     message_dsp_p674.o674 (.text:_ti_sysbios_knl_Task_getPri__E)
                  0001f680    00000020     message_dsp_p674.o674 (.text:_ti_sysbios_knl_Task_self__E)
                  0001f6a0    00000020     message_dsp_p674.o674 (.text:_ti_sysbios_knl_Task_setArg0__E)
                  0001f6c0    00000020     message_dsp_p674.o674 (.text:_ti_sysbios_knl_Task_setArg1__E)
                  0001f6e0    00000020     message_dsp_p674.o674 (.text:_ti_sysbios_knl_Task_setEnv__E)
                  0001f700    00000020     message_dsp_p674.o674 (.text:_ti_sysbios_knl_Task_setHookContext__E)
                  0001f720    00000020     message_dsp_p674.o674 (.text:_ti_sysbios_knl_Task_unblockI__E)
                  0001f740    00000020     message_dsp_p674.o674 (.text:_ti_sysbios_syncs_SyncSem_query__E)
                  0001f760    00000020     message_dsp_p674.o674 (.text:_ti_sysbios_syncs_SyncSem_signal__E)
                  0001f780    00000020     ti.targets.rts6000.a674 : Core-label.o674 (.text:_xdc_runtime_Core_assignLabel__I)
                  0001f7a0    00000020     message_dsp_p674.o674 (.text:_xdc_runtime_Error_check__E)
                  0001f7c0    00000020     ti.targets.rts6000.a674 : Error.o674 (.text:_xdc_runtime_Error_getSite__F)
                  0001f7e0    00000020     message_dsp_p674.o674 (.text:_xdc_runtime_Error_raiseX__E)
                  0001f800    00000020     message_dsp_p674.o674 (.text:_xdc_runtime_GateNull_enter__E)
                  0001f820    00000020     message_dsp_p674.o674 (.text:_xdc_runtime_GateNull_leave__E)
                  0001f840    00000020     message_dsp_p674.o674 (.text:_xdc_runtime_GateNull_query__E)
                  0001f860    00000020     message_dsp_p674.o674 (.text:_xdc_runtime_HeapStd_getStats__E)
                  0001f880    00000020     message_dsp_p674.o674 (.text:_xdc_runtime_HeapStd_isBlocking__E)
                  0001f8a0    00000020     message_dsp_p674.o674 (.text:_xdc_runtime_Memory_calloc__E)
                  0001f8c0    00000020     message_dsp_p674.o674 (.text:_xdc_runtime_Startup_Module__startupDone__S)
                  0001f8e0    00000020     message_dsp_p674.o674 (.text:_xdc_runtime_Startup_exec__I)
                  0001f900    00000020     message_dsp_p674.o674 (.text:_xdc_runtime_Startup_reset__I)
                  0001f920    00000020     message_dsp_p674.o674 (.text:_xdc_runtime_Startup_rtsDone__E)
                  0001f940    00000020     message_dsp_p674.o674 (.text:_xdc_runtime_SysStd_Module__startupDone__S)
                  0001f960    00000020     message_dsp_p674.o674 (.text:_xdc_runtime_SysStd_exit__E)
                  0001f980    00000020     message_dsp_p674.o674 (.text:_xdc_runtime_SysStd_flush__E)
                  0001f9a0    00000020     message_dsp_p674.o674 (.text:_xdc_runtime_SysStd_putch__E)
                  0001f9c0    00000020     message_dsp_p674.o674 (.text:_xdc_runtime_SysStd_ready__E)
                  0001f9e0    00000020     message_dsp_p674.o674 (.text:_xdc_runtime_System_Module_startup__E)
                  0001fa00    00000020     ti.targets.rts6000.a674 : System.o674 (.text:_xdc_runtime_System_asprintf_va__F)
                  0001fa20    00000020     message_dsp_p674.o674 (.text:_xdc_runtime_System_avsprintf__E)
                  0001fa40    00000020     ti.targets.rts6000.a674 : System.o674 (.text:_xdc_runtime_System_exit__F)
                  0001fa60    00000020     message_dsp_p674.o674 (.text:_xdc_runtime_System_flush__E)
                  0001fa80    00000020     message_dsp_p674.o674 (.text:_xdc_runtime_System_putch__E)
                  0001faa0    00000020     ti.targets.rts6000.a674 : System.o674 (.text:_xdc_runtime_System_sprintf_va__F)
                  0001fac0    00000020     message_dsp_p674.o674 (.text:_xdc_runtime_System_vsprintf__E)
                  0001fae0    00000020     message_dsp_p674.o674 (.text:_xdc_runtime_Text_ropeText__E)
                  0001fb00    00000020     message_dsp_p674.o674 (.text:_xdc_runtime_Text_visitRope__I)
                  0001fb20    00000020     message_dsp_p674.o674 (.text:_xdc_runtime_knl_GateThread_enter__E)
                  0001fb40    00000020     message_dsp_p674.o674 (.text:_xdc_runtime_knl_GateThread_leave__E)
                  0001fb60    00000020     message_dsp_p674.o674 (.text:_xdc_runtime_knl_GateThread_query__E)
                  0001fb80    00000020     ti.sysbios.hal.a674 : Hwi.o674 (.text:ti_sysbios_hal_Hwi_disable__E:_ti_sysbios_hal_Hwi_disable__E)
                  0001fba0    00000020                         : Hwi.o674 (.text:ti_sysbios_hal_Hwi_restore__E:_ti_sysbios_hal_Hwi_restore__E)

.const:xdc_runtime_Text_charTab__A 
*          0    0001fbc0    00001fa8     
                  0001fbc0    00001fa8     message_dsp_p674.o674 (.const:xdc_runtime_Text_charTab__A)

.cinit     0    00021b68    000013e4     
                  00021b68    000013e4     <whole-program> (.cinit)

.bss       0    00022f4c    00000004     UNINITIALIZED
                  00022f4c    00000004     message_dsp_p674.o674 (.bss)

.far       0    00022f50    000010c0     UNINITIALIZED
                  00022f50    000010c0     message_dsp_p674.o674 (.far)

.taskStackSection 
*          0    00024010    00001000     UNINITIALIZED
                  00024010    00001000     message_dsp_p674.o674 (.taskStackSection)

.const:.string 
*          0    00025010    000001c4     
                  00025010    000001c4     <whole-program> (.const:.string)

.const:ti_sdo_ipc_GateMP_A_invalidClose__C 
*          0    000251d4    00000004     
                  000251d4    00000004     message_dsp_p674.o674 (.const:ti_sdo_ipc_GateMP_A_invalidClose__C)

.const:xdc_runtime_Text_nodeTab__A 
*          0    000251d8    00000154     
                  000251d8    00000154     message_dsp_p674.o674 (.const:xdc_runtime_Text_nodeTab__A)

.const:ti_sysbios_timers_timer64_Timer_Object__PARAMS__C 
*          0    0002532c    00000064     
                  0002532c    00000064     message_dsp_p674.o674 (.const:ti_sysbios_timers_timer64_Timer_Object__PARAMS__C)

.const:ti_sdo_ipc_heaps_HeapBufMP_Object__PARAMS__C 
*          0    00025390    00000038     
                  00025390    00000038     message_dsp_p674.o674 (.const:ti_sdo_ipc_heaps_HeapBufMP_Object__PARAMS__C)

.const:ti_sdo_ipc_notifyDrivers_NotifyDriverShm_Module__FXNS__C 
*          0    000253c8    00000038     
                  000253c8    00000038     message_dsp_p674.o674 (.const:ti_sdo_ipc_notifyDrivers_NotifyDriverShm_Module__FXNS__C)

.vecs      0    00025400    00000200     
                  00025400    00000200     <whole-program> (.vecs)

xdc.meta   0    00025600    00000127     
                  00025600    00000127     message_dsp_p674.o674 (xdc.meta)

.const:ti_sysbios_knl_Task_Object__PARAMS__C 
*          0    00025728    00000038     
                  00025728    00000038     message_dsp_p674.o674 (.const:ti_sysbios_knl_Task_Object__PARAMS__C)

.const:ti_sdo_ipc_GateMP_Object__PARAMS__C 
*          0    00025760    00000034     
                  00025760    00000034     message_dsp_p674.o674 (.const:ti_sdo_ipc_GateMP_Object__PARAMS__C)

.const:ti_sdo_ipc_family_da830_InterruptDsp_Module__FXNS__C 
*          0    00025794    00000034     
                  00025794    00000034     message_dsp_p674.o674 (.const:ti_sdo_ipc_family_da830_InterruptDsp_Module__FXNS__C)

.const:ti_sdo_ipc_notifyDrivers_NotifyDriverShm_Object__PARAMS__C 
*          0    000257c8    00000034     
                  000257c8    00000034     message_dsp_p674.o674 (.const:ti_sdo_ipc_notifyDrivers_NotifyDriverShm_Object__PARAMS__C)

.const:ti_sysbios_hal_Timer_Object__PARAMS__C 
*          0    000257fc    00000034     
                  000257fc    00000034     message_dsp_p674.o674 (.const:ti_sysbios_hal_Timer_Object__PARAMS__C)

.const:xdc_runtime_Startup_sfxnTab__A 
*          0    00025830    00000034     
                  00025830    00000034     message_dsp_p674.o674 (.const:xdc_runtime_Startup_sfxnTab__A)

.const:ti_sdo_ipc_heaps_HeapMemMP_Object__PARAMS__C 
*          0    00025864    00000030     
                  00025864    00000030     message_dsp_p674.o674 (.const:ti_sdo_ipc_heaps_HeapMemMP_Object__PARAMS__C)

.const:ti_sysbios_family_c64p_Hwi_Object__PARAMS__C 
*          0    00025894    00000030     
                  00025894    00000030     message_dsp_p674.o674 (.const:ti_sysbios_family_c64p_Hwi_Object__PARAMS__C)

.const:ti_sdo_ipc_ListMP_Object__PARAMS__C 
*          0    000258c4    0000002c     
                  000258c4    0000002c     message_dsp_p674.o674 (.const:ti_sdo_ipc_ListMP_Object__PARAMS__C)

.const:ti_sdo_utils_NameServer_Object__PARAMS__C 
*          0    000258f0    0000002c     
                  000258f0    0000002c     message_dsp_p674.o674 (.const:ti_sdo_utils_NameServer_Object__PARAMS__C)

.const:ti_sysbios_hal_Hwi_Object__PARAMS__C 
*          0    0002591c    0000002c     
                  0002591c    0000002c     message_dsp_p674.o674 (.const:ti_sysbios_hal_Hwi_Object__PARAMS__C)

.const:xdc_runtime_SysStd_Module__FXNS__C 
*          0    00025948    0000002c     
                  00025948    0000002c     message_dsp_p674.o674 (.const:xdc_runtime_SysStd_Module__FXNS__C)

.const:ti_sdo_ipc_gates_GateMPSupportNull_Module__FXNS__C 
*          0    00025974    00000028     
                  00025974    00000028     message_dsp_p674.o674 (.const:ti_sdo_ipc_gates_GateMPSupportNull_Module__FXNS__C)

.const:ti_sdo_ipc_gates_GatePeterson_Module__FXNS__C 
*          0    0002599c    00000028     
                  0002599c    00000028     message_dsp_p674.o674 (.const:ti_sdo_ipc_gates_GatePeterson_Module__FXNS__C)

.const:ti_sdo_ipc_heaps_HeapBufMP_Module__FXNS__C 
*          0    000259c4    00000028     
                  000259c4    00000028     message_dsp_p674.o674 (.const:ti_sdo_ipc_heaps_HeapBufMP_Module__FXNS__C)

.const:ti_sdo_ipc_heaps_HeapMemMP_Module__FXNS__C 
*          0    000259ec    00000028     
                  000259ec    00000028     message_dsp_p674.o674 (.const:ti_sdo_ipc_heaps_HeapMemMP_Module__FXNS__C)

.const:ti_sdo_ipc_transports_TransportShmSetup_Module__FXNS__C 
*          0    00025a14    00000028     
                  00025a14    00000028     message_dsp_p674.o674 (.const:ti_sdo_ipc_transports_TransportShmSetup_Module__FXNS__C)

.const:ti_sdo_ipc_transports_TransportShm_Module__FXNS__C 
*          0    00025a3c    00000028     
                  00025a3c    00000028     message_dsp_p674.o674 (.const:ti_sdo_ipc_transports_TransportShm_Module__FXNS__C)

.const:ti_sdo_ipc_transports_TransportShm_Object__PARAMS__C 
*          0    00025a64    00000028     
                  00025a64    00000028     message_dsp_p674.o674 (.const:ti_sdo_ipc_transports_TransportShm_Object__PARAMS__C)

.const:ti_sysbios_knl_Swi_Object__PARAMS__C 
*          0    00025a8c    00000028     
                  00025a8c    00000028     message_dsp_p674.o674 (.const:ti_sysbios_knl_Swi_Object__PARAMS__C)

.const:xdc_runtime_HeapStd_Module__FXNS__C 
*          0    00025ab4    00000028     
                  00025ab4    00000028     message_dsp_p674.o674 (.const:xdc_runtime_HeapStd_Module__FXNS__C)

.const:ti_sdo_ipc_family_da830_NotifySetup_Module__FXNS__C 
*          0    00025adc    00000024     
                  00025adc    00000024     message_dsp_p674.o674 (.const:ti_sdo_ipc_family_da830_NotifySetup_Module__FXNS__C)

.const:ti_sdo_ipc_gates_GateMPSupportNull_Object__PARAMS__C 
*          0    00025b00    00000024     
                  00025b00    00000024     message_dsp_p674.o674 (.const:ti_sdo_ipc_gates_GateMPSupportNull_Object__PARAMS__C)

.const:ti_sdo_ipc_gates_GatePeterson_Object__PARAMS__C 
*          0    00025b24    00000024     
                  00025b24    00000024     message_dsp_p674.o674 (.const:ti_sdo_ipc_gates_GatePeterson_Object__PARAMS__C)

.const:ti_sysbios_gates_GateAll_Module__FXNS__C 
*          0    00025b48    00000024     
                  00025b48    00000024     message_dsp_p674.o674 (.const:ti_sysbios_gates_GateAll_Module__FXNS__C)

.const:ti_sysbios_gates_GateHwi_Module__FXNS__C 
*          0    00025b6c    00000024     
                  00025b6c    00000024     message_dsp_p674.o674 (.const:ti_sysbios_gates_GateHwi_Module__FXNS__C)

.const:ti_sysbios_gates_GateMutexPri_Module__FXNS__C 
*          0    00025b90    00000024     
                  00025b90    00000024     message_dsp_p674.o674 (.const:ti_sysbios_gates_GateMutexPri_Module__FXNS__C)

.const:ti_sysbios_gates_GateMutex_Module__FXNS__C 
*          0    00025bb4    00000024     
                  00025bb4    00000024     message_dsp_p674.o674 (.const:ti_sysbios_gates_GateMutex_Module__FXNS__C)

.const:ti_sysbios_gates_GateSwi_Module__FXNS__C 
*          0    00025bd8    00000024     
                  00025bd8    00000024     message_dsp_p674.o674 (.const:ti_sysbios_gates_GateSwi_Module__FXNS__C)

.const:ti_sysbios_knl_Clock_Object__PARAMS__C 
*          0    00025bfc    00000024     
                  00025bfc    00000024     message_dsp_p674.o674 (.const:ti_sysbios_knl_Clock_Object__PARAMS__C)

.const:ti_sysbios_knl_Semaphore_Object__PARAMS__C 
*          0    00025c20    00000024     
                  00025c20    00000024     message_dsp_p674.o674 (.const:ti_sysbios_knl_Semaphore_Object__PARAMS__C)

.const:ti_sysbios_syncs_SyncSem_Module__FXNS__C 
*          0    00025c44    00000024     
                  00025c44    00000024     message_dsp_p674.o674 (.const:ti_sysbios_syncs_SyncSem_Module__FXNS__C)

.const:xdc_runtime_GateNull_Module__FXNS__C 
*          0    00025c68    00000024     
                  00025c68    00000024     message_dsp_p674.o674 (.const:xdc_runtime_GateNull_Module__FXNS__C)

.const:xdc_runtime_knl_GateThread_Module__FXNS__C 
*          0    00025c8c    00000024     
                  00025c8c    00000024     message_dsp_p674.o674 (.const:xdc_runtime_knl_GateThread_Module__FXNS__C)

.const:ti_sdo_ipc_GateMP_Object__DESC__C 
*          0    00025cb0    00000020     
                  00025cb0    00000020     message_dsp_p674.o674 (.const:ti_sdo_ipc_GateMP_Object__DESC__C)

.const:ti_sdo_ipc_ListMP_Object__DESC__C 
*          0    00025cd0    00000020     
                  00025cd0    00000020     message_dsp_p674.o674 (.const:ti_sdo_ipc_ListMP_Object__DESC__C)

.const:ti_sdo_ipc_MessageQ_Object__DESC__C 
*          0    00025cf0    00000020     
                  00025cf0    00000020     message_dsp_p674.o674 (.const:ti_sdo_ipc_MessageQ_Object__DESC__C)

.const:ti_sdo_ipc_NameServerRemoteNotify_Object__DESC__C 
*          0    00025d10    00000020     
                  00025d10    00000020     message_dsp_p674.o674 (.const:ti_sdo_ipc_NameServerRemoteNotify_Object__DESC__C)

.const:ti_sdo_ipc_NameServerRemoteNotify_Object__PARAMS__C 
*          0    00025d30    00000020     
                  00025d30    00000020     message_dsp_p674.o674 (.const:ti_sdo_ipc_NameServerRemoteNotify_Object__PARAMS__C)

.const:ti_sdo_ipc_Notify_Object__DESC__C 
*          0    00025d50    00000020     
                  00025d50    00000020     message_dsp_p674.o674 (.const:ti_sdo_ipc_Notify_Object__DESC__C)

.const:ti_sdo_ipc_gates_GateMPSupportNull_Object__DESC__C 
*          0    00025d70    00000020     
                  00025d70    00000020     message_dsp_p674.o674 (.const:ti_sdo_ipc_gates_GateMPSupportNull_Object__DESC__C)

.const:ti_sdo_ipc_gates_GatePeterson_Object__DESC__C 
*          0    00025d90    00000020     
                  00025d90    00000020     message_dsp_p674.o674 (.const:ti_sdo_ipc_gates_GatePeterson_Object__DESC__C)

.const:ti_sdo_ipc_heaps_HeapBufMP_Object__DESC__C 
*          0    00025db0    00000020     
                  00025db0    00000020     message_dsp_p674.o674 (.const:ti_sdo_ipc_heaps_HeapBufMP_Object__DESC__C)

.const:ti_sdo_ipc_heaps_HeapMemMP_Object__DESC__C 
*          0    00025dd0    00000020     
                  00025dd0    00000020     message_dsp_p674.o674 (.const:ti_sdo_ipc_heaps_HeapMemMP_Object__DESC__C)

.const:ti_sdo_ipc_notifyDrivers_NotifyDriverShm_Object__DESC__C 
*          0    00025df0    00000020     
                  00025df0    00000020     message_dsp_p674.o674 (.const:ti_sdo_ipc_notifyDrivers_NotifyDriverShm_Object__DESC__C)

.const:ti_sdo_ipc_transports_TransportShm_Object__DESC__C 
*          0    00025e10    00000020     
                  00025e10    00000020     message_dsp_p674.o674 (.const:ti_sdo_ipc_transports_TransportShm_Object__DESC__C)

.const:ti_sdo_utils_List_Object__DESC__C 
*          0    00025e30    00000020     
                  00025e30    00000020     message_dsp_p674.o674 (.const:ti_sdo_utils_List_Object__DESC__C)

.const:ti_sdo_utils_NameServer_Object__DESC__C 
*          0    00025e50    00000020     
                  00025e50    00000020     message_dsp_p674.o674 (.const:ti_sdo_utils_NameServer_Object__DESC__C)

.const:ti_sysbios_family_c64p_Hwi_Object__DESC__C 
*          0    00025e70    00000020     
                  00025e70    00000020     message_dsp_p674.o674 (.const:ti_sysbios_family_c64p_Hwi_Object__DESC__C)

.const:ti_sysbios_gates_GateAll_Object__DESC__C 
*          0    00025e90    00000020     
                  00025e90    00000020     message_dsp_p674.o674 (.const:ti_sysbios_gates_GateAll_Object__DESC__C)

.const:ti_sysbios_gates_GateHwi_Object__DESC__C 
*          0    00025eb0    00000020     
                  00025eb0    00000020     message_dsp_p674.o674 (.const:ti_sysbios_gates_GateHwi_Object__DESC__C)

.const:ti_sysbios_gates_GateMutexPri_Object__DESC__C 
*          0    00025ed0    00000020     
                  00025ed0    00000020     message_dsp_p674.o674 (.const:ti_sysbios_gates_GateMutexPri_Object__DESC__C)

.const:ti_sysbios_gates_GateMutex_Object__DESC__C 
*          0    00025ef0    00000020     
                  00025ef0    00000020     message_dsp_p674.o674 (.const:ti_sysbios_gates_GateMutex_Object__DESC__C)

.const:ti_sysbios_gates_GateSwi_Object__DESC__C 
*          0    00025f10    00000020     
                  00025f10    00000020     message_dsp_p674.o674 (.const:ti_sysbios_gates_GateSwi_Object__DESC__C)

.const:ti_sysbios_hal_Hwi_Object__DESC__C 
*          0    00025f30    00000020     
                  00025f30    00000020     message_dsp_p674.o674 (.const:ti_sysbios_hal_Hwi_Object__DESC__C)

.const:ti_sysbios_hal_Timer_Object__DESC__C 
*          0    00025f50    00000020     
                  00025f50    00000020     message_dsp_p674.o674 (.const:ti_sysbios_hal_Timer_Object__DESC__C)

.const:ti_sysbios_knl_Clock_Object__DESC__C 
*          0    00025f70    00000020     
                  00025f70    00000020     message_dsp_p674.o674 (.const:ti_sysbios_knl_Clock_Object__DESC__C)

.const:ti_sysbios_knl_Queue_Object__DESC__C 
*          0    00025f90    00000020     
                  00025f90    00000020     message_dsp_p674.o674 (.const:ti_sysbios_knl_Queue_Object__DESC__C)

.const:ti_sysbios_knl_Semaphore_Object__DESC__C 
*          0    00025fb0    00000020     
                  00025fb0    00000020     message_dsp_p674.o674 (.const:ti_sysbios_knl_Semaphore_Object__DESC__C)

.const:ti_sysbios_knl_Swi_Object__DESC__C 
*          0    00025fd0    00000020     
                  00025fd0    00000020     message_dsp_p674.o674 (.const:ti_sysbios_knl_Swi_Object__DESC__C)

.const:ti_sysbios_knl_Task_Object__DESC__C 
*          0    00025ff0    00000020     
                  00025ff0    00000020     message_dsp_p674.o674 (.const:ti_sysbios_knl_Task_Object__DESC__C)

.const:ti_sysbios_syncs_SyncSem_Object__DESC__C 
*          0    00026010    00000020     
                  00026010    00000020     message_dsp_p674.o674 (.const:ti_sysbios_syncs_SyncSem_Object__DESC__C)

.const:ti_sysbios_timers_timer64_Timer_Object__DESC__C 
*          0    00026030    00000020     
                  00026030    00000020     message_dsp_p674.o674 (.const:ti_sysbios_timers_timer64_Timer_Object__DESC__C)

.const:ti_sysbios_timers_timer64_Timer_timerSettings__A 
*          0    00026050    00000020     
                  00026050    00000020     message_dsp_p674.o674 (.const:ti_sysbios_timers_timer64_Timer_timerSettings__A)

.const:ti_sysbios_xdcruntime_GateThreadSupport_Object__DESC__C 
*          0    00026070    00000020     
                  00026070    00000020     message_dsp_p674.o674 (.const:ti_sysbios_xdcruntime_GateThreadSupport_Object__DESC__C)

.const:xdc_runtime_GateNull_Object__DESC__C 
*          0    00026090    00000020     
                  00026090    00000020     message_dsp_p674.o674 (.const:xdc_runtime_GateNull_Object__DESC__C)

.const:xdc_runtime_HeapStd_Object__DESC__C 
*          0    000260b0    00000020     
                  000260b0    00000020     message_dsp_p674.o674 (.const:xdc_runtime_HeapStd_Object__DESC__C)

.const:xdc_runtime_knl_GateThread_Object__DESC__C 
*          0    000260d0    00000020     
                  000260d0    00000020     message_dsp_p674.o674 (.const:xdc_runtime_knl_GateThread_Object__DESC__C)

.const:ti_sdo_ipc_NameServerRemoteNotify_Module__FXNS__C 
*          0    000260f0    0000001c     
                  000260f0    0000001c     message_dsp_p674.o674 (.const:ti_sdo_ipc_NameServerRemoteNotify_Module__FXNS__C)

.const:ti_sysbios_syncs_SyncSem_Object__PARAMS__C 
*          0    0002610c    0000001c     
                  0002610c    0000001c     message_dsp_p674.o674 (.const:ti_sysbios_syncs_SyncSem_Object__PARAMS__C)

.const:xdc_runtime_HeapStd_Object__PARAMS__C 
*          0    00026128    0000001c     
                  00026128    0000001c     message_dsp_p674.o674 (.const:xdc_runtime_HeapStd_Object__PARAMS__C)

.const:ti_sdo_ipc_GateMP_A_invalidDelete__C 
*          0    00026144    00000004     
                  00026144    00000004     message_dsp_p674.o674 (.const:ti_sdo_ipc_GateMP_A_invalidDelete__C)

[...]
00027304   _xdc_runtime_Gate_Object__count__C
00027308   _xdc_runtime_Gate_Object__heap__C
0002730c   _xdc_runtime_Gate_Object__sizeof__C
00027310   _xdc_runtime_Gate_Object__table__C
00027314   _xdc_runtime_HeapStd_A_invalidAlignment__C
00027318   _xdc_runtime_HeapStd_A_invalidTotalFreeSize__C
0002731c   _xdc_runtime_HeapStd_A_zeroSize__C
00027320   _xdc_runtime_HeapStd_E_noRTSMemory__C
00027324   _xdc_runtime_HeapStd_Module__diagsEnabled__C
00027328   _xdc_runtime_HeapStd_Module__diagsIncluded__C
0002732c   _xdc_runtime_HeapStd_Module__diagsMask__C
00027330   _xdc_runtime_HeapStd_Module__gateObj__C
00027334   _xdc_runtime_HeapStd_Module__gatePrms__C
00027338   _xdc_runtime_HeapStd_Module__loggerFxn0__C
0002733c   _xdc_runtime_HeapStd_Module__loggerFxn1__C
00027340   _xdc_runtime_HeapStd_Module__loggerFxn2__C
00027344   _xdc_runtime_HeapStd_Module__loggerFxn4__C
00027348   _xdc_runtime_HeapStd_Module__loggerFxn8__C
0002734c   _xdc_runtime_HeapStd_Module__loggerObj__C
00027350   _xdc_runtime_HeapStd_Module__startupDoneFxn__C
00027354   _xdc_runtime_HeapStd_Object__count__C
00027358   _xdc_runtime_HeapStd_Object__heap__C
0002735c   _xdc_runtime_HeapStd_Object__sizeof__C
00027360   _xdc_runtime_HeapStd_Object__table__C
00027364   _xdc_runtime_IGateProvider_Interface__BASE__C
00027368   _xdc_runtime_IHeap_Interface__BASE__C
0002736c   _xdc_runtime_IModule_Interface__BASE__C
00027370   _xdc_runtime_ISystemSupport_Interface__BASE__C
00027374   _xdc_runtime_Log_L_construct__C
00027378   _xdc_runtime_Log_L_create__C
0002737c   _xdc_runtime_Log_L_delete__C
00027380   _xdc_runtime_Log_L_destruct__C
00027384   _xdc_runtime_Log_L_error__C
00027388   _xdc_runtime_Log_L_info__C
0002738c   _xdc_runtime_Log_L_warning__C
00027390   _xdc_runtime_Log_Module__diagsEnabled__C
00027394   _xdc_runtime_Log_Module__diagsIncluded__C
00027398   _xdc_runtime_Log_Module__diagsMask__C
0002739c   _xdc_runtime_Log_Module__gateObj__C
000273a0   _xdc_runtime_Log_Module__gatePrms__C
000273a4   _xdc_runtime_Log_Module__loggerFxn0__C
000273a8   _xdc_runtime_Log_Module__loggerFxn1__C
000273ac   _xdc_runtime_Log_Module__loggerFxn2__C
000273b0   _xdc_runtime_Log_Module__loggerFxn4__C
000273b4   _xdc_runtime_Log_Module__loggerFxn8__C
000273b8   _xdc_runtime_Log_Module__loggerObj__C
000273bc   _xdc_runtime_Log_Module__startupDoneFxn__C
000273c0   _xdc_runtime_Log_Object__count__C
000273c4   _xdc_runtime_Log_Object__heap__C
000273c8   _xdc_runtime_Log_Object__sizeof__C
000273cc   _xdc_runtime_Log_Object__table__C
000273d0   _xdc_runtime_Main_Module__diagsEnabled__C
000273d4   _xdc_runtime_Main_Module__diagsIncluded__C
000273d8   _xdc_runtime_Main_Module__diagsMask__C
000273dc   _xdc_runtime_Main_Module__gateObj__C
000273e0   _xdc_runtime_Main_Module__gatePrms__C
000273e4   _xdc_runtime_Main_Module__loggerFxn0__C
000273e8   _xdc_runtime_Main_Module__loggerFxn1__C
000273ec   _xdc_runtime_Main_Module__loggerFxn2__C
000273f0   _xdc_runtime_Main_Module__loggerFxn4__C
000273f4   _xdc_runtime_Main_Module__loggerFxn8__C
000273f8   _xdc_runtime_Main_Module__loggerObj__C
000273fc   _xdc_runtime_Main_Module__startupDoneFxn__C
00027400   _xdc_runtime_Main_Object__count__C
00027404   _xdc_runtime_Main_Object__heap__C
00027408   _xdc_runtime_Main_Object__sizeof__C
0002740c   _xdc_runtime_Main_Object__table__C
00027410   _xdc_runtime_Memory_Module__diagsEnabled__C
00027414   _xdc_runtime_Memory_Module__diagsIncluded__C
00027418   _xdc_runtime_Memory_Module__diagsMask__C
0002741c   _xdc_runtime_Memory_Module__gateObj__C
00027420   _xdc_runtime_Memory_Module__gatePrms__C
00027424   _xdc_runtime_Memory_Module__loggerFxn0__C
00027428   _xdc_runtime_Memory_Module__loggerFxn1__C
0002742c   _xdc_runtime_Memory_Module__loggerFxn2__C
00027430   _xdc_runtime_Memory_Module__loggerFxn4__C
00027434   _xdc_runtime_Memory_Module__loggerFxn8__C
00027438   _xdc_runtime_Memory_Module__loggerObj__C
0002743c   _xdc_runtime_Memory_Module__startupDoneFxn__C
00027440   _xdc_runtime_Memory_Object__count__C
00027444   _xdc_runtime_Memory_Object__heap__C
00027448   _xdc_runtime_Memory_Object__sizeof__C
0002744c   _xdc_runtime_Memory_Object__table__C
00027450   _xdc_runtime_Memory_defaultHeapInstance__C
00027454   _xdc_runtime_Registry_Module__diagsEnabled__C
00027458   _xdc_runtime_Registry_Module__diagsIncluded__C
0002745c   _xdc_runtime_Registry_Module__diagsMask__C
00027460   _xdc_runtime_Registry_Module__gateObj__C
00027464   _xdc_runtime_Registry_Module__gatePrms__C
00027468   _xdc_runtime_Registry_Module__loggerFxn0__C
0002746c   _xdc_runtime_Registry_Module__loggerFxn1__C
00027470   _xdc_runtime_Registry_Module__loggerFxn2__C
00027474   _xdc_runtime_Registry_Module__loggerFxn4__C
00027478   _xdc_runtime_Registry_Module__loggerFxn8__C
0002747c   _xdc_runtime_Registry_Module__loggerObj__C
00027480   _xdc_runtime_Registry_Module__startupDoneFxn__C
00027484   _xdc_runtime_Registry_Object__count__C
00027488   _xdc_runtime_Registry_Object__heap__C
0002748c   _xdc_runtime_Registry_Object__sizeof__C
00027490   _xdc_runtime_Registry_Object__table__C
00027494   _xdc_runtime_Startup_Module__diagsEnabled__C
00027498   _xdc_runtime_Startup_Module__diagsIncluded__C
0002749c   _xdc_runtime_Startup_Module__diagsMask__C
000274a0   _xdc_runtime_Startup_Module__gateObj__C
000274a4   _xdc_runtime_Startup_Module__gatePrms__C
000274a8   _xdc_runtime_Startup_Module__loggerFxn0__C
000274ac   _xdc_runtime_Startup_Module__loggerFxn1__C
000274b0   _xdc_runtime_Startup_Module__loggerFxn2__C
000274b4   _xdc_runtime_Startup_Module__loggerFxn4__C
000274b8   _xdc_runtime_Startup_Module__loggerFxn8__C
000274bc   _xdc_runtime_Startup_Module__loggerObj__C
000274c0   _xdc_runtime_Startup_Module__startupDoneFxn__C
000274c4   _xdc_runtime_Startup_Object__count__C
000274c8   _xdc_runtime_Startup_Object__heap__C
000274cc   _xdc_runtime_Startup_Object__sizeof__C
000274d0   _xdc_runtime_Startup_Object__table__C
000274d4   _xdc_runtime_Startup_execImpl__C
000274d8   _xdc_runtime_Startup_firstFxns__A
000274dc   _xdc_runtime_Startup_maxPasses__C
000274e0   _xdc_runtime_Startup_sfxnRts__C
000274e4   _xdc_runtime_Startup_sfxnTab__C
000274e8   _xdc_runtime_Startup_startModsFxn__C
000274ec   _xdc_runtime_SysStd_Module__diagsEnabled__C
000274f0   _xdc_runtime_SysStd_Module__diagsIncluded__C
000274f4   _xdc_runtime_SysStd_Module__diagsMask__C
000274f8   _xdc_runtime_SysStd_Module__gateObj__C
000274fc   _xdc_runtime_SysStd_Module__gatePrms__C
00027500   _xdc_runtime_SysStd_Module__loggerFxn0__C
00027504   _xdc_runtime_SysStd_Module__loggerFxn1__C
00027508   _xdc_runtime_SysStd_Module__loggerFxn2__C
0002750c   _xdc_runtime_SysStd_Module__loggerFxn4__C
00027510   _xdc_runtime_SysStd_Module__loggerFxn8__C
00027514   _xdc_runtime_SysStd_Module__loggerObj__C
00027518   _xdc_runtime_SysStd_Module__startupDoneFxn__C
0002751c   _xdc_runtime_SysStd_Object__count__C
00027520   _xdc_runtime_SysStd_Object__heap__C
00027524   _xdc_runtime_SysStd_Object__sizeof__C
00027528   _xdc_runtime_SysStd_Object__table__C
0002752c   _xdc_runtime_System_A_cannotFitIntoArg__C
00027530   _xdc_runtime_System_Module__diagsEnabled__C
00027534   _xdc_runtime_System_Module__diagsIncluded__C
00027538   _xdc_runtime_System_Module__diagsMask__C
0002753c   _xdc_runtime_System_Module__gateObj__C
00027540   _xdc_runtime_System_Module__gatePrms__C
00027544   _xdc_runtime_System_Module__loggerFxn0__C
00027548   _xdc_runtime_System_Module__loggerFxn1__C
0002754c   _xdc_runtime_System_Module__loggerFxn2__C
00027550   _xdc_runtime_System_Module__loggerFxn4__C
00027554   _xdc_runtime_System_Module__loggerFxn8__C
00027558   _xdc_runtime_System_Module__loggerObj__C
0002755c   _xdc_runtime_System_Module__startupDoneFxn__C
00027560   _xdc_runtime_System_Object__count__C
00027564   _xdc_runtime_System_Object__heap__C
00027568   _xdc_runtime_System_Object__sizeof__C
0002756c   _xdc_runtime_System_Object__table__C
00027570   _xdc_runtime_System_extendFxn__C
00027574   _xdc_runtime_System_maxAtexitHandlers__C
00027578   _xdc_runtime_Text_Module__diagsEnabled__C
0002757c   _xdc_runtime_Text_Module__diagsIncluded__C
00027580   _xdc_runtime_Text_Module__diagsMask__C
00027584   _xdc_runtime_Text_Module__gateObj__C
00027588   _xdc_runtime_Text_Module__gatePrms__C
0002758c   _xdc_runtime_Text_Module__loggerFxn0__C
00027590   _xdc_runtime_Text_Module__loggerFxn1__C
00027594   _xdc_runtime_Text_Module__loggerFxn2__C
00027598   _xdc_runtime_Text_Module__loggerFxn4__C
0002759c   _xdc_runtime_Text_Module__loggerFxn8__C
000275a0   _xdc_runtime_Text_Module__loggerObj__C
000275a4   _xdc_runtime_Text_Module__startupDoneFxn__C
000275a8   _xdc_runtime_Text_Object__count__C
000275ac   _xdc_runtime_Text_Object__heap__C
000275b0   _xdc_runtime_Text_Object__sizeof__C
000275b4   _xdc_runtime_Text_Object__table__C
000275b8   _xdc_runtime_Text_charTab__C
000275bc   _xdc_runtime_Text_nameEmpty__C
000275c0   _xdc_runtime_Text_nameStatic__C
000275c4   _xdc_runtime_Text_nameUnknown__C
000275c8   _xdc_runtime_Text_nodeTab__C
000275cc   _xdc_runtime_Text_visitRopeFxn2__C
000275d0   _xdc_runtime_Text_visitRopeFxn__C
000275d4   _xdc_runtime_knl_GateThread_Module__diagsEnabled__C
000275d8   _xdc_runtime_knl_GateThread_Module__diagsIncluded__C
000275dc   _xdc_runtime_knl_GateThread_Module__diagsMask__C
000275e0   _xdc_runtime_knl_GateThread_Module__gateObj__C
000275e4   _xdc_runtime_knl_GateThread_Module__gatePrms__C
000275e8   _xdc_runtime_knl_GateThread_Module__loggerFxn0__C
000275ec   _xdc_runtime_knl_GateThread_Module__loggerFxn1__C
000275f0   _xdc_runtime_knl_GateThread_Module__loggerFxn2__C
000275f4   _xdc_runtime_knl_GateThread_Module__loggerFxn4__C
000275f8   _xdc_runtime_knl_GateThread_Module__loggerFxn8__C
000275fc   _xdc_runtime_knl_GateThread_Module__loggerObj__C
00027600   _xdc_runtime_knl_GateThread_Module__startupDoneFxn__C
00027604   _xdc_runtime_knl_GateThread_Object__count__C
00027608   _xdc_runtime_knl_GateThread_Object__heap__C
0002760c   _xdc_runtime_knl_GateThread_Object__sizeof__C
00027610   _xdc_runtime_knl_GateThread_Object__table__C
00027614   _xdc_runtime_knl_ISync_Interface__BASE__C
00027618   _ti_sdo_ipc_GateMP_Module__id__C
0002761c   _ti_sdo_ipc_GateMP_Module__loggerDefined__C
00027620   _ti_sdo_ipc_Ipc_Module__id__C
00027624   _ti_sdo_ipc_Ipc_Module__loggerDefined__C
00027628   _ti_sdo_ipc_Ipc_generateSlaveDataForHost__C
0002762c   _ti_sdo_ipc_ListMP_Module__id__C
00027630   _ti_sdo_ipc_ListMP_Module__loggerDefined__C
00027634   _ti_sdo_ipc_MessageQ_Module__id__C
00027638   _ti_sdo_ipc_MessageQ_Module__loggerDefined__C
0002763c   _ti_sdo_ipc_MessageQ_numHeaps__C
00027640   _ti_sdo_ipc_MessageQ_traceFlag__C
00027644   _ti_sdo_ipc_NameServerRemoteNotify_Module__id__C
00027648   _ti_sdo_ipc_NameServerRemoteNotify_Module__loggerDefined__C
0002764c   _ti_sdo_ipc_Notify_Module__id__C
00027650   _ti_sdo_ipc_Notify_Module__loggerDefined__C
00027654   _ti_sdo_ipc_Notify_numLines__C
00027658   _ti_sdo_ipc_Notify_reservedEvents__C
0002765c   _ti_sdo_ipc_SharedRegion_Module__id__C
00027660   _ti_sdo_ipc_SharedRegion_Module__loggerDefined__C
00027664   _ti_sdo_ipc_SharedRegion_numEntries__C
00027668   _ti_sdo_ipc_SharedRegion_translate__C
0002766c   _ti_sdo_ipc_family_da830_InterruptDsp_Module__id__C
00027670   _ti_sdo_ipc_family_da830_InterruptDsp_Module__loggerDefined__C
00027674   _ti_sdo_ipc_family_da830_NotifySetup_Module__id__C
00027678   _ti_sdo_ipc_family_da830_NotifySetup_Module__loggerDefined__C
0002767c   _ti_sdo_ipc_family_da830_NotifySetup_useSecondLine__C
00027680   _ti_sdo_ipc_gates_GateMPSupportNull_Module__id__C
00027684   _ti_sdo_ipc_gates_GateMPSupportNull_Module__loggerDefined__C
00027688   _ti_sdo_ipc_gates_GatePeterson_Module__id__C
0002768c   _ti_sdo_ipc_gates_GatePeterson_Module__loggerDefined__C
00027690   _ti_sdo_ipc_heaps_HeapBufMP_Module__id__C
00027694   _ti_sdo_ipc_heaps_HeapBufMP_Module__loggerDefined__C
00027698   _ti_sdo_ipc_heaps_HeapBufMP_trackAllocs__C
0002769c   _ti_sdo_ipc_heaps_HeapMemMP_Module__id__C
000276a0   _ti_sdo_ipc_heaps_HeapMemMP_Module__loggerDefined__C
000276a4   _ti_sdo_ipc_notifyDrivers_NotifyDriverShm_Module__id__C
000276a8   _ti_sdo_ipc_notifyDrivers_NotifyDriverShm_Module__loggerDefined__C
000276ac   _ti_sdo_ipc_transports_TransportShmSetup_Module__id__C
000276b0   _ti_sdo_ipc_transports_TransportShmSetup_Module__loggerDefined__C
000276b4   _ti_sdo_ipc_transports_TransportShm_Module__id__C
000276b8   _ti_sdo_ipc_transports_TransportShm_Module__loggerDefined__C
000276bc   _ti_sdo_ipc_transports_TransportShm_notifyEventId__C
000276c0   _ti_sdo_utils_List_Module__id__C
000276c4   _ti_sdo_utils_List_Module__loggerDefined__C
000276c8   _ti_sdo_utils_MultiProc_Module__id__C
000276cc   _ti_sdo_utils_MultiProc_Module__loggerDefined__C
000276d0   _ti_sdo_utils_MultiProc_id__C
000276d4   _ti_sdo_utils_MultiProc_numProcessors__C
000276d8   _ti_sdo_utils_NameServer_Module__id__C
000276dc   _ti_sdo_utils_NameServer_Module__loggerDefined__C
000276e0   _ti_sdo_utils_NameServer_singleProcessor__C
000276e4   _ti_sysbios_BIOS_Module__id__C
000276e8   _ti_sysbios_BIOS_Module__loggerDefined__C
000276ec   _ti_sysbios_BIOS_clockEnabled__C
000276f0   _ti_sysbios_BIOS_swiEnabled__C
000276f4   _ti_sysbios_BIOS_taskEnabled__C
000276f8   _ti_sysbios_family_c62_IntrinsicsSupport_Module__id__C
000276fc   _ti_sysbios_family_c62_IntrinsicsSupport_Module__loggerDefined__C
00027700   _ti_sysbios_family_c62_TaskSupport_Module__id__C
00027704   _ti_sysbios_family_c62_TaskSupport_Module__loggerDefined__C
00027708   _ti_sysbios_family_c64p_Cache_Module__id__C
0002770c   _ti_sysbios_family_c64p_Cache_Module__loggerDefined__C
00027710   _ti_sysbios_family_c64p_Exception_Module__id__C
00027714   _ti_sysbios_family_c64p_Exception_Module__loggerDefined__C
00027718   _ti_sysbios_family_c64p_Exception_enableExternalMPC__C
0002771c   _ti_sysbios_family_c64p_Exception_enablePrint__C
00027720   _ti_sysbios_family_c64p_Hwi_Module__id__C
00027724   _ti_sysbios_family_c64p_Hwi_Module__loggerDefined__C
00027728   _ti_sysbios_family_c64p_Hwi_dispatcherAutoNestingSupport__C
0002772c   _ti_sysbios_family_c64p_Hwi_dispatcherIrpTrackingSupport__C
00027730   _ti_sysbios_family_c64p_Hwi_dispatcherSwiSupport__C
00027734   _ti_sysbios_family_c64p_Hwi_dispatcherTaskSupport__C
00027738   _ti_sysbios_family_c64p_Hwi_enableException__C
0002773c   _ti_sysbios_family_c64p_primus_TimerSupport_Module__id__C
00027740   _ti_sysbios_family_c64p_primus_TimerSupport_Module__loggerDefined__C
00027744   _ti_sysbios_gates_GateAll_Module__id__C
00027748   _ti_sysbios_gates_GateAll_Module__loggerDefined__C
0002774c   _ti_sysbios_gates_GateHwi_Module__id__C
00027750   _ti_sysbios_gates_GateHwi_Module__loggerDefined__C
00027754   _ti_sysbios_gates_GateMutexPri_Module__id__C
00027758   _ti_sysbios_gates_GateMutexPri_Module__loggerDefined__C
0002775c   _ti_sysbios_gates_GateMutex_Module__id__C
00027760   _ti_sysbios_gates_GateMutex_Module__loggerDefined__C
00027764   _ti_sysbios_gates_GateSwi_Module__id__C
00027768   _ti_sysbios_gates_GateSwi_Module__loggerDefined__C
0002776c   _ti_sysbios_hal_Cache_Module__id__C
00027770   _ti_sysbios_hal_Cache_Module__loggerDefined__C
00027774   _ti_sysbios_hal_Hwi_Module__id__C
00027778   _ti_sysbios_hal_Hwi_Module__loggerDefined__C
0002777c   _ti_sysbios_hal_Hwi_dispatcherAutoNestingSupport__C
00027780   _ti_sysbios_hal_Hwi_dispatcherIrpTrackingSupport__C
00027784   _ti_sysbios_hal_Hwi_dispatcherSwiSupport__C
00027788   _ti_sysbios_hal_Hwi_dispatcherTaskSupport__C
0002778c   _ti_sysbios_hal_Timer_Module__id__C
00027790   _ti_sysbios_hal_Timer_Module__loggerDefined__C
00027794   _ti_sysbios_knl_Clock_Module__id__C
00027798   _ti_sysbios_knl_Clock_Module__loggerDefined__C
0002779c   _ti_sysbios_knl_Idle_Module__id__C
000277a0   _ti_sysbios_knl_Idle_Module__loggerDefined__C
000277a4   _ti_sysbios_knl_Intrinsics_Module__id__C
000277a8   _ti_sysbios_knl_Intrinsics_Module__loggerDefined__C
000277ac   _ti_sysbios_knl_Queue_Module__id__C
000277b0   _ti_sysbios_knl_Queue_Module__loggerDefined__C
000277b4   _ti_sysbios_knl_Semaphore_Module__id__C
000277b8   _ti_sysbios_knl_Semaphore_Module__loggerDefined__C
000277bc   _ti_sysbios_knl_Semaphore_supportsEvents__C
000277c0   _ti_sysbios_knl_Swi_Module__id__C
000277c4   _ti_sysbios_knl_Swi_Module__loggerDefined__C
000277c8   _ti_sysbios_knl_Task_Module__id__C
000277cc   _ti_sysbios_knl_Task_Module__loggerDefined__C
000277d0   _ti_sysbios_knl_Task_initStackFlag__C
000277d4   _ti_sysbios_syncs_SyncSem_Module__id__C
000277d8   _ti_sysbios_syncs_SyncSem_Module__loggerDefined__C
000277dc   _ti_sysbios_timers_timer64_Timer_Module__id__C
000277e0   _ti_sysbios_timers_timer64_Timer_Module__loggerDefined__C
000277e4   _ti_sysbios_timers_timer64_Timer_startupNeeded__C
000277e8   _ti_sysbios_xdcruntime_GateThreadSupport_Module__id__C
000277ec   _ti_sysbios_xdcruntime_GateThreadSupport_Module__loggerDefined__C
000277f0   _xdc_runtime_Assert_Module__id__C
000277f4   _xdc_runtime_Assert_Module__loggerDefined__C
000277f8   _xdc_runtime_Core_Module__id__C
000277fc   _xdc_runtime_Core_Module__loggerDefined__C
00027800   _xdc_runtime_Defaults_Module__id__C
00027804   _xdc_runtime_Defaults_Module__loggerDefined__C
00027808   _xdc_runtime_Diags_Module__id__C
0002780c   _xdc_runtime_Diags_Module__loggerDefined__C
00027810   _xdc_runtime_Diags_setMaskEnabled__C
00027814   _xdc_runtime_Error_Module__id__C
00027818   _xdc_runtime_Error_Module__loggerDefined__C
0002781c   _xdc_runtime_Error_maxDepth__C
00027820   _xdc_runtime_GateNull_Module__id__C
00027824   _xdc_runtime_GateNull_Module__loggerDefined__C
00027828   _xdc_runtime_Gate_Module__id__C
0002782c   _xdc_runtime_Gate_Module__loggerDefined__C
00027830   _xdc_runtime_HeapStd_Module__id__C
00027834   _xdc_runtime_HeapStd_Module__loggerDefined__C
00027838   _xdc_runtime_Log_Module__id__C
0002783c   _xdc_runtime_Log_Module__loggerDefined__C
00027840   _xdc_runtime_Main_Module__id__C
00027844   _xdc_runtime_Main_Module__loggerDefined__C
00027848   _xdc_runtime_Memory_Module__id__C
0002784c   _xdc_runtime_Memory_Module__loggerDefined__C
00027850   _xdc_runtime_Registry_Module__id__C
00027854   _xdc_runtime_Registry_Module__loggerDefined__C
00027858   _xdc_runtime_Startup_Module__id__C
0002785c   _xdc_runtime_Startup_Module__loggerDefined__C
00027860   _xdc_runtime_SysStd_Module__id__C
00027864   _xdc_runtime_SysStd_Module__loggerDefined__C
00027868   _xdc_runtime_System_Module__id__C
0002786c   _xdc_runtime_System_Module__loggerDefined__C
00027870   _xdc_runtime_Text_Module__id__C
00027874   _xdc_runtime_Text_Module__loggerDefined__C
00027878   _xdc_runtime_Text_charCnt__C
0002787c   _xdc_runtime_Text_isLoaded__C
00027880   _xdc_runtime_Text_nodeCnt__C
00027884   _xdc_runtime_Text_registryModsLastId__C
00027888   _xdc_runtime_Text_unnamedModsLastId__C
0002788c   _xdc_runtime_knl_GateThread_Module__id__C
00027890   _xdc_runtime_knl_GateThread_Module__loggerDefined__C
UNDEFED    __STACK_SIZE
UNDEFED    ___TI_STACK_SIZE
UNDEFED    ___TI_STATIC_BASE
UNDEFED    ___cinit__
UNDEFED    ___pinit__
UNDEFED    __args_main
UNDEFED    __divlli
UNDEFED    __divu
UNDEFED    __ftable
UNDEFED    __nop
UNDEFED    __register_lock
UNDEFED    __register_unlock
UNDEFED    __remu
UNDEFED    _abort
UNDEFED    _atexit
UNDEFED    _exit
UNDEFED    _fflush
UNDEFED    _free
UNDEFED    _malloc
UNDEFED    _memcpy
UNDEFED    _memset
UNDEFED    _putchar
UNDEFED    _strcmp
UNDEFED    _strlen
UNDEFED    _strncmp
UNDEFED    _strncpy
UNDEFED    _ti_sdo_ipc_family_da830_InterruptDsp_intPost__F
UNDEFED    _tsk1_func
UNDEFED    _xdc_runtime_Startup__EXECFXN__C

[2178 symbols]
