<html>
<body>
<pre>
<h1>µVision Build Log</h1>
<h2>Project:</h2>
C:\Documents and Settings\Administrator\Desktop\course examples\labs\lab1\solution\Hello.uvproj
Project File Date:  10/29/2010

<h2>Output:</h2>
Build target 'LPC2100'
assembling Startup.s...
compiling Retarget.c...
compiling Serial.c...
compiling Hello.c...
linking...
Program Size: Code=1244 RO-data=32 RW-data=4 ZI-data=1164  
".\Obj\Hello.axf" - 0 Error(s), 0 Warning(s).
Build target 'LPC2100'
assembling Startup.s...
compiling Retarget.c...
compiling Serial.c...
compiling Hello.c...
linking...
Program Size: Code=1256 RO-data=32 RW-data=4 ZI-data=1164  
".\Obj\Hello.axf" - 0 Error(s), 0 Warning(s).
