<html>
<body>
<pre>
<h1>µVision Build Log</h1>
<h2>Project:</h2>
C:\Keil\ARM\Boards\Keil\MCBSTM32E\Blinky\Blinky.uvproj
Project File Date:  05/30/2011

<h2>Output:</h2>
Build target 'Simulator'
assembling startup_stm32f10x_hd.s...
compiling system_stm32f10x.c...
compiling Blinky.c...
compiling IRQ.c...
compiling Retarget.c...
compiling Serial.c...
compiling GLCD_16bitIF_STM32.c...
linking...
Program Size: Code=5924 RO-data=6640 RW-data=60 ZI-data=1068  
".\Flash\Blinky.axf" - 0 Error(s), 0 Warning(s).
Build target 'Simulator'
assembling startup_stm32f10x_hd.s...
compiling system_stm32f10x.c...
compiling Blinky.c...
compiling IRQ.c...
compiling Retarget.c...
compiling Serial.c...
compiling GLCD_16bitIF_STM32.c...
linking...
Program Size: Code=5924 RO-data=6640 RW-data=60 ZI-data=1068  
".\Flash\Blinky.axf" - 0 Error(s), 0 Warning(s).
Build target 'Simulator'
assembling startup_stm32f10x_hd.s...
compiling system_stm32f10x.c...
compiling Blinky.c...
compiling IRQ.c...
compiling Retarget.c...
compiling Serial.c...
compiling GLCD_16bitIF_STM32.c...
linking...
Program Size: Code=1928 RO-data=368 RW-data=48 ZI-data=1024  
".\Flash\Blinky.axf" - 0 Error(s), 0 Warning(s).
Build target 'Simulator'
assembling startup_stm32f10x_hd.s...
compiling system_stm32f10x.c...
compiling Blinky.c...
compiling IRQ.c...
compiling Retarget.c...
compiling Serial.c...
compiling GLCD_16bitIF_STM32.c...
linking...
Program Size: Code=1984 RO-data=368 RW-data=48 ZI-data=1024  
".\Flash\Blinky.axf" - 0 Error(s), 0 Warning(s).
Build target 'Simulator'
assembling startup_stm32f10x_hd.s...
compiling system_stm32f10x.c...
compiling Blinky.c...
compiling IRQ.c...
compiling Retarget.c...
compiling Serial.c...
linking...
Program Size: Code=1984 RO-data=368 RW-data=48 ZI-data=1024  
".\Flash\Blinky.axf" - 0 Error(s), 0 Warning(s).
Build target 'Simulator'
assembling startup_stm32f10x_hd.s...
compiling system_stm32f10x.c...
compiling Blinky.c...
compiling IRQ.c...
compiling Retarget.c...
compiling Serial.c...
linking...
Program Size: Code=1956 RO-data=368 RW-data=48 ZI-data=1024  
".\Flash\Blinky.axf" - 0 Error(s), 0 Warning(s).
Build target 'Simulator'
assembling startup_stm32f10x_hd.s...
compiling system_stm32f10x.c...
compiling Blinky.c...
compiling IRQ.c...
compiling Retarget.c...
compiling Serial.c...
linking...
Program Size: Code=1952 RO-data=368 RW-data=48 ZI-data=1024  
".\Flash\Blinky.axf" - 0 Error(s), 0 Warning(s).
Build target 'Simulator'
assembling startup_stm32f10x_hd.s...
compiling system_stm32f10x.c...
compiling Blinky.c...
compiling IRQ.c...
compiling Retarget.c...
compiling Serial.c...
linking...
Program Size: Code=1956 RO-data=368 RW-data=48 ZI-data=1024  
".\Flash\Blinky.axf" - 0 Error(s), 0 Warning(s).
Build target 'Simulator'
assembling startup_stm32f10x_hd.s...
compiling system_stm32f10x.c...
compiling Blinky.c...
compiling IRQ.c...
compiling Retarget.c...
compiling Serial.c...
linking...
Program Size: Code=1964 RO-data=368 RW-data=48 ZI-data=1024  
".\Flash\Blinky.axf" - 0 Error(s), 0 Warning(s).
Build target 'Simulator'
assembling startup_stm32f10x_hd.s...
compiling system_stm32f10x.c...
compiling Blinky.c...
compiling IRQ.c...
compiling Retarget.c...
compiling Serial.c...
linking...
Program Size: Code=1964 RO-data=368 RW-data=48 ZI-data=1024  
".\Flash\Blinky.axf" - 0 Error(s), 0 Warning(s).
Build target 'Simulator'
assembling startup_stm32f10x_hd.s...
compiling system_stm32f10x.c...
compiling Blinky.c...
compiling IRQ.c...
compiling Retarget.c...
compiling Serial.c...
linking...
Program Size: Code=1968 RO-data=368 RW-data=48 ZI-data=1024  
".\Flash\Blinky.axf" - 0 Error(s), 0 Warning(s).
Build target 'Simulator'
assembling startup_stm32f10x_hd.s...
compiling system_stm32f10x.c...
compiling Blinky.c...
compiling IRQ.c...
compiling Retarget.c...
compiling Serial.c...
linking...
Program Size: Code=1964 RO-data=368 RW-data=48 ZI-data=1024  
".\Flash\Blinky.axf" - 0 Error(s), 0 Warning(s).
Build target 'Simulator'
assembling startup_stm32f10x_hd.s...
compiling system_stm32f10x.c...
compiling Blinky.c...
compiling IRQ.c...
compiling Retarget.c...
compiling Serial.c...
linking...
Program Size: Code=1964 RO-data=368 RW-data=48 ZI-data=1024  
".\Flash\Blinky.axf" - 0 Error(s), 0 Warning(s).
